<html>
<body>
<pre>
<h1>礦ision Build Log</h1>
<h2>Tool Versions:</h2>
IDE-Version: μVision V5.30.0.0
Copyright (C) 2020 ARM Ltd and ARM Germany GmbH. All rights reserved.
License Information: 1111 1111, 1111, LIC=8VRJ7-EQNM5-9UF4U-SPCK3-RY7SF-SLVIE
 
Tool Versions:
Toolchain:       MDK-ARM Plus  Version: 5.30.0.0
Toolchain Path:  d:\Keil_v5\ARM\ARMCC\Bin
C Compiler:      Armcc.exe V5.06 update 6 (build 750)
Assembler:       Armasm.exe V5.06 update 6 (build 750)
Linker/Locator:  ArmLink.exe V5.06 update 6 (build 750)
Library Manager: ArmAr.exe V5.06 update 6 (build 750)
Hex Converter:   FromElf.exe V5.06 update 6 (build 750)
CPU DLL:         SARMCM3.DLL V5.30.0.0
Dialog DLL:      DCM.DLL V1.17.3.0
Target DLL:      UL2CM3.DLL V1.163.3.0
Dialog DLL:      TCM.DLL V1.42.0.0
 
<h2>Project:</h2>
E:\001\code_history\mqtt-test_with_confirm_v1\mqtt-test_with_confirm_v0\stm32f4_ucosii_lwip_mqtt-master\USER\Template.Template.uvprojx
Project File Date:  12/15/2020

<h2>Output:</h2>
*** Using Compiler 'V5.06 update 6 (build 750)', folder: 'd:\Keil_v5\ARM\ARMCC\Bin'
Build target 'Target 1'
compiling key.c...
compiling led.c...
..\HARDWARE\LED\led.h(21): warning:  #1295-D: Deprecated declaration FAN_Init - give arg types
  void FAN_Init(); //初始化
..\HARDWARE\LED\led.c: 1 warning, 0 errors
compiling system_stm32f4xx.c...
compiling stm32f4xx_it.c...
compiling timer.c...
..\HARDWARE\TIMER\timer.h(35): warning:  #1295-D: Deprecated declaration TIM1_Int_Init - give arg types
  void TIM1_Int_Init();
../HARDWARE/LED/led.h(21): warning:  #1295-D: Deprecated declaration FAN_Init - give arg types
  void FAN_Init(); //初始化
..\HARDWARE\TIMER\timer.c: 2 warnings, 0 errors
compiling main.c...
../HARDWARE/TIMER/timer.h(35): warning:  #1295-D: Deprecated declaration TIM1_Int_Init - give arg types
  void TIM1_Int_Init();
../HARDWARE/LED/led.h(21): warning:  #1295-D: Deprecated declaration FAN_Init - give arg types
  void FAN_Init(); //初始化
main.c(140): warning:  #177-D: variable "regist_re_buf"  was declared but never referenced
  	char regist_re_buf[50];
main.c(258): warning:  #177-D: variable "cpu_sr"  was declared but never referenced
  	OS_CPU_SR cpu_sr;
main.c(275): warning:  #177-D: variable "cpu_sr"  was declared but never referenced
  	OS_CPU_SR cpu_sr;
main.c(335): warning:  #177-D: variable "cpu_sr"  was declared but never referenced
  	OS_CPU_SR cpu_sr;
main.c(361): warning:  #177-D: variable "cpu_sr"  was declared but never referenced
  				OS_CPU_SR cpu_sr;
main.c(381): warning:  #177-D: variable "cpu_sr"  was declared but never referenced
  				OS_CPU_SR cpu_sr;
main.c: 8 warnings, 0 errors
compiling ds18b20.c...
compiling LAN8720.c...
compiling sram.c...
compiling U2GBK.c...
compiling lcd.c...
compiling text.c...
compiling spi.c...
compiling w25qxx.c...
compiling sccb.c...
compiling fontupd.c...
compiling stmflash.c...
compiling sdio_sdcard.c...
assembling startup_stm32f40_41xxx.s...
compiling sht30.c...
..\HARDWARE\SHT30\sht30.c(46): warning:  #1035-D: single-precision operand implicitly converted to double-precision
  	*fRawHumidity = (float)wRawHumidity / 65535.0 * 100.0;
..\HARDWARE\SHT30\sht30.c(47): warning:  #1035-D: single-precision operand implicitly converted to double-precision
  	*fRawTemperature = (float)wRawTemperature / 65535.0 * 175.0 - 45.0;
..\HARDWARE\SHT30\sht30.c(5): warning:  #177-D: function "SHT3X_StartWriteAccess"  was declared but never referenced
  static u8 SHT3X_StartWriteAccess(void)
..\HARDWARE\SHT30\sht30.c(20): warning:  #177-D: function "SHT3X_StartReadAccess"  was declared but never referenced
  static u8 SHT3X_StartReadAccess(void)
..\HARDWARE\SHT30\sht30.c: 4 warnings, 0 errors
compiling myiic.c...
compiling misc.c...
compiling stm32f4xx_gpio.c...
compiling stm32f4xx_syscfg.c...
compiling stm32f4xx_rcc.c...
compiling stm32f4xx_usart.c...
compiling stm32f4xx_tim.c...
compiling stm32f4xx_fsmc.c...
compiling stm32f4xx_adc.c...
compiling stm32f4xx_spi.c...
compiling stm32f4xx_sdio.c...
compiling stm32f4x7_eth.c...
compiling stm32f4xx_dma.c...
compiling stm32f4xx_dcmi.c...
compiling stm32f4xx_exti.c...
compiling sys.c...
compiling stm32f4xx_flash.c...
compiling usart.c...
compiling delay.c...
compiling usart2.c...
compiling exit.c...
compiling commit.c...
compiling fs.c...
compiling tcp_client.c...
compiling lwip_comm.c...
compiling etharp.c...
compiling httpd.c...
compiling autoip.c...
compiling icmp.c...
compiling httpd_cgi_ssi.c...
..\LWIP\lwip_app\web_server_demo\httpd_cgi_ssi.c(83): warning:  #68-D: integer conversion resulted in a change of sign
          return -1;
..\LWIP\lwip_app\web_server_demo\httpd_cgi_ssi.c: 1 warning, 0 errors
compiling ethernetif.c...
compiling igmp.c...
compiling inet.c...
compiling inet_chksum.c...
compiling ip_addr.c...
compiling ip.c...
compiling ip_frag.c...
compiling def.c...
compiling init.c...
compiling netif.c...
compiling dns.c...
compiling memp.c...
compiling dhcp.c...
compiling pbuf.c...
compiling stats.c...
compiling raw.c...
compiling tcp.c...
compiling tcp_out.c...
..\LWIP\lwip-1.4.1\src\core\tcp_out.c(845): warning:  #550-D: variable "tcphdr"  was set but never used
    struct tcp_hdr *tcphdr;
..\LWIP\lwip-1.4.1\src\core\tcp_out.c(1367): warning:  #550-D: variable "tcphdr"  was set but never used
    struct tcp_hdr *tcphdr;
..\LWIP\lwip-1.4.1\src\core\tcp_out.c: 2 warnings, 0 errors
compiling tcp_in.c...
compiling timers.c...
compiling mem.c...
compiling sys_arch.c...
compiling udp.c...
compiling api_lib.c...
compiling api_msg.c...
compiling netifapi.c...
compiling err.c...
compiling netbuf.c...
compiling tcpip.c...
compiling netdb.c...
compiling sockets.c...
compiling os_mutex.c...
compiling os_mbox.c...
compiling os_q.c...
compiling os_flag.c...
compiling os_mem.c...
compiling os_core.c...
assembling os_cpu_a.asm...
compiling os_sem.c...
compiling malloc.c...
compiling os_cpu_c.c...
compiling os_time.c...
compiling os_tmr.c...
compiling os_task.c...
compiling MQTTConnectServer.c...
compiling MQTTDeserializePublish.c...
compiling MQTTFormat.c...
compiling MQTTConnectClient.c...
compiling MQTTPacket.c...
compiling MQTTSubscribeServer.c...
compiling MQTTUnsubscribeServer.c...
compiling MQTTUnsubscribeClient.c...
compiling MQTTSerializePublish.c...
compiling MQTTSubscribeClient.c...
compiling hmac_sha1.c...
compiling sha1.c...
compiling mqtt_app.c...
../HARDWARE/LED/led.h(21): warning:  #1295-D: Deprecated declaration FAN_Init - give arg types
  void FAN_Init(); //初始化
..\mqtt\app\mqtt_app.c(516): warning:  #111-D: statement is unreachable
  	transport_close(mysock);
..\mqtt\app\mqtt_app.c(65): warning:  #177-D: variable "cpu_sr"  was declared but never referenced
  	OS_CPU_SR cpu_sr=0;
..\mqtt\app\mqtt_app.c(74): warning:  #177-D: variable "sjtime"  was declared but never referenced
  	int sjtime=0;
..\mqtt\app\mqtt_app.c(93): warning:  #177-D: variable "json"  was declared but never referenced
  	cJSON *json ,*json_command,*json_position,*json_state;
..\mqtt\app\mqtt_app.c(93): warning:  #177-D: variable "json_command"  was declared but never referenced
  	cJSON *json ,*json_command,*json_position,*json_state;
..\mqtt\app\mqtt_app.c(93): warning:  #177-D: variable "json_position"  was declared but never referenced
  	cJSON *json ,*json_command,*json_position,*json_state;
..\mqtt\app\mqtt_app.c(93): warning:  #177-D: variable "json_state"  was declared but never referenced
  	cJSON *json ,*json_command,*json_position,*json_state;
..\mqtt\app\mqtt_app.c(94): warning:  #177-D: variable "json_reset"  was declared but never referenced
  	cJSON *json_reset;
..\mqtt\app\mqtt_app.c(95): warning:  #177-D: variable "json_init"  was declared but never referenced
  	cJSON *json_init,*json_devicename,*json_devicevalue;
..\mqtt\app\mqtt_app.c(95): warning:  #177-D: variable "json_devicename"  was declared but never referenced
  	cJSON *json_init,*json_devicename,*json_devicevalue;
..\mqtt\app\mqtt_app.c(95): warning:  #177-D: variable "json_devicevalue"  was declared but never referenced
  	cJSON *json_init,*json_devicename,*json_devicevalue;
..\mqtt\app\mqtt_app.c(557): warning:  #167-D: argument of type "const char *" is incompatible with parameter of type "const uint8_t *"
  	hmac_sha1(device_secret, strlen(device_secret), content, strlen(content), buf, &len);
..\mqtt\app\mqtt_app.c(557): warning:  #167-D: argument of type "const char *" is incompatible with parameter of type "const uint8_t *"
  	hmac_sha1(device_secret, strlen(device_secret), content, strlen(content), buf, &len);
..\mqtt\app\mqtt_app.c(557): warning:  #167-D: argument of type "char *" is incompatible with parameter of type "uint8_t *"
  	hmac_sha1(device_secret, strlen(device_secret), content, strlen(content), buf, &len);
..\mqtt\app\mqtt_app.c(557): warning:  #167-D: argument of type "int *" is incompatible with parameter of type "size_t *"
  	hmac_sha1(device_secret, strlen(device_secret), content, strlen(content), buf, &len);
..\mqtt\app\mqtt_app.c(558): warning:  #167-D: argument of type "char *" is incompatible with parameter of type "uint8_t *"
  	HexToStr(password, buf, len);
..\mqtt\app\mqtt_app.c(558): warning:  #167-D: argument of type "char *" is incompatible with parameter of type "uint8_t *"
  	HexToStr(password, buf, len);
..\mqtt\app\mqtt_app.c: 18 warnings, 0 errors
compiling exfuns.c...
compiling fattester.c...
compiling transport.c...
..\mqtt\transport\transport.c(240): warning:  #550-D: variable "tv"  was set but never used
  	static struct  timeval tv;
..\mqtt\transport\transport.c(242): warning:  #177-D: variable "readset"  was declared but never referenced
  	fd_set readset;
..\mqtt\transport\transport.c(243): warning:  #177-D: variable "writeset"  was declared but never referenced
  	fd_set writeset;
..\mqtt\transport\transport.c: 3 warnings, 0 errors
compiling cJSON.c...
compiling mycc936.c...
compiling ff.c...
compiling diskio.c...
compiling usmart_config.c...
compiling usmart.c...
compiling usmart_str.c...
compiling bmp.c...
compiling gif.c...
compiling piclib.c...
compiling tjpgd.c...
linking...
Program Size: Code=170448 RO-data=56980 RW-data=1308 ZI-data=387460  
".\Template.Template_Objects\Template.axf" - 0 Error(s), 39 Warning(s).

<h2>Software Packages used:</h2>

Package Vendor: Keil
                http://www.keil.com/pack/Keil.STM32F4xx_DFP.1.0.8.pack
                Keil.STM32F4xx_DFP.1.0.8
                STMicroelectronics STM32F4 Series Device Support, Drivers and Examples

<h2>Collection of Component include folders:</h2>
  .\RTE\_Target_1
  D:\Keil_v5\ARM\PACK\Keil\STM32F4xx_DFP\1.0.8\Device\Include

<h2>Collection of Component Files used:</h2>
Build Time Elapsed:  00:00:23
</pre>
</body>
</html>
