Component: ARM Compiler 5.06 update 6 (build 750) Tool: armlink [4d35ed]

==============================================================================

Section Cross References

    main.o(.text) refers to _printf_percent.o(.ARM.Collect$$_printf_percent$$00000000) for _printf_percent
    main.o(.text) refers to _printf_d.o(.ARM.Collect$$_printf_percent$$00000009) for _printf_d
    main.o(.text) refers to _printf_dec.o(.text) for _printf_int_dec
    main.o(.text) refers to _printf_f.o(.ARM.Collect$$_printf_percent$$00000003) for _printf_f
    main.o(.text) refers to _printf_s.o(.ARM.Collect$$_printf_percent$$00000014) for _printf_s
    main.o(.text) refers to printf1.o(x$fpl$printf1) for _printf_fp_dec
    main.o(.text) refers to _printf_str.o(.text) for _printf_str
    main.o(.text) refers to __2printf.o(.text) for __2printf
    main.o(.text) refers to os_mbox.o(.text) for OSMboxPend
    main.o(.text) refers to strstr.o(.text) for strstr
    main.o(.text) refers to rt_memcpy_v6.o(.text) for __aeabi_memcpy
    main.o(.text) refers to rt_memclr.o(.text) for __aeabi_memclr
    main.o(.text) refers to os_time.o(.text) for OSTimeDlyHMSM
    main.o(.text) refers to stm32f4xx_usart.o(.text) for USART_ITConfig
    main.o(.text) refers to commit.o(.text) for Get_Gps
    main.o(.text) refers to __2sprintf.o(.text) for __2sprintf
    main.o(.text) refers to f2d.o(x$fpl$f2d) for __aeabi_f2d
    main.o(.text) refers to os_task.o(.text) for OSTaskSuspend
    main.o(.text) refers to delay.o(.text) for delay_ms
    main.o(.text) refers to sht30.o(.text) for ReadSht3xMeasure
    main.o(.text) refers to cjson.o(.text) for cJSON_Version
    main.o(.text) refers to os_sem.o(.text) for OSSemPend
    main.o(.text) refers to mqtt_app.o(.text) for mqtt_thread
    main.o(.text) refers to httpd.o(.text) for httpd_init
    main.o(.text) refers to os_core.o(.text) for OSStatInit
    main.o(.text) refers to os_cpu_a.o(.text) for OS_CPU_SR_Save
    main.o(.text) refers to lwip_comm.o(.text) for lwip_comm_dhcp_creat
    main.o(.text) refers to misc.o(.text) for NVIC_PriorityGroupConfig
    main.o(.text) refers to usart.o(.text) for uart_init
    main.o(.text) refers to usart2.o(.text) for usart3_init
    main.o(.text) refers to w25qxx.o(.text) for W25QXX_Init
    main.o(.text) refers to myiic.o(.text) for IIC_Init
    main.o(.text) refers to led.o(.text) for FAN_Init
    main.o(.text) refers to exit.o(.text) for EXTIX_Init
    main.o(.text) refers to timer.o(.text) for TIM1_Int_Init
    main.o(.text) refers to sram.o(.text) for FSMC_SRAM_Init
    main.o(.text) refers to malloc.o(.text) for mymem_init
    main.o(.text) refers to commit.o(.bss) for Save_Data
    main.o(.text) refers to main.o(.data) for .data
    main.o(.text) refers to usart2.o(.data) for USART3_RX_STA
    main.o(.text) refers to main.o(.bss) for .bss
    main.o(.text) refers to usart2.o(.bss) for USART3_RX_BUF
    main.o(.text) refers to commit.o(.data) for sec
    main.o(.text) refers to mqtt_app.o(.data) for mode
    main.o(.text) refers to main.o(.conststring) for .conststring
    main.o(.text) refers to timer.o(.data) for TIM1CH4_CAPTURE_STA
    main.o(.text) refers to lwip_comm.o(.bss) for lwipdev
    main.o(.text) refers to strlen.o(.text) for strlen
    main.o(.text) refers to tcp_client.o(.text) for tcp_client_init
    system_stm32f4xx.o(.text) refers to system_stm32f4xx.o(.data) for .data
    key.o(.text) refers to stm32f4xx_rcc.o(.text) for RCC_AHB1PeriphClockCmd
    key.o(.text) refers to stm32f4xx_gpio.o(.text) for GPIO_Init
    key.o(.text) refers to delay.o(.text) for delay_ms
    key.o(.text) refers to key.o(.data) for .data
    led.o(.text) refers to stm32f4xx_rcc.o(.text) for RCC_AHB1PeriphClockCmd
    led.o(.text) refers to stm32f4xx_gpio.o(.text) for GPIO_Init
    timer.o(.text) refers to _printf_percent.o(.ARM.Collect$$_printf_percent$$00000000) for _printf_percent
    timer.o(.text) refers to _printf_d.o(.ARM.Collect$$_printf_percent$$00000009) for _printf_d
    timer.o(.text) refers to _printf_dec.o(.text) for _printf_int_dec
    timer.o(.text) refers to stm32f4xx_rcc.o(.text) for RCC_APB2PeriphClockCmd
    timer.o(.text) refers to stm32f4xx_gpio.o(.text) for GPIO_Init
    timer.o(.text) refers to stm32f4xx_tim.o(.text) for TIM_TimeBaseInit
    timer.o(.text) refers to misc.o(.text) for NVIC_PriorityGroupConfig
    timer.o(.text) refers to os_core.o(.text) for OSIntEnter
    timer.o(.text) refers to __2printf.o(.text) for __2printf
    timer.o(.text) refers to timer.o(.data) for .data
    lcd.o(.text) refers to _printf_percent.o(.ARM.Collect$$_printf_percent$$00000000) for _printf_percent
    lcd.o(.text) refers to _printf_x.o(.ARM.Collect$$_printf_percent$$0000000C) for _printf_x
    lcd.o(.text) refers to _printf_hex_int.o(.text) for _printf_longlong_hex
    lcd.o(.text) refers to delay.o(.text) for delay_us
    lcd.o(.text) refers to lcd.o(.bss) for .bss
    lcd.o(.text) refers to dflt_clz.o(x$fpl$dfltu) for __aeabi_ui2d
[...]
    _printf_char_file                        0x080270e5   Thumb Code    32  _printf_char_file.o(.text)
    _scanf_really_real                       0x08027355   Thumb Code   684  scanf_fp.o(.text)
    __vfscanf_char                           0x0802760d   Thumb Code    24  scanf_char.o(.text)
    _sgetc                                   0x0802762d   Thumb Code    30  _sgetc.o(.text)
    _sbackspace                              0x0802764b   Thumb Code    34  _sgetc.o(.text)
    __strtod_int                             0x080276a9   Thumb Code    90  strtod.o(.text)
    strtol                                   0x08027711   Thumb Code   112  strtol.o(.text)
    __user_libspace                          0x08027781   Thumb Code     8  libspace.o(.text)
    __user_perproc_libspace                  0x08027781   Thumb Code     0  libspace.o(.text)
    __user_perthread_libspace                0x08027781   Thumb Code     0  libspace.o(.text)
    _ll_udiv10                               0x08027789   Thumb Code   138  lludiv10.o(.text)
    isspace                                  0x08027813   Thumb Code    18  isspace.o(.text)
    _printf_fp_infnan                        0x08027825   Thumb Code   112  _printf_fp_infnan.o(.text)
    __vfscanf                                0x080278a5   Thumb Code   878  _scanf.o(.text)
    _strtoul                                 0x08027c19   Thumb Code   158  _strtoul.o(.text)
    _btod_etento                             0x08027cb9   Thumb Code   224  bigflt0.o(.text)
    ferror                                   0x08027d9d   Thumb Code     8  ferror.o(.text)
    __user_setup_stackheap                   0x08027da5   Thumb Code    74  sys_stackheap_outer.o(.text)
    __read_errno                             0x08027def   Thumb Code    10  _rserrno.o(.text)
    __set_errno                              0x08027df9   Thumb Code    12  _rserrno.o(.text)
    _chval                                   0x08027e05   Thumb Code    28  _chval.o(.text)
    _scanf_really_hex_real                   0x08027e21   Thumb Code   786  scanf_hexfp.o(.text)
    _scanf_really_infnan                     0x08028141   Thumb Code   292  scanf_infnan.o(.text)
    exit                                     0x08028275   Thumb Code    18  exit.o(.text)
    __aeabi_llsl                             0x08028287   Thumb Code     0  llshl.o(.text)
    _ll_shift_l                              0x08028287   Thumb Code    38  llshl.o(.text)
    _btod_d2e                                0x080282ad   Thumb Code    62  btod.o(CL$$btod_d2e)
    _d2e_denorm_low                          0x080282eb   Thumb Code    70  btod.o(CL$$btod_d2e_denorm_low)
    _d2e_norm_op1                            0x08028331   Thumb Code    96  btod.o(CL$$btod_d2e_norm_op1)
    __btod_div_common                        0x08028391   Thumb Code   696  btod.o(CL$$btod_div_common)
    _e2d                                     0x080286c9   Thumb Code   122  btod.o(CL$$btod_e2d)
    _e2e                                     0x0802874d   Thumb Code   220  btod.o(CL$$btod_e2e)
    _btod_ediv                               0x08028829   Thumb Code    42  btod.o(CL$$btod_ediv)
    _btod_edivd                              0x08028853   Thumb Code    42  btod.o(CL$$btod_edivd)
    _btod_emul                               0x0802887d   Thumb Code    42  btod.o(CL$$btod_emul)
    _btod_emuld                              0x080288a7   Thumb Code    42  btod.o(CL$$btod_emuld)
    __btod_mult_common                       0x080288d1   Thumb Code   580  btod.o(CL$$btod_mult_common)
    __ARM_fpclassify                         0x08028b15   Thumb Code    48  fpclassify.o(i.__ARM_fpclassify)
    __hardfp___mathlib_tofloat               0x08028b49   Thumb Code   232  narrow.o(i.__hardfp___mathlib_tofloat)
    __hardfp_ldexp                           0x08028c41   Thumb Code   200  ldexp.o(i.__hardfp_ldexp)
    __hardfp_strtod                          0x08028d11   Thumb Code    30  strtod.o(i.__hardfp_strtod)
    __mathlib_dbl_overflow                   0x08028d39   Thumb Code    24  dunder.o(i.__mathlib_dbl_overflow)
    __mathlib_dbl_underflow                  0x08028d59   Thumb Code    24  dunder.o(i.__mathlib_dbl_underflow)
    __mathlib_narrow                         0x08028d79   Thumb Code    18  narrow.o(i.__mathlib_narrow)
    __support_ldexp                          0x08028d8b   Thumb Code    20  ldexp.o(i.__support_ldexp)
    _is_digit                                0x08028d9f   Thumb Code    14  __printf_wp.o(i._is_digit)
    frexp                                    0x08028db1   Thumb Code   118  frexp.o(i.frexp)
    _get_lc_ctype                            0x08028e3d   Thumb Code    44  lc_ctype_c.o(locale$$code)
    _get_lc_numeric                          0x08028e69   Thumb Code    44  lc_numeric_c.o(locale$$code)
    __aeabi_d2f                              0x08028e95   Thumb Code     0  d2f.o(x$fpl$d2f)
    _d2f                                     0x08028e95   Thumb Code    98  d2f.o(x$fpl$d2f)
    __aeabi_dadd                             0x08028ef9   Thumb Code     0  daddsub_clz.o(x$fpl$dadd)
    _dadd                                    0x08028ef9   Thumb Code   332  daddsub_clz.o(x$fpl$dadd)
    __fpl_dcheck_NaN1                        0x08029049   Thumb Code    10  dcheck1.o(x$fpl$dcheck1)
    __fpl_dcmp_Inf                           0x08029059   Thumb Code    24  dcmpi.o(x$fpl$dcmpinf)
    __aeabi_ddiv                             0x08029071   Thumb Code     0  ddiv.o(x$fpl$ddiv)
    _ddiv                                    0x08029071   Thumb Code   552  ddiv.o(x$fpl$ddiv)
    __aeabi_cdcmpeq                          0x08029321   Thumb Code     0  deqf.o(x$fpl$deqf)
    _dcmpeq                                  0x08029321   Thumb Code   120  deqf.o(x$fpl$deqf)
    __aeabi_d2iz                             0x08029399   Thumb Code     0  dfix.o(x$fpl$dfix)
    _dfix                                    0x08029399   Thumb Code    94  dfix.o(x$fpl$dfix)
    __aeabi_d2uiz                            0x080293f9   Thumb Code     0  dfixu.o(x$fpl$dfixu)
    _dfixu                                   0x080293f9   Thumb Code    90  dfixu.o(x$fpl$dfixu)
    __aeabi_i2d                              0x08029453   Thumb Code     0  dflt_clz.o(x$fpl$dflt)
    _dflt                                    0x08029453   Thumb Code    46  dflt_clz.o(x$fpl$dflt)
    __aeabi_ui2d                             0x08029481   Thumb Code     0  dflt_clz.o(x$fpl$dfltu)
    _dfltu                                   0x08029481   Thumb Code    38  dflt_clz.o(x$fpl$dfltu)
    __aeabi_cdcmple                          0x080294a9   Thumb Code     0  dleqf.o(x$fpl$dleqf)
    _dcmple                                  0x080294a9   Thumb Code   120  dleqf.o(x$fpl$dleqf)
    __fpl_dcmple_InfNaN                      0x0802950b   Thumb Code     0  dleqf.o(x$fpl$dleqf)
    __aeabi_dmul                             0x08029521   Thumb Code     0  dmul.o(x$fpl$dmul)
    _dmul                                    0x08029521   Thumb Code   332  dmul.o(x$fpl$dmul)
    __fpl_dnaninf                            0x08029675   Thumb Code   156  dnaninf.o(x$fpl$dnaninf)
    __fpl_dretinf                            0x08029711   Thumb Code    12  dretinf.o(x$fpl$dretinf)
    __aeabi_cdrcmple                         0x0802971d   Thumb Code     0  drleqf.o(x$fpl$drleqf)
    _drcmple                                 0x0802971d   Thumb Code   108  drleqf.o(x$fpl$drleqf)
    __aeabi_dsub                             0x08029789   Thumb Code     0  daddsub_clz.o(x$fpl$dsub)
    _dsub                                    0x08029789   Thumb Code   464  daddsub_clz.o(x$fpl$dsub)
    __aeabi_f2d                              0x0802995d   Thumb Code     0  f2d.o(x$fpl$f2d)
    _f2d                                     0x0802995d   Thumb Code    86  f2d.o(x$fpl$f2d)
    __fpl_fnaninf                            0x080299b3   Thumb Code   140  fnaninf.o(x$fpl$fnaninf)
    _fp_init                                 0x08029a3f   Thumb Code    10  fpinit.o(x$fpl$fpinit)
    __fplib_config_fpu_vfp                   0x08029a47   Thumb Code     0  fpinit.o(x$fpl$fpinit)
    __fplib_config_pureend_doubles           0x08029a47   Thumb Code     0  fpinit.o(x$fpl$fpinit)
    __fpl_fretinf                            0x08029a49   Thumb Code    10  fretinf.o(x$fpl$fretinf)
    __ieee_status                            0x08029a53   Thumb Code     6  istatus.o(x$fpl$ieeestatus)
    _printf_fp_dec                           0x08029a59   Thumb Code     4  printf1.o(x$fpl$printf1)
    __fpl_return_NaN                         0x08029a5d   Thumb Code   100  retnan.o(x$fpl$retnan)
    __ARM_scalbn                             0x08029ac1   Thumb Code    92  scalbn.o(x$fpl$scalbn)
    _scanf_real                              0x08029b1d   Thumb Code     4  scanf1.o(x$fpl$scanf1)
    _scanf_hex_real                          0x08029b21   Thumb Code     4  scanf2.o(x$fpl$scanf2)
    _scanf_infnan                            0x08029b25   Thumb Code     4  scanf2.o(x$fpl$scanf2)
    __fpl_cmpreturn                          0x08029b29   Thumb Code    48  trapv.o(x$fpl$trapveneer)
    __I$use$fp                               0x08029b58   Number         0  usenofp.o(x$fpl$usenofp)
    asc2_1206                                0x08029b58   Data        1140  lcd.o(.constdata)
    asc2_1608                                0x08029fcc   Data        1520  lcd.o(.constdata)
    asc2_2412                                0x0802a5bc   Data        3420  lcd.o(.constdata)
    FSMC_DefaultTimingStruct                 0x0802b318   Data          28  stm32f4xx_fsmc.o(.constdata)
    file__image_logo_png                     0x08036580   Data          20  fs.o(.constdata)
    file__image_success_jpg                  0x08036594   Data          20  fs.o(.constdata)
    file__LYDX_01_INIT_shtml                 0x080365a8   Data          20  fs.o(.constdata)
    file__success_shtml                      0x080365bc   Data          20  fs.o(.constdata)
    g_psDefaultFilenames                     0x080365d0   Data          40  httpd.o(.constdata)
    ethbroadcast                             0x08036600   Data           6  etharp.o(.constdata)
    ethzero                                  0x08036606   Data           6  etharp.o(.constdata)
    ip_addr_any                              0x0803660c   Data           4  ip_addr.o(.constdata)
    ip_addr_broadcast                        0x08036610   Data           4  ip_addr.o(.constdata)
    tcp_persist_backoff                      0x08036650   Data           7  tcp.o(.constdata)
    tcp_state_str                            0x08036658   Data          44  tcp.o(.constdata)
    tcp_backoff                              0x08036684   Data          13  tcp.o(.constdata)
    tcp_pcb_lists                            0x08036694   Data          16  tcp.o(.constdata)
    pvNullPointer                            0x080366a4   Data           4  sys_arch.o(.constdata)
    OSUnMapTbl                               0x080366e8   Data         256  os_core.o(.constdata)
    memtblsize                               0x080367e8   Data          12  malloc.o(.constdata)
    memblksize                               0x080367f4   Data          12  malloc.o(.constdata)
    memsize                                  0x08036800   Data          12  malloc.o(.constdata)
    _aInterlaceOffset                        0x08036c5e   Data           4  gif.o(.constdata)
    _aInterlaceYPos                          0x08036c62   Data           4  gif.o(.constdata)
    _aMaskTbl                                0x08036c66   Data          32  gif.o(.constdata)
    Region$$Table$$Base                      0x08037708   Number         0  anon$$obj.o(Region$$Table)
    Region$$Table$$Limit                     0x08037728   Number         0  anon$$obj.o(Region$$Table)
    __aeabi_HUGE_VAL                         0x08037728   Data           0  fpconst.o(c$$dinf)
    __aeabi_HUGE_VALL                        0x08037728   Data           0  fpconst.o(c$$dinf)
    __aeabi_INFINITY                         0x08037728   Data           0  fpconst.o(c$$dinf)
    __dInf                                   0x08037728   Data           0  fpconst.o(c$$dinf)
    __huge_val                               0x08037728   Data           0  fpconst.o(c$$dinf)
    __dbl_max                                0x08037730   Data           0  fpconst.o(c$$dmax)
    __ctype                                  0x08037745   Data           0  lc_ctype_c.o(locale$$data)
    mem3base                                 0x10000000   Data       51200  malloc.o(.ARM.__AT_0x10000000)
    mem3mapbase                              0x1000c800   Data        3200  malloc.o(.ARM.__AT_0x1000C800)
    fan_warn                                 0x20000000   Data           1  main.o(.data)
    sonboardloadover                         0x20000001   Data           1  main.o(.data)
    regist_msg_ptr                           0x20000004   Data           4  main.o(.data)
    box_msg_ptr                              0x20000008   Data           4  main.o(.data)
    BOX_TIMING_PTR                           0x2000000c   Data           4  main.o(.data)
    temperature                              0x20000010   Data           4  main.o(.data)
    humidity                                 0x20000014   Data           4  main.o(.data)
    buf2                                     0x20000018   Data           4  main.o(.data)
    buf3                                     0x2000001c   Data           4  main.o(.data)
    ss                                       0x20000020   Data           4  main.o(.data)
    SystemCoreClock                          0x20000024   Data           4  system_stm32f4xx.o(.data)
    AHBPrescTable                            0x20000028   Data          16  system_stm32f4xx.o(.data)
    TIM1CH4_CAPTURE_STA                      0x2000003a   Data           1  timer.o(.data)
    TIM1CH4_CAPTURE_VAL                      0x2000003c   Data           2  timer.o(.data)
    POINT_COLOR                              0x2000003e   Data           2  lcd.o(.data)
    BACK_COLOR                               0x20000040   Data           2  lcd.o(.data)
    DMARxDscrTab                             0x20000044   Data           4  lan8720.o(.data)
    DMATxDscrTab                             0x20000048   Data           4  lan8720.o(.data)
    Rx_Buff                                  0x2000004c   Data           4  lan8720.o(.data)
    Tx_Buff                                  0x20000050   Data           4  lan8720.o(.data)
    W25QXX_TYPE                              0x20000054   Data           2  w25qxx.o(.data)
    TransferError                            0x2000005b   Data           1  sdio_sdcard.o(.data)
    TransferEnd                              0x2000005c   Data           1  sdio_sdcard.o(.data)
    tempbuff                                 0x20000064   Data           4  sdio_sdcard.o(.data)
    DMATxDescToSet                           0x20000078   Data           4  stm32f4x7_eth.o(.data)
    DMARxDescToGet                           0x2000007c   Data           4  stm32f4x7_eth.o(.data)
    DMA_RX_FRAME_infos                       0x20000080   Data           4  stm32f4x7_eth.o(.data)
    USART_RX_STA                             0x20000088   Data           2  usart.o(.data)
    __stdout                                 0x2000008c   Data           4  usart.o(.data)
    door_flag                                0x20000090   Data           1  exit.o(.data)
    point1                                   0x20000094   Data           2  commit.o(.data)
    year                                     0x20000098   Data           4  commit.o(.data)
    mouth                                    0x2000009c   Data           4  commit.o(.data)
    date                                     0x200000a0   Data           4  commit.o(.data)
    hour                                     0x200000a4   Data           4  commit.o(.data)
    min                                      0x200000a8   Data           4  commit.o(.data)
    sec                                      0x200000ac   Data           4  commit.o(.data)
    USART3_RX_STA                            0x200000b0   Data           2  usart2.o(.data)
    delayTime                                0x200000b4   Data           4  usart2.o(.data)
    TCPIP_THREAD_TASK_STK                    0x200000b8   Data           4  lwip_comm.o(.data)
    LWIP_DHCP_TASK_STK                       0x200000bc   Data           4  lwip_comm.o(.data)
    tcp_clientconn                           0x200000cc   Data           4  tcp_client.o(.data)
    root                                     0x200000d0   Data           4  tcp_client.o(.data)
    sendbuf                                  0x200000d4   Data           4  tcp_client.o(.data)
    g_pCGIs                                  0x200000d8   Data           4  httpd.o(.data)
    g_iNumCGIs                               0x200000dc   Data           4  httpd.o(.data)
    DevicePower_buf                          0x200000e0   Data           4  httpd_cgi_ssi.o(.data)
    current_netif                            0x200000ec   Data           4  ip.o(.data)
    current_header                           0x200000f0   Data           4  ip.o(.data)
    current_iphdr_src                        0x200000f4   Data           4  ip.o(.data)
    current_iphdr_dest                       0x200000f8   Data           4  ip.o(.data)
    memp_memory                              0x2000011c   Data           4  memp.o(.data)
    netif_list                               0x20000124   Data           4  netif.o(.data)
    netif_default                            0x20000128   Data           4  netif.o(.data)
    tcp_active_pcbs_changed                  0x20000130   Data           1  tcp.o(.data)
    tcp_ticks                                0x2000013c   Data           4  tcp.o(.data)
    tcp_bound_pcbs                           0x20000140   Data           4  tcp.o(.data)
    tcp_listen_pcbs                          0x20000144   Data           4  tcp.o(.data)
    tcp_active_pcbs                          0x20000148   Data           4  tcp.o(.data)
    tcp_tw_pcbs                              0x2000014c   Data           4  tcp.o(.data)
    tcp_tmp_pcb                              0x20000150   Data           4  tcp.o(.data)
    tcp_input_pcb                            0x2000016c   Data           4  tcp_in.o(.data)
    udp_pcbs                                 0x2000017c   Data           4  udp.o(.data)
    ram_heap                                 0x20000180   Data           4  mem.o(.data)
    h_errno                                  0x2000019c   Data           4  netdb.o(.data)
    OSCPUUsage                               0x200001bc   Data           1  os_core.o(.data)
    OSStatRdy                                0x200001bd   Data           1  os_core.o(.data)
    OSIntNesting                             0x200001be   Data           1  os_core.o(.data)
    OSLockNesting                            0x200001bf   Data           1  os_core.o(.data)
    OSPrioCur                                0x200001c0   Data           1  os_core.o(.data)
    OSPrioHighRdy                            0x200001c1   Data           1  os_core.o(.data)
    OSRdyGrp                                 0x200001c2   Data           1  os_core.o(.data)
    OSRunning                                0x200001c3   Data           1  os_core.o(.data)
    OSTaskCtr                                0x200001c4   Data           1  os_core.o(.data)
    OSTickStepState                          0x200001c5   Data           1  os_core.o(.data)
    OSCtxSwCtr                               0x200001c8   Data           4  os_core.o(.data)
    OSEventFreeList                          0x200001cc   Data           4  os_core.o(.data)
    OSIdleCtrMax                             0x200001d0   Data           4  os_core.o(.data)
    OSIdleCtrRun                             0x200001d4   Data           4  os_core.o(.data)
    OSIdleCtr                                0x200001d8   Data           4  os_core.o(.data)
    OSTCBCur                                 0x200001dc   Data           4  os_core.o(.data)
    OSTCBFreeList                            0x200001e0   Data           4  os_core.o(.data)
    OSTCBHighRdy                             0x200001e4   Data           4  os_core.o(.data)
    OSTCBList                                0x200001e8   Data           4  os_core.o(.data)
    OSTime                                   0x200001ec   Data           4  os_core.o(.data)
    OSRdyTbl                                 0x200001f0   Data           8  os_core.o(.data)
    OSFlagFreeList                           0x200001f8   Data           4  os_core.o(.data)
    OSMemFreeList                            0x200001fc   Data           4  os_core.o(.data)
    OSQFreeList                              0x20000200   Data           4  os_core.o(.data)
    OSTmrFree                                0x20000204   Data           2  os_core.o(.data)
    OSTmrUsed                                0x20000206   Data           2  os_core.o(.data)
    OSTmrTime                                0x20000208   Data           4  os_core.o(.data)
    OSTmrSem                                 0x2000020c   Data           4  os_core.o(.data)
    OSTmrSemSignal                           0x20000210   Data           4  os_core.o(.data)
    OSTmrFreeList                            0x20000214   Data           4  os_core.o(.data)
    mallco_dev                               0x2000021c   Data          36  malloc.o(.data)
    mode                                     0x20000240   Data           1  mqtt_app.o(.data)
    payload_out_len                          0x20000244   Data           4  mqtt_app.o(.data)
    rdbuf                                    0x20000248   Data           4  mqtt_app.o(.data)
    payload_out                              0x2000024c   Data           4  mqtt_app.o(.data)
    file                                     0x20000274   Data           4  exfuns.o(.data)
    ftemp                                    0x20000278   Data           4  exfuns.o(.data)
    fatbuf                                   0x2000027c   Data           4  exfuns.o(.data)
    fs                                       0x20000280   Data           8  exfuns.o(.data)
    FILE_TYPE_TBL                            0x20000288   Data         312  exfuns.o(.data)
    bw                                       0x200003c0   Data           4  exfuns.o(.data)
    FLASH_SECTOR_COUNT                       0x200003c4   Data           2  diskio.o(.data)
    sys_cmd_tab                              0x200003d4   Data          28  usmart.o(.data)
    usmart_nametab                           0x200003f0   Data          40  usmart_config.o(.data)
    usmart_dev                               0x20000418   Data         244  usmart_config.o(.data)
    gifdecoding                              0x2000050c   Data           1  gif.o(.data)
    f_jpeg                                   0x20000510   Data           4  tjpgd.o(.data)
    jpeg_dev                                 0x20000514   Data           4  tjpgd.o(.data)
    jpg_buffer                               0x20000518   Data           4  tjpgd.o(.data)
    START_TASK_STK                           0x20000520   Data         512  main.o(.bss)
    _payload_out                             0x20001520   Data         516  main.o(.bss)
    TIME_BUF                                 0x20001724   Data          25  main.o(.bss)
    get_passidbuf                            0x2000173d   Data          50  main.o(.bss)
    lcddev                                   0x20001770   Data          14  lcd.o(.bss)
    W25QXX_BUFFER                            0x2000177e   Data        4096  w25qxx.o(.bss)
    SDIO_InitStructure                       0x20002780   Data          24  sdio_sdcard.o(.bss)
    SDIO_CmdInitStructure                    0x20002798   Data          20  sdio_sdcard.o(.bss)
    SDIO_DataInitStructure                   0x200027ac   Data          24  sdio_sdcard.o(.bss)
    SDCardInfo                               0x200027e8   Data          88  sdio_sdcard.o(.bss)
    SDIO_DATA_BUFFER                         0x20002840   Data         512  sdio_sdcard.o(.bss)
    ftinfo                                   0x20002a40   Data          33  fontupd.o(.bss)
    RX_Frame_Descriptor                      0x20002a64   Data          12  stm32f4x7_eth.o(.bss)
    USART_RX_BUF                             0x20002a70   Data         200  usart.o(.bss)
    Save_Data                                0x20002b38   Data         136  commit.o(.bss)
    USART2_RX_BUF                            0x20002bc0   Data         200  commit.o(.bss)
    USART3_RX_BUF                            0x20002c88   Data        1024  usart2.o(.bss)
    lwipdev                                  0x20003088   Data          23  lwip_comm.o(.bss)
    lwip_netif                               0x200030a0   Data          52  lwip_comm.o(.bss)
    regist_buf                               0x200030d4   Data          64  tcp_client.o(.bss)
    passcode_buf                             0x20003114   Data          64  tcp_client.o(.bss)
    tcp_client_recvbuf                       0x20003154   Data        2000  tcp_client.o(.bss)
    TCPCLIENT_TASK_STK                       0x20003924   Data        1200  tcp_client.o(.bss)
    fs_memory                                0x20003dd4   Data         240  fs.o(.bss)
    Device_buf                               0x200042c4   Data        1024  httpd_cgi_ssi.o(.bss)
    dhcp_rx_options_val                      0x2000479c   Data          40  dhcp.o(.bss)
    dhcp_rx_options_given                    0x200047c4   Data          10  dhcp.o(.bss)
    OSEventTbl                               0x20004ef8   Data         264  os_core.o(.bss)
    OSTaskStatStk                            0x20005000   Data         512  os_core.o(.bss)
    OSTaskIdleStk                            0x20005200   Data         512  os_core.o(.bss)
    OSTCBPrioTbl                             0x20005400   Data         256  os_core.o(.bss)
    OSTCBTbl                                 0x20005500   Data        1008  os_core.o(.bss)
    OSFlagTbl                                0x200058f0   Data          80  os_core.o(.bss)
    OSMemTbl                                 0x20005940   Data         120  os_core.o(.bss)
    OSQTbl                                   0x200059b8   Data         120  os_core.o(.bss)
    OSTmrTbl                                 0x20005a30   Data         640  os_core.o(.bss)
    OSTmrTaskStk                             0x20005cb0   Data         512  os_core.o(.bss)
    OSTmrWheelTbl                            0x20005eb0   Data          64  os_core.o(.bss)
    mem1base                                 0x20005ef0   Data       81920  malloc.o(.bss)
    mem1mapbase                              0x20019ef0   Data        5120  malloc.o(.bss)
    rdfromflash_regist_buf                   0x2001b2f0   Data          64  mqtt_app.o(.bss)
    rdfromflash_query_buf                    0x2001b330   Data          64  mqtt_app.o(.bss)
    picinfo                                  0x2001b380   Data          40  piclib.o(.bss)
    pic_phy                                  0x2001b3a8   Data          20  piclib.o(.bss)
    __libspace_start                         0x2001b3bc   Data          96  libspace.o(.bss)
    __temporary_stack_top$libspace           0x2001b41c   Data           0  libspace.o(.bss)
    mem2base                                 0x68000000   Data       204800  malloc.o(.ARM.__AT_0x68000000)
    mem2mapbase                              0x68032000   Data       12800  malloc.o(.ARM.__AT_0x68032000)



==============================================================================

Memory Map of the image

  Image Entry point : 0x08007c69

  Load Region LR_IROM1 (Base: 0x08000000, Size: 0x00037d80, Max: 0x00100000, ABSOLUTE, COMPRESSED[0x00037964])

    Execution Region ER_IROM1 (Exec base: 0x08000000, Load base: 0x08000000, Size: 0x00037864, Max: 0x00100000, ABSOLUTE)

    Exec Addr    Load Addr    Size         Type   Attr      Idx    E Section Name        Object

    0x08000000   0x08000000   0x00000188   Data   RO          854    RESET               startup_stm32f40_41xxx.o
    0x08000188   0x08000188   0x00000008   Code   RO         3676  * !!!main             c_w.l(__main.o)
    0x08000190   0x08000190   0x00000034   Code   RO         4109    !!!scatter          c_w.l(__scatter.o)
    0x080001c4   0x080001c4   0x0000005a   Code   RO         4107    !!dczerorl2         c_w.l(__dczerorl2.o)
    0x0800021e   0x0800021e   0x00000002   PAD
    0x08000220   0x08000220   0x0000001c   Code   RO         4111    !!handler_zi        c_w.l(__scatter_zi.o)
    0x0800023c   0x0800023c   0x00000000   Code   RO         3645    .ARM.Collect$$_printf_percent$$00000000  c_w.l(_printf_percent.o)
    0x0800023c   0x0800023c   0x00000006   Code   RO         3643    .ARM.Collect$$_printf_percent$$00000003  c_w.l(_printf_f.o)
    0x08000242   0x08000242   0x00000006   Code   RO         3644    .ARM.Collect$$_printf_percent$$00000005  c_w.l(_printf_g.o)
    0x08000248   0x08000248   0x00000006   Code   RO         3640    .ARM.Collect$$_printf_percent$$00000008  c_w.l(_printf_i.o)
    0x0800024e   0x0800024e   0x00000006   Code   RO         3641    .ARM.Collect$$_printf_percent$$00000009  c_w.l(_printf_d.o)
    0x08000254   0x08000254   0x00000006   Code   RO         3642    .ARM.Collect$$_printf_percent$$0000000A  c_w.l(_printf_u.o)
    0x0800025a   0x0800025a   0x00000006   Code   RO         3639    .ARM.Collect$$_printf_percent$$0000000C  c_w.l(_printf_x.o)
    0x08000260   0x08000260   0x00000006   Code   RO         3637    .ARM.Collect$$_printf_percent$$00000013  c_w.l(_printf_c.o)
    0x08000266   0x08000266   0x00000006   Code   RO         3638    .ARM.Collect$$_printf_percent$$00000014  c_w.l(_printf_s.o)
    0x0800026c   0x0800026c   0x00000004   Code   RO         3782    .ARM.Collect$$_printf_percent$$00000017  c_w.l(_printf_percent_end.o)
    0x08000270   0x08000270   0x00000002   Code   RO         3992    .ARM.Collect$$libinit$$00000000  c_w.l(libinit.o)
    0x08000272   0x08000272   0x00000004   Code   RO         3892    .ARM.Collect$$libinit$$00000001  c_w.l(libinit2.o)
    0x08000276   0x08000276   0x00000000   Code   RO         3895    .ARM.Collect$$libinit$$00000004  c_w.l(libinit2.o)
    0x08000276   0x08000276   0x00000000   Code   RO         3898    .ARM.Collect$$libinit$$0000000A  c_w.l(libinit2.o)
    0x08000276   0x08000276   0x00000000   Code   RO         3900    .ARM.Collect$$libinit$$0000000C  c_w.l(libinit2.o)
    0x08000276   0x08000276   0x00000000   Code   RO         3902    .ARM.Collect$$libinit$$0000000E  c_w.l(libinit2.o)
    0x08000276   0x08000276   0x00000006   Code   RO         3903    .ARM.Collect$$libinit$$0000000F  c_w.l(libinit2.o)
    0x0800027c   0x0800027c   0x00000000   Code   RO         3905    .ARM.Collect$$libinit$$00000011  c_w.l(libinit2.o)
    0x0800027c   0x0800027c   0x0000000c   Code   RO         3906    .ARM.Collect$$libinit$$00000012  c_w.l(libinit2.o)
    0x08000288   0x08000288   0x00000000   Code   RO         3907    .ARM.Collect$$libinit$$00000013  c_w.l(libinit2.o)
    0x08000288   0x08000288   0x00000000   Code   RO         3909    .ARM.Collect$$libinit$$00000015  c_w.l(libinit2.o)
    0x08000288   0x08000288   0x0000000a   Code   RO         3910    .ARM.Collect$$libinit$$00000016  c_w.l(libinit2.o)
    0x08000292   0x08000292   0x00000000   Code   RO         3911    .ARM.Collect$$libinit$$00000017  c_w.l(libinit2.o)
    0x08000292   0x08000292   0x00000000   Code   RO         3913    .ARM.Collect$$libinit$$00000019  c_w.l(libinit2.o)
    0x08000292   0x08000292   0x00000000   Code   RO         3915    .ARM.Collect$$libinit$$0000001B  c_w.l(libinit2.o)
    0x08000292   0x08000292   0x00000000   Code   RO         3917    .ARM.Collect$$libinit$$0000001D  c_w.l(libinit2.o)
    0x08000292   0x08000292   0x00000000   Code   RO         3919    .ARM.Collect$$libinit$$0000001F  c_w.l(libinit2.o)
    0x08000292   0x08000292   0x00000000   Code   RO         3921    .ARM.Collect$$libinit$$00000021  c_w.l(libinit2.o)
    0x08000292   0x08000292   0x00000000   Code   RO         3923    .ARM.Collect$$libinit$$00000023  c_w.l(libinit2.o)
    0x08000292   0x08000292   0x00000000   Code   RO         3925    .ARM.Collect$$libinit$$00000025  c_w.l(libinit2.o)
    0x08000292   0x08000292   0x00000000   Code   RO         3929    .ARM.Collect$$libinit$$0000002C  c_w.l(libinit2.o)
    0x08000292   0x08000292   0x00000000   Code   RO         3931    .ARM.Collect$$libinit$$0000002E  c_w.l(libinit2.o)
    0x08000292   0x08000292   0x00000000   Code   RO         3933    .ARM.Collect$$libinit$$00000030  c_w.l(libinit2.o)
    0x08000292   0x08000292   0x00000000   Code   RO         3935    .ARM.Collect$$libinit$$00000032  c_w.l(libinit2.o)
    0x08000292   0x08000292   0x00000002   Code   RO         3936    .ARM.Collect$$libinit$$00000033  c_w.l(libinit2.o)
    0x08000294   0x08000294   0x00000002   Code   RO         4098    .ARM.Collect$$libshutdown$$00000000  c_w.l(libshutdown.o)
    0x08000296   0x08000296   0x00000000   Code   RO         4023    .ARM.Collect$$libshutdown$$00000002  c_w.l(libshutdown2.o)
    0x08000296   0x08000296   0x00000000   Code   RO         4025    .ARM.Collect$$libshutdown$$00000004  c_w.l(libshutdown2.o)
    0x08000296   0x08000296   0x00000000   Code   RO         4028    .ARM.Collect$$libshutdown$$00000007  c_w.l(libshutdown2.o)
    0x08000296   0x08000296   0x00000000   Code   RO         4031    .ARM.Collect$$libshutdown$$0000000A  c_w.l(libshutdown2.o)
    0x08000296   0x08000296   0x00000000   Code   RO         4033    .ARM.Collect$$libshutdown$$0000000C  c_w.l(libshutdown2.o)
    0x08000296   0x08000296   0x00000000   Code   RO         4036    .ARM.Collect$$libshutdown$$0000000F  c_w.l(libshutdown2.o)
    0x08000296   0x08000296   0x00000002   Code   RO         4037    .ARM.Collect$$libshutdown$$00000010  c_w.l(libshutdown2.o)
    0x08000298   0x08000298   0x00000000   Code   RO         3728    .ARM.Collect$$rtentry$$00000000  c_w.l(__rtentry.o)
    0x08000298   0x08000298   0x00000000   Code   RO         3811    .ARM.Collect$$rtentry$$00000002  c_w.l(__rtentry2.o)
    0x08000298   0x08000298   0x00000006   Code   RO         3823    .ARM.Collect$$rtentry$$00000004  c_w.l(__rtentry4.o)
    0x0800029e   0x0800029e   0x00000000   Code   RO         3813    .ARM.Collect$$rtentry$$00000009  c_w.l(__rtentry2.o)
    0x0800029e   0x0800029e   0x00000004   Code   RO         3814    .ARM.Collect$$rtentry$$0000000A  c_w.l(__rtentry2.o)
    0x080002a2   0x080002a2   0x00000000   Code   RO         3816    .ARM.Collect$$rtentry$$0000000C  c_w.l(__rtentry2.o)
    0x080002a2   0x080002a2   0x00000008   Code   RO         3817    .ARM.Collect$$rtentry$$0000000D  c_w.l(__rtentry2.o)
    0x080002aa   0x080002aa   0x00000002   Code   RO         4002    .ARM.Collect$$rtexit$$00000000  c_w.l(rtexit.o)
    0x080002ac   0x080002ac   0x00000000   Code   RO         4055    .ARM.Collect$$rtexit$$00000002  c_w.l(rtexit2.o)
    0x080002ac   0x080002ac   0x00000004   Code   RO         4056    .ARM.Collect$$rtexit$$00000003  c_w.l(rtexit2.o)
    0x080002b0   0x080002b0   0x00000006   Code   RO         4057    .ARM.Collect$$rtexit$$00000004  c_w.l(rtexit2.o)
    0x080002b6   0x080002b6   0x00000002   PAD
    0x080002b8   0x080002b8   0x00000010   Code   RO         1200    .emb_text           sys.o
    0x080002c8   0x080002c8   0x0000077c   Code   RO            3    .text               main.o
    0x08000a44   0x08000a44   0x0000001c   Code   RO          291    .text               stm32f4xx_it.o
    0x08000a60   0x08000a60   0x0000017c   Code   RO          340    .text               system_stm32f4xx.o
    0x08000bdc   0x08000bdc   0x000000bc   Code   RO          366    .text               key.o
    0x08000c98   0x08000c98   0x00000034   Code   RO          390    .text               led.o
    0x08000ccc   0x08000ccc   0x00000184   Code   RO          413    .text               timer.o
    0x08000e50   0x08000e50   0x00004646   Code   RO          444    .text               lcd.o
    0x08005496   0x08005496   0x00000002   PAD
    0x08005498   0x08005498   0x000002f0   Code   RO          483    .text               lan8720.o
    0x08005788   0x08005788   0x000002a4   Code   RO          514    .text               sram.o
    0x08005a2c   0x08005a2c   0x0000010c   Code   RO          633    .text               spi.o
    0x08005b38   0x08005b38   0x00000370   Code   RO          656    .text               w25qxx.o
    0x08005ea8   0x08005ea8   0x00001780   Code   RO          687    .text               sdio_sdcard.o
    0x08007628   0x08007628   0x00000238   Code   RO          760    .text               sccb.o
    0x08007860   0x08007860   0x000001d8   Code   RO          808    .text               sht30.o
    0x08007a38   0x08007a38   0x00000230   Code   RO          831    .text               myiic.o
    0x08007c68   0x08007c68   0x00000040   Code   RO          855  * .text               startup_stm32f40_41xxx.o
    0x08007ca8   0x08007ca8   0x000000b0   Code   RO          861    .text               misc.o
    0x08007d58   0x08007d58   0x00000238   Code   RO          881    .text               stm32f4xx_gpio.o
    0x08007f90   0x08007f90   0x00000480   Code   RO          901    .text               stm32f4xx_rcc.o
    0x08008410   0x08008410   0x0000007c   Code   RO          923    .text               stm32f4xx_syscfg.o
    0x0800848c   0x0800848c   0x000009dc   Code   RO          943    .text               stm32f4xx_tim.o
    0x08008e68   0x08008e68   0x00000358   Code   RO          964    .text               stm32f4xx_usart.o
    0x080091c0   0x080091c0   0x00000ab8   Code   RO          984    .text               stm32f4x7_eth.o
    0x08009c78   0x08009c78   0x00000448   Code   RO         1030    .text               stm32f4xx_fsmc.o
    0x0800a0c0   0x0800a0c0   0x0000032c   Code   RO         1053    .text               stm32f4xx_spi.o
    0x0800a3ec   0x0800a3ec   0x000001b8   Code   RO         1073    .text               stm32f4xx_sdio.o
    0x0800a5a4   0x0800a5a4   0x00000320   Code   RO         1093    .text               stm32f4xx_dma.o
    0x0800a8c4   0x0800a8c4   0x000000e0   Code   RO         1113    .text               stm32f4xx_exti.o
    0x0800a9a4   0x0800a9a4   0x000000e0   Code   RO         1174    .text               delay.o
    0x0800aa84   0x0800aa84   0x0000012c   Code   RO         1221    .text               usart.o
    0x0800abb0   0x0800abb0   0x0000008c   Code   RO         1253    .text               exit.o
    0x0800ac3c   0x0800ac3c   0x00000328   Code   RO         1279    .text               commit.o
    0x0800af64   0x0800af64   0x00000204   Code   RO         1308    .text               usart2.o
    0x0800b168   0x0800b168   0x00000478   Code   RO         1336    .text               lwip_comm.o
    0x0800b5e0   0x0800b5e0   0x00000728   Code   RO         1436    .text               tcp_client.o
    0x0800bd08   0x0800bd08   0x000000d4   Code   RO         1482    .text               fs.o
    0x0800bddc   0x0800bddc   0x00000950   Code   RO         1522    .text               httpd.o
    0x0800c72c   0x0800c72c   0x000002dc   Code   RO         1580    .text               httpd_cgi_ssi.o
    0x0800ca08   0x0800ca08   0x00000abe   Code   RO         1612    .text               etharp.o
    0x0800d4c6   0x0800d4c6   0x00000002   PAD
    0x0800d4c8   0x0800d4c8   0x000001dc   Code   RO         1648    .text               ethernetif.o
    0x0800d6a4   0x0800d6a4   0x00000330   Code   RO         1700    .text               icmp.o
    0x0800d9d4   0x0800d9d4   0x0000024c   Code   RO         1757    .text               inet_chksum.o
    0x0800dc20   0x0800dc20   0x00000360   Code   RO         1777    .text               ip.o
    0x0800df80   0x0800df80   0x00000250   Code   RO         1812    .text               ip_addr.o
    0x0800e1d0   0x0800e1d0   0x00000808   Code   RO         1850    .text               ip_frag.o
    0x0800e9d8   0x0800e9d8   0x00000010   Code   RO         1875    .text               def.o
    0x0800e9e8   0x0800e9e8   0x000014fc   Code   RO         1896    .text               dhcp.o
    0x0800fee4   0x0800fee4   0x00000630   Code   RO         1924    .text               dns.o
    0x08010514   0x08010514   0x0000002a   Code   RO         1948    .text               init.o
    0x0801053e   0x0801053e   0x00000002   PAD
    0x08010540   0x08010540   0x00000198   Code   RO         1983    .text               memp.o
    0x080106d8   0x080106d8   0x00000270   Code   RO         2025    .text               netif.o
    0x08010948   0x08010948   0x00000d36   Code   RO         2056    .text               pbuf.o
    0x0801167e   0x0801167e   0x00000002   PAD
    0x08011680   0x08011680   0x000001f8   Code   RO         2077    .text               raw.o
    0x08011878   0x08011878   0x00000fe8   Code   RO         2113    .text               tcp.o
    0x08012860   0x08012860   0x0000111c   Code   RO         2146    .text               tcp_in.o
    0x0801397c   0x0801397c   0x00001010   Code   RO         2177    .text               tcp_out.o
    0x0801498c   0x0801498c   0x000002ac   Code   RO         2198    .text               timers.o
    0x08014c38   0x08014c38   0x000004a4   Code   RO         2247    .text               udp.o
    0x080150dc   0x080150dc   0x000005d8   Code   RO         2285    .text               mem.o
    0x080156b4   0x080156b4   0x00000330   Code   RO         2308    .text               sys_arch.o
    0x080159e4   0x080159e4   0x00000a44   Code   RO         2335    .text               api_lib.o
    0x08016428   0x08016428   0x000014a4   Code   RO         2374    .text               api_msg.o
    0x080178cc   0x080178cc   0x00000310   Code   RO         2417    .text               netbuf.o
    0x08017bdc   0x08017bdc   0x00000288   Code   RO         2437    .text               netdb.o
    0x08017e64   0x08017e64   0x00001414   Code   RO         2481    .text               sockets.o
    0x08019278   0x08019278   0x00000330   Code   RO         2505    .text               tcpip.o
    0x080195a8   0x080195a8   0x000006c0   Code   RO         2536    .text               os_core.o
    0x08019c68   0x08019c68   0x00000594   Code   RO         2580    .text               os_flag.o
    0x0801a1fc   0x0801a1fc   0x0000034c   Code   RO         2601    .text               os_mbox.o
    0x0801a548   0x0801a548   0x00000194   Code   RO         2621    .text               os_mem.o
    0x0801a6dc   0x0801a6dc   0x00000514   Code   RO         2661    .text               os_q.o
    0x0801abf0   0x0801abf0   0x0000034c   Code   RO         2681    .text               os_sem.o
    0x0801af3c   0x0801af3c   0x0000069c   Code   RO         2701    .text               os_task.o
    0x0801b5d8   0x0801b5d8   0x00000170   Code   RO         2722    .text               os_time.o
    0x0801b748   0x0801b748   0x00000548   Code   RO         2742    .text               os_tmr.o
    0x0801bc90   0x0801bc90   0x00000178   Code   RO         2762    .text               os_cpu_c.o
    0x0801be08   0x0801be08   0x000000c8   Code   RO         2791    .text               os_cpu_a.o
    0x0801bed0   0x0801bed0   0x000001cc   Code   RO         2796    .text               malloc.o
    0x0801c09c   0x0801c09c   0x00000f40   Code   RO         2830    .text               mqtt_app.o
    0x0801cfdc   0x0801cfdc   0x00000224   Code   RO         2896    .text               mqttconnectclient.o
    0x0801d200   0x0801d200   0x000000d4   Code   RO         2941    .text               mqttdeserializepublish.o
    0x0801d2d4   0x0801d2d4   0x000002f8   Code   RO         2969    .text               mqttpacket.o
    0x0801d5cc   0x0801d5cc   0x00000116   Code   RO         2984    .text               mqttserializepublish.o
    0x0801d6e2   0x0801d6e2   0x00000002   PAD
    0x0801d6e4   0x0801d6e4   0x00000134   Code   RO         2997    .text               mqttsubscribeclient.o
    0x0801d818   0x0801d818   0x00000134   Code   RO         3049    .text               transport.o
    0x0801d94c   0x0801d94c   0x00001218   Code   RO         3088    .text               sha1.o
    0x0801eb64   0x0801eb64   0x000000ce   Code   RO         3103    .text               hmac_sha1.o
    0x0801ec32   0x0801ec32   0x00000002   PAD
    0x0801ec34   0x0801ec34   0x0000191c   Code   RO         3120    .text               cjson.o
    0x08020550   0x08020550   0x0000012c   Code   RO         3160    .text               exfuns.o
    0x0802067c   0x0802067c   0x00000094   Code   RO         3223    .text               mycc936.o
    0x08020710   0x08020710   0x00000138   Code   RO         3244    .text               diskio.o
    0x08020848   0x08020848   0x00002958   Code   RO         3271    .text               ff.o
    0x080231a0   0x080231a0   0x00000b18   Code   RO         3298    .text               usmart.o
    0x08023cb8   0x08023cb8   0x00000428   Code   RO         3355    .text               usmart_str.o
    0x080240e0   0x080240e0   0x00000684   Code   RO         3376    .text               bmp.o
    0x08024764   0x08024764   0x00000aec   Code   RO         3417    .text               gif.o
    0x08025250   0x08025250   0x00000210   Code   RO         3445    .text               piclib.o
    0x08025460   0x08025460   0x00000e38   Code   RO         3471    .text               tjpgd.o
    0x08026298   0x08026298   0x00000002   Code   RO         3512    .text               c_w.l(use_no_semi_2.o)
    0x0802629a   0x0802629a   0x00000002   PAD
    0x0802629c   0x0802629c   0x00000010   Code   RO         3514    .text               c_w.l(rt_ctype_table.o)
    0x080262ac   0x080262ac   0x0000004e   Code   RO         3518    .text               c_w.l(h1_free.o)
    0x080262fa   0x080262fa   0x00000048   Code   RO         3572    .text               c_w.l(llsdiv.o)
    0x08026342   0x08026342   0x0000001a   Code   RO         3574    .text               c_w.l(tolower.o)
    0x0802635c   0x0802635c   0x00000018   Code   RO         3576    .text               c_w.l(__2printf.o)
    0x08026374   0x08026374   0x0000002c   Code   RO         3578    .text               c_w.l(__2sprintf.o)
    0x080263a0   0x080263a0   0x0000004e   Code   RO         3590    .text               c_w.l(_printf_pad.o)
    0x080263ee   0x080263ee   0x00000052   Code   RO         3592    .text               c_w.l(_printf_str.o)
    0x08026440   0x08026440   0x00000078   Code   RO         3594    .text               c_w.l(_printf_dec.o)
    0x080264b8   0x080264b8   0x00000058   Code   RO         3599    .text               c_w.l(_printf_hex_int.o)
    0x08026510   0x08026510   0x00000188   Code   RO         3634    .text               c_w.l(__printf_flags_ss_wp.o)
    0x08026698   0x08026698   0x0000003c   Code   RO         3646    .text               c_w.l(__0sscanf.o)
    0x080266d4   0x080266d4   0x0000001a   Code   RO         3648    .text               c_w.l(atoi.o)
    0x080266ee   0x080266ee   0x00000014   Code   RO         3650    .text               c_w.l(strchr.o)
    0x08026702   0x08026702   0x00000024   Code   RO         3652    .text               c_w.l(strstr.o)
    0x08026726   0x08026726   0x00000058   Code   RO         3654    .text               c_w.l(memcmp.o)
    0x0802677e   0x0802677e   0x00000048   Code   RO         3656    .text               c_w.l(strcpy.o)
    0x080267c6   0x080267c6   0x0000003e   Code   RO         3658    .text               c_w.l(strlen.o)
    0x08026804   0x08026804   0x00000096   Code   RO         3660    .text               c_w.l(strncmp.o)
    0x0802689a   0x0802689a   0x0000008a   Code   RO         3664    .text               c_w.l(rt_memcpy_v6.o)
    0x08026924   0x08026924   0x00000064   Code   RO         3666    .text               c_w.l(rt_memcpy_w.o)
    0x08026988   0x08026988   0x00000044   Code   RO         3668    .text               c_w.l(rt_memclr.o)
    0x080269cc   0x080269cc   0x0000004e   Code   RO         3670    .text               c_w.l(rt_memclr_w.o)
    0x08026a1a   0x08026a1a   0x00000002   PAD
    0x08026a1c   0x08026a1c   0x00000080   Code   RO         3672    .text               c_w.l(strcmpv7m.o)
    0x08026a9c   0x08026a9c   0x00000006   Code   RO         3674    .text               c_w.l(heapauxi.o)
    0x08026aa2   0x08026aa2   0x00000002   Code   RO         3724    .text               c_w.l(use_no_semi.o)
    0x08026aa4   0x08026aa4   0x00000008   Code   RO         3732    .text               c_w.l(rt_heap_descriptor_intlibspace.o)
    0x08026aac   0x08026aac   0x00000008   Code   RO         3737    .text               c_w.l(rt_locale_intlibspace.o)
    0x08026ab4   0x08026ab4   0x00000008   Code   RO         3742    .text               c_w.l(rt_errno_addr_intlibspace.o)
    0x08026abc   0x08026abc   0x000000ee   Code   RO         3766    .text               c_w.l(lludivv7m.o)
    0x08026baa   0x08026baa   0x000000b2   Code   RO         3768    .text               c_w.l(_printf_intcommon.o)
    0x08026c5c   0x08026c5c   0x0000041e   Code   RO         3770    .text               c_w.l(_printf_fp_dec.o)
    0x0802707a   0x0802707a   0x00000002   PAD
    0x0802707c   0x0802707c   0x00000030   Code   RO         3772    .text               c_w.l(_printf_char_common.o)
    0x080270ac   0x080270ac   0x0000000a   Code   RO         3774    .text               c_w.l(_sputc.o)
    0x080270b6   0x080270b6   0x0000002c   Code   RO         3778    .text               c_w.l(_printf_char.o)
    0x080270e2   0x080270e2   0x00000002   PAD
    0x080270e4   0x080270e4   0x00000024   Code   RO         3780    .text               c_w.l(_printf_char_file.o)
    0x08027108   0x08027108   0x000004f8   Code   RO         3783    .text               c_w.l(scanf_fp.o)
    0x08027600   0x08027600   0x0000002c   Code   RO         3785    .text               c_w.l(scanf_char.o)
    0x0802762c   0x0802762c   0x00000040   Code   RO         3787    .text               c_w.l(_sgetc.o)
    0x0802766c   0x0802766c   0x000000a4   Code   RO         3789    .text               c_w.l(strtod.o)
    0x08027710   0x08027710   0x00000070   Code   RO         3791    .text               c_w.l(strtol.o)
    0x08027780   0x08027780   0x00000008   Code   RO         3807    .text               c_w.l(libspace.o)
    0x08027788   0x08027788   0x0000008a   Code   RO         3839    .text               c_w.l(lludiv10.o)
    0x08027812   0x08027812   0x00000012   Code   RO         3841    .text               c_w.l(isspace.o)
    0x08027824   0x08027824   0x00000080   Code   RO         3843    .text               c_w.l(_printf_fp_infnan.o)
    0x080278a4   0x080278a4   0x00000374   Code   RO         3847    .text               c_w.l(_scanf.o)
    0x08027c18   0x08027c18   0x0000009e   Code   RO         3849    .text               c_w.l(_strtoul.o)
    0x08027cb6   0x08027cb6   0x00000002   PAD
    0x08027cb8   0x08027cb8   0x000000e4   Code   RO         3851    .text               c_w.l(bigflt0.o)
    0x08027d9c   0x08027d9c   0x00000008   Code   RO         3876    .text               c_w.l(ferror.o)
    0x08027da4   0x08027da4   0x0000004a   Code   RO         3961    .text               c_w.l(sys_stackheap_outer.o)
    0x08027dee   0x08027dee   0x00000016   Code   RO         3971    .text               c_w.l(_rserrno.o)
    0x08027e04   0x08027e04   0x0000001c   Code   RO         3973    .text               c_w.l(_chval.o)
    0x08027e20   0x08027e20   0x00000320   Code   RO         3975    .text               c_w.l(scanf_hexfp.o)
    0x08028140   0x08028140   0x00000134   Code   RO         3977    .text               c_w.l(scanf_infnan.o)
    0x08028274   0x08028274   0x00000012   Code   RO         3979    .text               c_w.l(exit.o)
    0x08028286   0x08028286   0x00000026   Code   RO         4008    .text               c_w.l(llshl.o)
    0x080282ac   0x080282ac   0x0000003e   Code   RO         3854    CL$$btod_d2e        c_w.l(btod.o)
    0x080282ea   0x080282ea   0x00000046   Code   RO         3856    CL$$btod_d2e_denorm_low  c_w.l(btod.o)
    0x08028330   0x08028330   0x00000060   Code   RO         3855    CL$$btod_d2e_norm_op1  c_w.l(btod.o)
    0x08028390   0x08028390   0x00000338   Code   RO         3864    CL$$btod_div_common  c_w.l(btod.o)
    0x080286c8   0x080286c8   0x00000084   Code   RO         3862    CL$$btod_e2d        c_w.l(btod.o)
    0x0802874c   0x0802874c   0x000000dc   Code   RO         3861    CL$$btod_e2e        c_w.l(btod.o)
    0x08028828   0x08028828   0x0000002a   Code   RO         3858    CL$$btod_ediv       c_w.l(btod.o)
    0x08028852   0x08028852   0x0000002a   Code   RO         3860    CL$$btod_edivd      c_w.l(btod.o)
    0x0802887c   0x0802887c   0x0000002a   Code   RO         3857    CL$$btod_emul       c_w.l(btod.o)
    0x080288a6   0x080288a6   0x0000002a   Code   RO         3859    CL$$btod_emuld      c_w.l(btod.o)
    0x080288d0   0x080288d0   0x00000244   Code   RO         3863    CL$$btod_mult_common  c_w.l(btod.o)
    0x08028b14   0x08028b14   0x00000030   Code   RO         3949    i.__ARM_fpclassify  m_wm.l(fpclassify.o)
    0x08028b44   0x08028b44   0x00000004   PAD
    0x08028b48   0x08028b48   0x000000f8   Code   RO         3951    i.__hardfp___mathlib_tofloat  m_wm.l(narrow.o)
    0x08028c40   0x08028c40   0x000000d0   Code   RO         4038    i.__hardfp_ldexp    m_wm.l(ldexp.o)
    0x08028d10   0x08028d10   0x00000028   Code   RO         3718    i.__hardfp_strtod   m_wm.l(strtod.o)
    0x08028d38   0x08028d38   0x00000020   Code   RO         4071    i.__mathlib_dbl_overflow  m_wm.l(dunder.o)
    0x08028d58   0x08028d58   0x00000020   Code   RO         4073    i.__mathlib_dbl_underflow  m_wm.l(dunder.o)
    0x08028d78   0x08028d78   0x00000012   Code   RO         3952    i.__mathlib_narrow  m_wm.l(narrow.o)
    0x08028d8a   0x08028d8a   0x00000014   Code   RO         4040    i.__support_ldexp   m_wm.l(ldexp.o)
    0x08028d9e   0x08028d9e   0x0000000e   Code   RO         3627    i._is_digit         c_w.l(__printf_wp.o)
    0x08028dac   0x08028dac   0x00000004   PAD
    0x08028db0   0x08028db0   0x0000008c   Code   RO         3997    i.frexp             m_wm.l(frexp.o)
    0x08028e3c   0x08028e3c   0x0000002c   Code   RO         3794    locale$$code        c_w.l(lc_ctype_c.o)
    0x08028e68   0x08028e68   0x0000002c   Code   RO         3881    locale$$code        c_w.l(lc_numeric_c.o)
    0x08028e94   0x08028e94   0x00000062   Code   RO         3678    x$fpl$d2f           fz_wm.l(d2f.o)
    0x08028ef6   0x08028ef6   0x00000002   PAD
    0x08028ef8   0x08028ef8   0x00000150   Code   RO         3680    x$fpl$dadd          fz_wm.l(daddsub_clz.o)
    0x08029048   0x08029048   0x00000010   Code   RO         4099    x$fpl$dcheck1       fz_wm.l(dcheck1.o)
    0x08029058   0x08029058   0x00000018   Code   RO         3796    x$fpl$dcmpinf       fz_wm.l(dcmpi.o)
    0x08029070   0x08029070   0x000002b0   Code   RO         3687    x$fpl$ddiv          fz_wm.l(ddiv.o)
    0x08029320   0x08029320   0x00000078   Code   RO         3690    x$fpl$deqf          fz_wm.l(deqf.o)
    0x08029398   0x08029398   0x0000005e   Code   RO         3692    x$fpl$dfix          fz_wm.l(dfix.o)
    0x080293f6   0x080293f6   0x00000002   PAD
    0x080293f8   0x080293f8   0x0000005a   Code   RO         3696    x$fpl$dfixu         fz_wm.l(dfixu.o)
    0x08029452   0x08029452   0x0000002e   Code   RO         3701    x$fpl$dflt          fz_wm.l(dflt_clz.o)
    0x08029480   0x08029480   0x00000026   Code   RO         3700    x$fpl$dfltu         fz_wm.l(dflt_clz.o)
    0x080294a6   0x080294a6   0x00000002   PAD
    0x080294a8   0x080294a8   0x00000078   Code   RO         3706    x$fpl$dleqf         fz_wm.l(dleqf.o)
    0x08029520   0x08029520   0x00000154   Code   RO         3708    x$fpl$dmul          fz_wm.l(dmul.o)
    0x08029674   0x08029674   0x0000009c   Code   RO         3798    x$fpl$dnaninf       fz_wm.l(dnaninf.o)
    0x08029710   0x08029710   0x0000000c   Code   RO         3800    x$fpl$dretinf       fz_wm.l(dretinf.o)
    0x0802971c   0x0802971c   0x0000006c   Code   RO         3710    x$fpl$drleqf        fz_wm.l(drleqf.o)
    0x08029788   0x08029788   0x000001d4   Code   RO         3682    x$fpl$dsub          fz_wm.l(daddsub_clz.o)
    0x0802995c   0x0802995c   0x00000056   Code   RO         3712    x$fpl$f2d           fz_wm.l(f2d.o)
    0x080299b2   0x080299b2   0x0000008c   Code   RO         3802    x$fpl$fnaninf       fz_wm.l(fnaninf.o)
    0x08029a3e   0x08029a3e   0x0000000a   Code   RO         3993    x$fpl$fpinit        fz_wm.l(fpinit.o)
    0x08029a48   0x08029a48   0x0000000a   Code   RO         3804    x$fpl$fretinf       fz_wm.l(fretinf.o)
    0x08029a52   0x08029a52   0x00000006   Code   RO         3941    x$fpl$ieeestatus    fz_wm.l(istatus.o)
    0x08029a58   0x08029a58   0x00000004   Code   RO         3714    x$fpl$printf1       fz_wm.l(printf1.o)
    0x08029a5c   0x08029a5c   0x00000064   Code   RO         4101    x$fpl$retnan        fz_wm.l(retnan.o)
    0x08029ac0   0x08029ac0   0x0000005c   Code   RO         4065    x$fpl$scalbn        fz_wm.l(scalbn.o)
    0x08029b1c   0x08029b1c   0x00000004   Code   RO         3716    x$fpl$scanf1        fz_wm.l(scanf1.o)
    0x08029b20   0x08029b20   0x00000008   Code   RO         3943    x$fpl$scanf2        fz_wm.l(scanf2.o)
    0x08029b28   0x08029b28   0x00000030   Code   RO         4103    x$fpl$trapveneer    fz_wm.l(trapv.o)
    0x08029b58   0x08029b58   0x00000000   Code   RO         3806    x$fpl$usenofp       fz_wm.l(usenofp.o)
    0x08029b58   0x08029b58   0x000017c0   Data   RO          446    .constdata          lcd.o
    0x0802b318   0x0802b318   0x0000001c   Data   RO         1031    .constdata          stm32f4xx_fsmc.o
    0x0802b334   0x0802b334   0x00004e98   Data   RO         1484    .constdata          fs.o
    0x080301cc   0x080301cc   0x00003c04   Data   RO         1485    .constdata          fs.o
    0x08033dd0   0x08033dd0   0x00002519   Data   RO         1486    .constdata          fs.o
    0x080362e9   0x080362e9   0x00000296   Data   RO         1487    .constdata          fs.o
    0x0803657f   0x0803657f   0x00000001   PAD
    0x08036580   0x08036580   0x00000014   Data   RO         1488    .constdata          fs.o
    0x08036594   0x08036594   0x00000014   Data   RO         1489    .constdata          fs.o
    0x080365a8   0x080365a8   0x00000014   Data   RO         1490    .constdata          fs.o
    0x080365bc   0x080365bc   0x00000014   Data   RO         1491    .constdata          fs.o
    0x080365d0   0x080365d0   0x00000028   Data   RO         1524    .constdata          httpd.o
    0x080365f8   0x080365f8   0x00000008   Data   RO         1582    .constdata          httpd_cgi_ssi.o
    0x08036600   0x08036600   0x0000000c   Data   RO         1614    .constdata          etharp.o
    0x0803660c   0x0803660c   0x00000004   Data   RO         1814    .constdata          ip_addr.o
    0x08036610   0x08036610   0x00000004   Data   RO         1815    .constdata          ip_addr.o
    0x08036614   0x08036614   0x0000003c   Data   RO         1985    .constdata          memp.o
    0x08036650   0x08036650   0x00000054   Data   RO         2114    .constdata          tcp.o
    0x080366a4   0x080366a4   0x00000004   Data   RO         2309    .constdata          sys_arch.o
    0x080366a8   0x080366a8   0x00000040   Data   RO         2483    .constdata          sockets.o
    0x080366e8   0x080366e8   0x00000100   Data   RO         2544    .constdata          os_core.o
    0x080367e8   0x080367e8   0x00000024   Data   RO         2803    .constdata          malloc.o
    0x0803680c   0x0803680c   0x00000058   Data   RO         2832    .constdata          mqtt_app.o
    0x08036864   0x08036864   0x000003c0   Data   RO         3224    .constdata          mycc936.o
    0x08036c24   0x08036c24   0x0000003a   Data   RO         3272    .constdata          ff.o
    0x08036c5e   0x08036c5e   0x00000028   Data   RO         3418    .constdata          gif.o
    0x08036c86   0x08036c86   0x000004c0   Data   RO         3472    .constdata          tjpgd.o
    0x08037146   0x08037146   0x00000028   Data   RO         3600    .constdata          c_w.l(_printf_hex_int.o)
    0x0803716e   0x0803716e   0x00000011   Data   RO         3635    .constdata          c_w.l(__printf_flags_ss_wp.o)
    0x0803717f   0x0803717f   0x00000001   PAD
    0x08037180   0x08037180   0x00000094   Data   RO         3852    .constdata          c_w.l(bigflt0.o)
    0x08037214   0x08037214   0x000000f2   Data   RO            6    .conststring        main.o
    0x08037306   0x08037306   0x00000002   PAD
    0x08037308   0x08037308   0x0000004c   Data   RO         1525    .conststring        httpd.o
    0x08037354   0x08037354   0x0000000a   Data   RO         1583    .conststring        httpd_cgi_ssi.o
    0x0803735e   0x0803735e   0x00000002   PAD
    0x08037360   0x08037360   0x00000044   Data   RO         1615    .conststring        etharp.o
    0x080373a4   0x080373a4   0x0000008c   Data   RO         1898    .conststring        dhcp.o
    0x08037430   0x08037430   0x00000075   Data   RO         2115    .conststring        tcp.o
    0x080374a5   0x080374a5   0x00000003   PAD
    0x080374a8   0x080374a8   0x00000055   Data   RO         2178    .conststring        tcp_out.o
    0x080374fd   0x080374fd   0x00000003   PAD
    0x08037500   0x08037500   0x000000bd   Data   RO         2833    .conststring        mqtt_app.o
    0x080375bd   0x080375bd   0x00000003   PAD
    0x080375c0   0x080375c0   0x00000064   Data   RO         3163    .conststring        exfuns.o
    0x08037624   0x08037624   0x00000028   Data   RO         3299    .conststring        usmart.o
    0x0803764c   0x0803764c   0x000000bc   Data   RO         3330    .conststring        usmart_config.o
    0x08037708   0x08037708   0x00000020   Data   RO         4105    Region$$Table       anon$$obj.o
    0x08037728   0x08037728   0x00000008   Data   RO         3937    c$$dinf             fz_wm.l(fpconst.o)
    0x08037730   0x08037730   0x00000008   Data   RO         3940    c$$dmax             fz_wm.l(fpconst.o)
    0x08037738   0x08037738   0x00000110   Data   RO         3793    locale$$data        c_w.l(lc_ctype_c.o)
    0x08037848   0x08037848   0x0000001c   Data   RO         3880    locale$$data        c_w.l(lc_numeric_c.o)


    Execution Region RW_IRAM1 (Exec base: 0x20000000, Load base: 0x08037864, Size: 0x0001c820, Max: 0x00020000, ABSOLUTE, COMPRESSED[0x00000100])

    Exec Addr    Load Addr    Size         Type   Attr      Idx    E Section Name        Object

    0x20000000   COMPRESSED   0x00000024   Data   RW            8    .data               main.o
    0x20000024   COMPRESSED   0x00000014   Data   RW          341    .data               system_stm32f4xx.o
    0x20000038   COMPRESSED   0x00000001   Data   RW          367    .data               key.o
    0x20000039   COMPRESSED   0x00000001   PAD
    0x2000003a   COMPRESSED   0x00000004   Data   RW          414    .data               timer.o
    0x2000003e   COMPRESSED   0x00000004   Data   RW          447    .data               lcd.o
    0x20000042   COMPRESSED   0x00000002   PAD
    0x20000044   COMPRESSED   0x00000010   Data   RW          484    .data               lan8720.o
    0x20000054   COMPRESSED   0x00000002   Data   RW          658    .data               w25qxx.o
    0x20000056   COMPRESSED   0x00000002   PAD
    0x20000058   COMPRESSED   0x00000010   Data   RW          689    .data               sdio_sdcard.o
    0x20000068   COMPRESSED   0x00000010   Data   RW          902    .data               stm32f4xx_rcc.o
    0x20000078   COMPRESSED   0x0000000c   Data   RW          986    .data               stm32f4x7_eth.o
    0x20000084   COMPRESSED   0x00000004   Data   RW         1175    .data               delay.o
    0x20000088   COMPRESSED   0x00000002   Data   RW         1223    .data               usart.o
    0x2000008a   COMPRESSED   0x00000002   PAD
    0x2000008c   COMPRESSED   0x00000004   Data   RW         1224    .data               usart.o
    0x20000090   COMPRESSED   0x00000001   Data   RW         1254    .data               exit.o
    0x20000091   COMPRESSED   0x00000003   PAD
    0x20000094   COMPRESSED   0x0000001c   Data   RW         1281    .data               commit.o
    0x200000b0   COMPRESSED   0x00000008   Data   RW         1310    .data               usart2.o
    0x200000b8   COMPRESSED   0x00000008   Data   RW         1338    .data               lwip_comm.o
    0x200000c0   COMPRESSED   0x00000018   Data   RW         1439    .data               tcp_client.o
    0x200000d8   COMPRESSED   0x00000008   Data   RW         1526    .data               httpd.o
    0x200000e0   COMPRESSED   0x00000004   Data   RW         1585    .data               httpd_cgi_ssi.o
    0x200000e4   COMPRESSED   0x00000001   Data   RW         1616    .data               etharp.o
    0x200000e5   COMPRESSED   0x00000003   PAD
    0x200000e8   COMPRESSED   0x00000014   Data   RW         1778    .data               ip.o
    0x200000fc   COMPRESSED   0x00000008   Data   RW         1851    .data               ip_frag.o
    0x20000104   COMPRESSED   0x00000004   Data   RW         1899    .data               dhcp.o
    0x20000108   COMPRESSED   0x00000014   Data   RW         1926    .data               dns.o
    0x2000011c   COMPRESSED   0x00000004   Data   RW         1988    .data               memp.o
    0x20000120   COMPRESSED   0x0000000c   Data   RW         2026    .data               netif.o
    0x2000012c   COMPRESSED   0x00000004   Data   RW         2078    .data               raw.o
    0x20000130   COMPRESSED   0x00000024   Data   RW         2116    .data               tcp.o
    0x20000154   COMPRESSED   0x0000001c   Data   RW         2148    .data               tcp_in.o
    0x20000170   COMPRESSED   0x00000008   Data   RW         2199    .data               timers.o
    0x20000178   COMPRESSED   0x00000008   Data   RW         2248    .data               udp.o
    0x20000180   COMPRESSED   0x00000014   Data   RW         2286    .data               mem.o
    0x20000194   COMPRESSED   0x00000014   Data   RW         2439    .data               netdb.o
    0x200001a8   COMPRESSED   0x00000008   Data   RW         2484    .data               sockets.o
    0x200001b0   COMPRESSED   0x0000000c   Data   RW         2506    .data               tcpip.o
    0x200001bc   COMPRESSED   0x0000003c   Data   RW         2545    .data               os_core.o
    0x200001f8   COMPRESSED   0x00000004   Data   RW         2546    .data               os_core.o
    0x200001fc   COMPRESSED   0x00000004   Data   RW         2547    .data               os_core.o
    0x20000200   COMPRESSED   0x00000004   Data   RW         2548    .data               os_core.o
    0x20000204   COMPRESSED   0x00000002   Data   RW         2549    .data               os_core.o
    0x20000206   COMPRESSED   0x00000002   Data   RW         2550    .data               os_core.o
    0x20000208   COMPRESSED   0x00000004   Data   RW         2551    .data               os_core.o
    0x2000020c   COMPRESSED   0x00000004   Data   RW         2552    .data               os_core.o
    0x20000210   COMPRESSED   0x00000004   Data   RW         2553    .data               os_core.o
    0x20000214   COMPRESSED   0x00000004   Data   RW         2554    .data               os_core.o
    0x20000218   COMPRESSED   0x00000002   Data   RW         2764    .data               os_cpu_c.o
    0x2000021a   COMPRESSED   0x00000002   PAD
    0x2000021c   COMPRESSED   0x00000024   Data   RW         2804    .data               malloc.o
    0x20000240   COMPRESSED   0x00000010   Data   RW         2834    .data               mqtt_app.o
    0x20000250   COMPRESSED   0x00000004   Data   RW         2970    .data               mqttpacket.o
    0x20000254   COMPRESSED   0x0000000c   Data   RW         3050    .data               transport.o
    0x20000260   COMPRESSED   0x00000014   Data   RW         3122    .data               cjson.o
    0x20000274   COMPRESSED   0x0000014c   Data   RW         3164    .data               exfuns.o
    0x200003c0   COMPRESSED   0x00000004   Data   RW         3166    .data               exfuns.o
    0x200003c4   COMPRESSED   0x00000002   Data   RW         3245    .data               diskio.o
    0x200003c6   COMPRESSED   0x00000002   PAD
    0x200003c8   COMPRESSED   0x0000000c   Data   RW         3273    .data               ff.o
    0x200003d4   COMPRESSED   0x0000001c   Data   RW         3300    .data               usmart.o
    0x200003f0   COMPRESSED   0x00000028   Data   RW         3331    .data               usmart_config.o
    0x20000418   COMPRESSED   0x000000f4   Data   RW         3332    .data               usmart_config.o
    0x2000050c   COMPRESSED   0x00000001   Data   RW         3419    .data               gif.o
    0x2000050d   COMPRESSED   0x00000003   PAD
    0x20000510   COMPRESSED   0x0000000c   Data   RW         3473    .data               tjpgd.o
    0x2000051c   COMPRESSED   0x00000004   PAD
    0x20000520        -       0x0000121d   Zero   RW            4    .bss                main.o
    0x2000173d        -       0x00000032   Zero   RW            5    .bss                main.o
    0x2000176f   COMPRESSED   0x00000001   PAD
    0x20001770        -       0x0000000e   Zero   RW          445    .bss                lcd.o
    0x2000177e        -       0x00001000   Zero   RW          657    .bss                w25qxx.o
    0x2000277e   COMPRESSED   0x00000002   PAD
    0x20002780        -       0x000002c0   Zero   RW          688    .bss                sdio_sdcard.o
    0x20002a40        -       0x00000021   Zero   RW          723    .bss                fontupd.o
    0x20002a61   COMPRESSED   0x00000003   PAD
    0x20002a64        -       0x0000000c   Zero   RW          985    .bss                stm32f4x7_eth.o
    0x20002a70        -       0x000000c8   Zero   RW         1222    .bss                usart.o
    0x20002b38        -       0x00000150   Zero   RW         1280    .bss                commit.o
    0x20002c88        -       0x00000400   Zero   RW         1309    .bss                usart2.o
    0x20003088        -       0x0000004c   Zero   RW         1337    .bss                lwip_comm.o
    0x200030d4        -       0x00000d00   Zero   RW         1437    .bss                tcp_client.o
    0x20003dd4        -       0x000000f0   Zero   RW         1483    .bss                fs.o
    0x20003ec4        -       0x00000400   Zero   RW         1523    .bss                httpd.o
    0x200042c4        -       0x00000400   Zero   RW         1581    .bss                httpd_cgi_ssi.o
    0x200046c4        -       0x000000c8   Zero   RW         1613    .bss                etharp.o
    0x2000478c        -       0x00000010   Zero   RW         1813    .bss                ip_addr.o
    0x2000479c        -       0x00000032   Zero   RW         1897    .bss                dhcp.o
    0x200047ce   COMPRESSED   0x00000002   PAD
    0x200047d0        -       0x00000663   Zero   RW         1925    .bss                dns.o
    0x20004e33   COMPRESSED   0x00000001   PAD
    0x20004e34        -       0x0000003c   Zero   RW         1984    .bss                memp.o
    0x20004e70        -       0x00000014   Zero   RW         2147    .bss                tcp_in.o
    0x20004e84        -       0x00000014   Zero   RW         2438    .bss                netdb.o
    0x20004e98        -       0x00000060   Zero   RW         2482    .bss                sockets.o
    0x20004ef8        -       0x000009f8   Zero   RW         2537    .bss                os_core.o
    0x200058f0        -       0x00000050   Zero   RW         2538    .bss                os_core.o
    0x20005940        -       0x00000078   Zero   RW         2539    .bss                os_core.o
    0x200059b8        -       0x00000078   Zero   RW         2540    .bss                os_core.o
    0x20005a30        -       0x00000280   Zero   RW         2541    .bss                os_core.o
    0x20005cb0        -       0x00000200   Zero   RW         2542    .bss                os_core.o
    0x20005eb0        -       0x00000040   Zero   RW         2543    .bss                os_core.o
    0x20005ef0        -       0x00014000   Zero   RW         2801    .bss                malloc.o
    0x20019ef0        -       0x00001400   Zero   RW         2802    .bss                malloc.o
    0x2001b2f0        -       0x00000080   Zero   RW         2831    .bss                mqtt_app.o
    0x2001b370        -       0x0000000f   Zero   RW         3121    .bss                cjson.o
    0x2001b37f   COMPRESSED   0x00000001   PAD
    0x2001b380        -       0x0000003c   Zero   RW         3446    .bss                piclib.o
    0x2001b3bc        -       0x00000060   Zero   RW         3808    .bss                c_w.l(libspace.o)
    0x2001b41c   COMPRESSED   0x00000004   PAD
    0x2001b420        -       0x00001000   Zero   RW          853    HEAP                startup_stm32f40_41xxx.o
    0x2001c420        -       0x00000400   Zero   RW          852    STACK               startup_stm32f40_41xxx.o



  Load Region LR$$.ARM.__AT_0x10000000 (Base: 0x10000000, Size: 0x00000000, Max: 0x0000c800, ABSOLUTE)

    Execution Region ER$$.ARM.__AT_0x10000000 (Exec base: 0x10000000, Load base: 0x10000000, Size: 0x0000c800, Max: 0x0000c800, ABSOLUTE, UNINIT)

    Exec Addr    Load Addr    Size         Type   Attr      Idx    E Section Name        Object

    0x10000000        -       0x0000c800   Zero   RW         2797    .ARM.__AT_0x10000000  malloc.o



  Load Region LR$$.ARM.__AT_0x1000C800 (Base: 0x1000c800, Size: 0x00000000, Max: 0x00000c80, ABSOLUTE)

    Execution Region ER$$.ARM.__AT_0x1000C800 (Exec base: 0x1000c800, Load base: 0x1000c800, Size: 0x00000c80, Max: 0x00000c80, ABSOLUTE, UNINIT)

    Exec Addr    Load Addr    Size         Type   Attr      Idx    E Section Name        Object

    0x1000c800        -       0x00000c80   Zero   RW         2798    .ARM.__AT_0x1000C800  malloc.o



  Load Region LR$$.ARM.__AT_0x68000000 (Base: 0x68000000, Size: 0x00000000, Max: 0x00032000, ABSOLUTE)

    Execution Region ER$$.ARM.__AT_0x68000000 (Exec base: 0x68000000, Load base: 0x68000000, Size: 0x00032000, Max: 0x00032000, ABSOLUTE, UNINIT)

    Exec Addr    Load Addr    Size         Type   Attr      Idx    E Section Name        Object

    0x68000000        -       0x00032000   Zero   RW         2799    .ARM.__AT_0x68000000  malloc.o



  Load Region LR$$.ARM.__AT_0x68032000 (Base: 0x68032000, Size: 0x00000000, Max: 0x00003200, ABSOLUTE)

    Execution Region ER$$.ARM.__AT_0x68032000 (Exec base: 0x68032000, Load base: 0x68032000, Size: 0x00003200, Max: 0x00003200, ABSOLUTE, UNINIT)

    Exec Addr    Load Addr    Size         Type   Attr      Idx    E Section Name        Object

    0x68032000        -       0x00003200   Zero   RW         2800    .ARM.__AT_0x68032000  malloc.o


==============================================================================

Image component sizes


      Code (inc. data)   RO Data    RW Data    ZI Data      Debug   Object Name

      2628        896          0          0          0      18959   api_lib.o
      5284       1260          0          0          0      12568   api_msg.o
      1668         22          0          0          0       7466   bmp.o
      6428        166          0         20         15      39205   cjson.o
       808         66          0         28        336       4195   commit.o
        16          0          0          0          0       1480   def.o
       224         14          0          4          0       2591   delay.o
      5372       1070        140          4         50      15110   dhcp.o
       312         10          0          2          0       4710   diskio.o
      1584        278          0         20       1635       7155   dns.o
      2750        592         80          1        200      10953   etharp.o
       476        132          0          0          0       5014   ethernetif.o
       300          4        100        336          0       2830   exfuns.o
       140         16          0          1          0       1092   exit.o
     10584        130         58         12          0      39848   ff.o
         0          0          0          0         33       4717   fontupd.o
       212         10      45723          0        240       5163   fs.o
      2796         16         40          1          0      10884   gif.o
       206          0          0          0          0       1636   hmac_sha1.o
      2384        714        116          8       1024      18676   httpd.o
       732        178         18          4       1024       4250   httpd_cgi_ssi.o
       816        374          0          0          0       2590   icmp.o
         0          0          0          0          0       1924   inet.o
       588        104          0          0          0       3337   inet_chksum.o
        42          0          0          0          0       4720   init.o
       864        156          0         20          0       7487   ip.o
       592        112          8          0         16       9983   ip_addr.o
      2056        462          0          8          0       7832   ip_frag.o
       188         20          0          1          0        956   key.o
       752         42          0         16          0       5145   lan8720.o
     17990        108       6080          4         14      24232   lcd.o
        52          4          0          0          0        587   led.o
      1144        466          0          8         76      29124   lwip_comm.o
      1916        570        242         36       4687     379589   main.o
       460         10         36         36     359040       5381   malloc.o
      1496        538          0         20          0       4298   mem.o
       408        194         60          4         60       3388   memp.o
       176         12          0          0          0       2185   misc.o
      3904       1644        277         16        128      10996   mqtt_app.o
       548         18          0          0          0       5682   mqttconnectclient.o
       212          0          0          0          0       2046   mqttdeserializepublish.o
       760         10          0          4          0       6598   mqttpacket.o
       278          0          0          0          0       3348   mqttserializepublish.o
       308          0          0          0          0       2725   mqttsubscribeclient.o
       148         12        960          0          0       1777   mycc936.o
       560          8          0          0          0       2096   myiic.o
       784        342          0          0          0       3361   netbuf.o
       648        164          0         20         20       5275   netdb.o
       624        118          0         12          0       6939   netif.o
      1728         78        256         92       4088      17526   os_core.o
       200         32          0          0          0        388   os_cpu_a.o
       376         10          0          2          0      12766   os_cpu_c.o
      1428         38          0          0          0       7434   os_flag.o
       844         22          0          0          0       4626   os_mbox.o
       404         16          0          0          0       3380   os_mem.o
      1300         34          0          0          0       6073   os_q.o
       844         66          0          0          0       4346   os_sem.o
      1692         68          0          0          0       8471   os_task.o
       368         30          0          0          0       1990   os_time.o
      1352        130          0          0          0       5777   os_tmr.o
      3382       1232          0          0          0      10131   pbuf.o
       528         30          0          0         60       4943   piclib.o
       504        132          0          4          0       3737   raw.o
       568         10          0          0          0       2701   sccb.o
      6016        120          0         16        704      26599   sdio_sdcard.o
      4632         42          0          0          0       4574   sha1.o
       472         36          0          0          0       2833   sht30.o
      5140        648         64          8         96      18530   sockets.o
       268         10          0          0          0       1145   spi.o
       676         18          0          0          0       2427   sram.o
        64         26        392          0       5120        900   startup_stm32f40_41xxx.o
      2744         84          0         12         12      21032   stm32f4x7_eth.o
       800         32          0          0          0       7205   stm32f4xx_dma.o
       224         10          0          0          0       2635   stm32f4xx_exti.o
      1096          8         28          0          0       6478   stm32f4xx_fsmc.o
       568         46          0          0          0       4761   stm32f4xx_gpio.o
        28          6          0          0          0       1103   stm32f4xx_it.o
      1152         48          0         16          0      13652   stm32f4xx_rcc.o
       440         14          0          0          0       7812   stm32f4xx_sdio.o
       812         38          0          0          0       7569   stm32f4xx_spi.o
       124         16          0          0          0       2021   stm32f4xx_syscfg.o
      2524         52          0          0          0      23270   stm32f4xx_tim.o
       856         32          0          0          0       8416   stm32f4xx_usart.o
        16          0          0          0          0        552   sys.o
       816        164          4          0          0       6690   sys_arch.o
       380         36          0         20          0       2059   system_stm32f4xx.o
      4072        992        201         36          0      22657   tcp.o
      1832        780          0         24       3328      13067   tcp_client.o
      4380        810          0         28         20      15195   tcp_in.o
      4112        956         85          0          0      11179   tcp_out.o
       816        188          0         12          0      10528   tcpip.o
       388         34          0          4          0       1524   timer.o
       684        186          0          8          0       4019   timers.o
      3640         52       1216         12          0      17369   tjpgd.o
       308         88          0         12          0       4996   transport.o
      1188        194          0          8          0      15035   udp.o
       300         16          0          6        200       3611   usart.o
       516         20          0          8       1024       2995   usart2.o
      2840       1292         40         28          0       4812   usmart.o
         0          0        188        284          0       1712   usmart_config.o
      1064         12          0          0          0       6135   usmart_str.o
       880         50          0          2       4096       4955   w25qxx.o

    ----------------------------------------------------------------------
    155616      20146      56458       1308     387360    1168444   Object Totals
         0          0         32          0          0          0   (incl. Generated)
        12          0         14         20         14          0   (incl. Padding)

    ----------------------------------------------------------------------

      Code (inc. data)   RO Data    RW Data    ZI Data      Debug   Library Member Name

        60          8          0          0          0         84   __0sscanf.o
        24          4          0          0          0         84   __2printf.o
        44          6          0          0          0         84   __2sprintf.o
        90          0          0          0          0          0   __dczerorl2.o
         8          0          0          0          0         68   __main.o
       392          4         17          0          0         92   __printf_flags_ss_wp.o
        14          0          0          0          0         68   __printf_wp.o
         0          0          0          0          0          0   __rtentry.o
        12          0          0          0          0          0   __rtentry2.o
         6          0          0          0          0          0   __rtentry4.o
        52          8          0          0          0          0   __scatter.o
        28          0          0          0          0          0   __scatter_zi.o
        28          0          0          0          0         68   _chval.o
         6          0          0          0          0          0   _printf_c.o
        44          0          0          0          0        108   _printf_char.o
        48          6          0          0          0         96   _printf_char_common.o
        36          4          0          0          0         80   _printf_char_file.o
         6          0          0          0          0          0   _printf_d.o
       120         16          0          0          0         92   _printf_dec.o
         6          0          0          0          0          0   _printf_f.o
      1054          0          0          0          0        216   _printf_fp_dec.o
       128         16          0          0          0         84   _printf_fp_infnan.o
         6          0          0          0          0          0   _printf_g.o
        88          4         40          0          0         88   _printf_hex_int.o
         6          0          0          0          0          0   _printf_i.o
       178          0          0          0          0         88   _printf_intcommon.o
        78          0          0          0          0        108   _printf_pad.o
         0          0          0          0          0          0   _printf_percent.o
         4          0          0          0          0          0   _printf_percent_end.o
         6          0          0          0          0          0   _printf_s.o
        82          0          0          0          0         80   _printf_str.o
         6          0          0          0          0          0   _printf_u.o
         6          0          0          0          0          0   _printf_x.o
        22          0          0          0          0        100   _rserrno.o
       884          6          0          0          0        100   _scanf.o
        64          0          0          0          0         84   _sgetc.o
        10          0          0          0          0         68   _sputc.o
       158          0          0          0          0         92   _strtoul.o
        26          0          0          0          0         80   atoi.o
       228          4        148          0          0         96   bigflt0.o
      2152        136          0          0          0        960   btod.o
        18          0          0          0          0         80   exit.o
         8          0          0          0          0         68   ferror.o
        78          0          0          0          0         80   h1_free.o
         6          0          0          0          0        152   heapauxi.o
        18          0          0          0          0         76   isspace.o
        44         10        272          0          0         76   lc_ctype_c.o
        44         10         28          0          0         76   lc_numeric_c.o
         2          0          0          0          0          0   libinit.o
        34          0          0          0          0          0   libinit2.o
         2          0          0          0          0          0   libshutdown.o
         2          0          0          0          0          0   libshutdown2.o
         8          4          0          0         96         68   libspace.o
        72          0          0          0          0         76   llsdiv.o
        38          0          0          0          0         68   llshl.o
       138          0          0          0          0         80   lludiv10.o
       238          0          0          0          0        100   lludivv7m.o
        88          0          0          0          0         76   memcmp.o
        16          4          0          0          0         76   rt_ctype_table.o
         8          4          0          0          0         68   rt_errno_addr_intlibspace.o
         8          4          0          0          0         68   rt_heap_descriptor_intlibspace.o
         8          4          0          0          0         68   rt_locale_intlibspace.o
        68          0          0          0          0         68   rt_memclr.o
        78          0          0          0          0         80   rt_memclr_w.o
       138          0          0          0          0         68   rt_memcpy_v6.o
       100          0          0          0          0         80   rt_memcpy_w.o
         2          0          0          0          0          0   rtexit.o
        10          0          0          0          0          0   rtexit2.o
        44          8          0          0          0         84   scanf_char.o
      1272         16          0          0          0        168   scanf_fp.o
       800         14          0          0          0        100   scanf_hexfp.o
       308         16          0          0          0        100   scanf_infnan.o
        20          0          0          0          0         68   strchr.o
       128          0          0          0          0         68   strcmpv7m.o
        72          0          0          0          0         80   strcpy.o
        62          0          0          0          0         76   strlen.o
       150          0          0          0          0         80   strncmp.o
        36          0          0          0          0         80   strstr.o
       164         14          0          0          0        120   strtod.o
       112          0          0          0          0         88   strtol.o
        74          0          0          0          0         80   sys_stackheap_outer.o
        26          0          0          0          0         76   tolower.o
         2          0          0          0          0         68   use_no_semi.o
         2          0          0          0          0         68   use_no_semi_2.o
        98          4          0          0          0        140   d2f.o
       804         16          0          0          0        368   daddsub_clz.o
        16          4          0          0          0        116   dcheck1.o
        24          0          0          0          0        116   dcmpi.o
       688        140          0          0          0        256   ddiv.o
       120          4          0          0          0        140   deqf.o
        94          4          0          0          0        140   dfix.o
        90          4          0          0          0        140   dfixu.o
        84          0          0          0          0        232   dflt_clz.o
       120          4          0          0          0        140   dleqf.o
       340         12          0          0          0        152   dmul.o
       156          4          0          0          0        140   dnaninf.o
        12          0          0          0          0        116   dretinf.o
       108          0          0          0          0        128   drleqf.o
        86          4          0          0          0        132   f2d.o
       140          4          0          0          0        132   fnaninf.o
         0          0         16          0          0          0   fpconst.o
        10          0          0          0          0        116   fpinit.o
        10          0          0          0          0        116   fretinf.o
         6          0          0          0          0        116   istatus.o
         4          0          0          0          0        116   printf1.o
       100          0          0          0          0        116   retnan.o
        92          0          0          0          0        116   scalbn.o
         4          0          0          0          0        116   scanf1.o
         8          0          0          0          0        132   scanf2.o
        48          0          0          0          0        116   trapv.o
         0          0          0          0          0          0   usenofp.o
        64         16          0          0          0        248   dunder.o
        48          0          0          0          0        124   fpclassify.o
       140         22          0          0          0        132   frexp.o
       228          8          0          0          0        308   ldexp.o
       266         16          0          0          0        308   narrow.o
        40         10          0          0          0        128   strtod.o

    ----------------------------------------------------------------------
     14832        606        522          0        100      11120   Library Totals
        28          0          1          0          4          0   (incl. Padding)

    ----------------------------------------------------------------------

      Code (inc. data)   RO Data    RW Data    ZI Data      Debug   Library Name

     10756        330        505          0         96       6224   c_w.l
      3262        204         16          0          0       3648   fz_wm.l
       786         72          0          0          0       1248   m_wm.l

    ----------------------------------------------------------------------
     14832        606        522          0        100      11120   Library Totals

    ----------------------------------------------------------------------

==============================================================================


      Code (inc. data)   RO Data    RW Data    ZI Data      Debug   

    170448      20752      56980       1308     387460    1151376   Grand Totals
    170448      20752      56980        256     387460    1151376   ELF Image Totals (compressed)
    170448      20752      56980        256          0          0   ROM Totals

==============================================================================

    Total RO  Size (Code + RO Data)               227428 ( 222.10kB)
    Total RW  Size (RW Data + ZI Data)            388768 ( 379.66kB)
    Total ROM Size (Code + RO Data + RW Data)     227684 ( 222.35kB)

==============================================================================

