Component: ARM Compiler 5.06 update 6 (build 750) Tool: armlink [4d35ed]

==============================================================================

Section Cross References

    main.o(.text) refers to _printf_percent.o(.ARM.Collect$$_printf_percent$$00000000) for _printf_percent
    main.o(.text) refers to _printf_d.o(.ARM.Collect$$_printf_percent$$00000009) for _printf_d
    main.o(.text) refers to _printf_dec.o(.text) for _printf_int_dec
    main.o(.text) refers to _printf_f.o(.ARM.Collect$$_printf_percent$$00000003) for _printf_f
    main.o(.text) refers to _printf_s.o(.ARM.Collect$$_printf_percent$$00000014) for _printf_s
    main.o(.text) refers to printf1.o(x$fpl$printf1) for _printf_fp_dec
    main.o(.text) refers to _printf_str.o(.text) for _printf_str
    main.o(.text) refers to __2printf.o(.text) for __2printf
    main.o(.text) refers to os_mbox.o(.text) for OSMboxPend
    main.o(.text) refers to strstr.o(.text) for strstr
    main.o(.text) refers to rt_memcpy_v6.o(.text) for __aeabi_memcpy
    main.o(.text) refers to rt_memclr.o(.text) for __aeabi_memclr
    main.o(.text) refers to os_task.o(.text) for OSTaskStkChk
    main.o(.text) refers to os_time.o(.text) for OSTimeDlyHMSM
    main.o(.text) refers to stm32f4xx_usart.o(.text) for USART_ITConfig
    main.o(.text) refers to commit.o(.text) for Get_Gps
    main.o(.text) refers to __2sprintf.o(.text) for __2sprintf
    main.o(.text) refers to f2d.o(x$fpl$f2d) for __aeabi_f2d
    main.o(.text) refers to malloc.o(.text) for mem_perused
    main.o(.text) refers to cjson.o(.text) for cJSON_Version
    main.o(.text) refers to os_sem.o(.text) for OSSemPend
    main.o(.text) refers to mqtt_app.o(.text) for mqtt_thread
    main.o(.text) refers to httpd.o(.text) for httpd_init
    main.o(.text) refers to os_core.o(.text) for OSStatInit
    main.o(.text) refers to os_cpu_a.o(.text) for OS_CPU_SR_Save
    main.o(.text) refers to lwip_comm.o(.text) for lwip_comm_dhcp_creat
    main.o(.text) refers to commit.o(.bss) for Save_Data
    main.o(.text) refers to main.o(.data) for .data
    main.o(.text) refers to usart2.o(.data) for USART3_RX_STA
    main.o(.text) refers to main.o(.bss) for .bss
    main.o(.text) refers to usart2.o(.bss) for USART3_RX_BUF
    main.o(.text) refers to commit.o(.data) for sec
    main.o(.text) refers to mqtt_app.o(.data) for mode
    main.o(.text) refers to main.o(.conststring) for .conststring
    main.o(.text) refers to timer.o(.data) for TIM1CH4_CAPTURE_STA
    main.o(.text) refers to lwip_comm.o(.bss) for lwipdev
    main.o(.text) refers to task_stat.o(.text) for task_stat_info
    main.o(.text) refers to delay.o(.text) for delay_init
    main.o(.text) refers to misc.o(.text) for NVIC_PriorityGroupConfig
    main.o(.text) refers to usart.o(.text) for uart_init
    main.o(.text) refers to usart2.o(.text) for usart3_init
    main.o(.text) refers to w25qxx.o(.text) for W25QXX_Init
    main.o(.text) refers to myiic.o(.text) for IIC_Init
    main.o(.text) refers to led.o(.text) for FAN_Init
    main.o(.text) refers to exit.o(.text) for EXTIX_Init
    main.o(.text) refers to timer.o(.text) for TIM1_Int_Init
    main.o(.text) refers to sram.o(.text) for FSMC_SRAM_Init
    main.o(.text) refers to strlen.o(.text) for strlen
    main.o(.text) refers to tcp_client.o(.text) for tcp_client_init
    stm32f4xx_it.o(.text) refers to __2printf.o(.text) for __2printf
    system_stm32f4xx.o(.text) refers to system_stm32f4xx.o(.data) for .data
    task_stat.o(.text) refers to _printf_pad.o(.text) for _printf_pre_padding
    task_stat.o(.text) refers to _printf_percent.o(.ARM.Collect$$_printf_percent$$00000000) for _printf_percent
    task_stat.o(.text) refers to _printf_d.o(.ARM.Collect$$_printf_percent$$00000009) for _printf_d
    task_stat.o(.text) refers to _printf_s.o(.ARM.Collect$$_printf_percent$$00000014) for _printf_s
    task_stat.o(.text) refers to _printf_dec.o(.text) for _printf_int_dec
    task_stat.o(.text) refers to _printf_str.o(.text) for _printf_str
    task_stat.o(.text) refers to __2printf.o(.text) for __2printf
    task_stat.o(.text) refers to os_task.o(.text) for OSTaskStkChk
    task_stat.o(.text) refers to os_core.o(.bss) for OSTCBTbl
    task_stat.o(.text) refers to task_stat.o(.conststring) for .conststring
    key.o(.text) refers to stm32f4xx_rcc.o(.text) for RCC_AHB1PeriphClockCmd
    key.o(.text) refers to stm32f4xx_gpio.o(.text) for GPIO_Init
    key.o(.text) refers to delay.o(.text) for delay_ms
    key.o(.text) refers to key.o(.data) for .data
    led.o(.text) refers to stm32f4xx_rcc.o(.text) for RCC_AHB1PeriphClockCmd
    led.o(.text) refers to stm32f4xx_gpio.o(.text) for GPIO_Init
    timer.o(.text) refers to _printf_percent.o(.ARM.Collect$$_printf_percent$$00000000) for _printf_percent
    timer.o(.text) refers to _printf_d.o(.ARM.Collect$$_printf_percent$$00000009) for _printf_d
    timer.o(.text) refers to _printf_dec.o(.text) for _printf_int_dec
[...]
    cJSON_AddTrueToObject                    0x08019817   Thumb Code    42  cjson.o(.text)
    cJSON_CreateFalse                        0x08019841   Thumb Code    18  cjson.o(.text)
    cJSON_AddFalseToObject                   0x08019853   Thumb Code    42  cjson.o(.text)
    cJSON_CreateBool                         0x0801987d   Thumb Code    26  cjson.o(.text)
    cJSON_AddBoolToObject                    0x08019897   Thumb Code    44  cjson.o(.text)
    cJSON_CreateNumber                       0x080198c3   Thumb Code    98  cjson.o(.text)
    cJSON_AddNumberToObject                  0x08019925   Thumb Code    42  cjson.o(.text)
    cJSON_CreateString                       0x0801994f   Thumb Code    44  cjson.o(.text)
    cJSON_AddStringToObject                  0x0801997b   Thumb Code    44  cjson.o(.text)
    cJSON_CreateRaw                          0x080199a7   Thumb Code    44  cjson.o(.text)
    cJSON_AddRawToObject                     0x080199d3   Thumb Code    44  cjson.o(.text)
    cJSON_CreateObject                       0x080199ff   Thumb Code    18  cjson.o(.text)
    cJSON_AddObjectToObject                  0x08019a11   Thumb Code    42  cjson.o(.text)
    cJSON_CreateArray                        0x08019a3b   Thumb Code    18  cjson.o(.text)
    cJSON_AddArrayToObject                   0x08019a4d   Thumb Code    42  cjson.o(.text)
    cJSON_DetachItemViaPointer               0x08019a77   Thumb Code    44  cjson.o(.text)
    cJSON_DetachItemFromArray                0x08019aa3   Thumb Code    26  cjson.o(.text)
    cJSON_DeleteItemFromArray                0x08019abd   Thumb Code    14  cjson.o(.text)
    cJSON_DetachItemFromObject               0x08019acb   Thumb Code    18  cjson.o(.text)
    cJSON_DetachItemFromObjectCaseSensitive  0x08019add   Thumb Code    18  cjson.o(.text)
    cJSON_DeleteItemFromObject               0x08019aef   Thumb Code    14  cjson.o(.text)
    cJSON_DeleteItemFromObjectCaseSensitive  0x08019afd   Thumb Code    14  cjson.o(.text)
    cJSON_InsertItemInArray                  0x08019b0b   Thumb Code    52  cjson.o(.text)
    cJSON_ReplaceItemViaPointer              0x08019b3f   Thumb Code    82  cjson.o(.text)
    cJSON_ReplaceItemInArray                 0x08019b91   Thumb Code    28  cjson.o(.text)
    cJSON_free                               0x08019bad   Thumb Code     6  cjson.o(.text)
    cJSON_ReplaceItemInObject                0x08019bff   Thumb Code     4  cjson.o(.text)
    cJSON_ReplaceItemInObjectCaseSensitive   0x08019c03   Thumb Code     4  cjson.o(.text)
    cJSON_CreateStringReference              0x08019c07   Thumb Code    24  cjson.o(.text)
    cJSON_CreateObjectReference              0x08019c1f   Thumb Code    24  cjson.o(.text)
    cJSON_CreateArrayReference               0x08019c37   Thumb Code    24  cjson.o(.text)
    cJSON_CreateIntArray                     0x08019c4f   Thumb Code    84  cjson.o(.text)
    cJSON_CreateFloatArray                   0x08019ca3   Thumb Code    84  cjson.o(.text)
    cJSON_CreateDoubleArray                  0x08019cf7   Thumb Code    80  cjson.o(.text)
    cJSON_CreateStringArray                  0x08019d47   Thumb Code    76  cjson.o(.text)
    cJSON_Duplicate                          0x08019d93   Thumb Code   128  cjson.o(.text)
    cJSON_Minify                             0x08019e13   Thumb Code   148  cjson.o(.text)
    cJSON_IsInvalid                          0x08019ea7   Thumb Code    20  cjson.o(.text)
    cJSON_IsFalse                            0x08019ebb   Thumb Code    14  cjson.o(.text)
    cJSON_IsTrue                             0x08019ec9   Thumb Code    18  cjson.o(.text)
    cJSON_IsBool                             0x08019edb   Thumb Code    14  cjson.o(.text)
    cJSON_IsNull                             0x08019ee9   Thumb Code    18  cjson.o(.text)
    cJSON_IsNumber                           0x08019efb   Thumb Code    18  cjson.o(.text)
    cJSON_IsArray                            0x08019f0d   Thumb Code    18  cjson.o(.text)
    cJSON_IsObject                           0x08019f1f   Thumb Code    18  cjson.o(.text)
    cJSON_IsRaw                              0x08019f31   Thumb Code    18  cjson.o(.text)
    cJSON_Compare                            0x08019f43   Thumb Code   278  cjson.o(.text)
    cJSON_malloc                             0x0801a059   Thumb Code     6  cjson.o(.text)
    __use_no_semihosting                     0x0801a2dd   Thumb Code     2  use_no_semi_2.o(.text)
    __rt_ctype_table                         0x0801a2e1   Thumb Code    16  rt_ctype_table.o(.text)
    free                                     0x0801a2f1   Thumb Code    78  h1_free.o(.text)
    tolower                                  0x0801a33f   Thumb Code    26  tolower.o(.text)
    __2printf                                0x0801a359   Thumb Code    20  __2printf.o(.text)
    __2sprintf                               0x0801a371   Thumb Code    38  __2sprintf.o(.text)
    _printf_pre_padding                      0x0801a39d   Thumb Code    44  _printf_pad.o(.text)
    _printf_post_padding                     0x0801a3c9   Thumb Code    34  _printf_pad.o(.text)
    _printf_str                              0x0801a3eb   Thumb Code    82  _printf_str.o(.text)
    _printf_int_dec                          0x0801a43d   Thumb Code   104  _printf_dec.o(.text)
    _printf_int_hex                          0x0801a4b5   Thumb Code    84  _printf_hex_int.o(.text)
    _printf_longlong_hex                     0x0801a4b5   Thumb Code     0  _printf_hex_int.o(.text)
    __printf                                 0x0801a50d   Thumb Code   308  __printf_flags_wp.o(.text)
    __0sscanf                                0x0801a645   Thumb Code    52  __0sscanf.o(.text)
    atoi                                     0x0801a681   Thumb Code    26  atoi.o(.text)
    strchr                                   0x0801a69b   Thumb Code    20  strchr.o(.text)
    strstr                                   0x0801a6af   Thumb Code    36  strstr.o(.text)
    memcmp                                   0x0801a6d3   Thumb Code    88  memcmp.o(.text)
    strcpy                                   0x0801a72b   Thumb Code    72  strcpy.o(.text)
    strlen                                   0x0801a773   Thumb Code    62  strlen.o(.text)
    strncmp                                  0x0801a7b1   Thumb Code   150  strncmp.o(.text)
    __aeabi_memcpy                           0x0801a847   Thumb Code     0  rt_memcpy_v6.o(.text)
    __rt_memcpy                              0x0801a847   Thumb Code   138  rt_memcpy_v6.o(.text)
    _memcpy_lastbytes                        0x0801a8ad   Thumb Code     0  rt_memcpy_v6.o(.text)
    __aeabi_memcpy4                          0x0801a8d1   Thumb Code     0  rt_memcpy_w.o(.text)
    __aeabi_memcpy8                          0x0801a8d1   Thumb Code     0  rt_memcpy_w.o(.text)
    __rt_memcpy_w                            0x0801a8d1   Thumb Code   100  rt_memcpy_w.o(.text)
    _memcpy_lastbytes_aligned                0x0801a919   Thumb Code     0  rt_memcpy_w.o(.text)
    __aeabi_memclr                           0x0801a935   Thumb Code     0  rt_memclr.o(.text)
    __rt_memclr                              0x0801a935   Thumb Code    68  rt_memclr.o(.text)
    _memset                                  0x0801a939   Thumb Code     0  rt_memclr.o(.text)
    __aeabi_memclr4                          0x0801a979   Thumb Code     0  rt_memclr_w.o(.text)
    __aeabi_memclr8                          0x0801a979   Thumb Code     0  rt_memclr_w.o(.text)
    __rt_memclr_w                            0x0801a979   Thumb Code    78  rt_memclr_w.o(.text)
    _memset_w                                0x0801a97d   Thumb Code     0  rt_memclr_w.o(.text)
    strcmp                                   0x0801a9c9   Thumb Code   128  strcmpv7m.o(.text)
    __use_two_region_memory                  0x0801aa49   Thumb Code     2  heapauxi.o(.text)
    __rt_heap_escrow                         0x0801aa4b   Thumb Code     2  heapauxi.o(.text)
    __rt_heap_expand                         0x0801aa4d   Thumb Code     2  heapauxi.o(.text)
    __I$use$semihosting                      0x0801aa4f   Thumb Code     0  use_no_semi.o(.text)
    __use_no_semihosting_swi                 0x0801aa4f   Thumb Code     2  use_no_semi.o(.text)
    __rt_heap_descriptor                     0x0801aa51   Thumb Code     8  rt_heap_descriptor_intlibspace.o(.text)
    __rt_locale                              0x0801aa59   Thumb Code     8  rt_locale_intlibspace.o(.text)
    __aeabi_errno_addr                       0x0801aa61   Thumb Code     8  rt_errno_addr_intlibspace.o(.text)
    __errno$intlibspace                      0x0801aa61   Thumb Code     0  rt_errno_addr_intlibspace.o(.text)
    __rt_errno_addr$intlibspace              0x0801aa61   Thumb Code     0  rt_errno_addr_intlibspace.o(.text)
    _printf_int_common                       0x0801aa69   Thumb Code   178  _printf_intcommon.o(.text)
    __lib_sel_fp_printf                      0x0801ab1b   Thumb Code     2  _printf_fp_dec.o(.text)
    _printf_fp_dec_real                      0x0801accd   Thumb Code   620  _printf_fp_dec.o(.text)
    _printf_char_common                      0x0801af43   Thumb Code    32  _printf_char_common.o(.text)
    _sputc                                   0x0801af69   Thumb Code    10  _sputc.o(.text)
    _printf_cs_common                        0x0801af73   Thumb Code    20  _printf_char.o(.text)
    _printf_char                             0x0801af87   Thumb Code    16  _printf_char.o(.text)
    _printf_string                           0x0801af97   Thumb Code     8  _printf_char.o(.text)
    _printf_char_file                        0x0801afa1   Thumb Code    32  _printf_char_file.o(.text)
    _scanf_really_real                       0x0801b211   Thumb Code   684  scanf_fp.o(.text)
    __vfscanf_char                           0x0801b4c9   Thumb Code    24  scanf_char.o(.text)
    _sgetc                                   0x0801b4e9   Thumb Code    30  _sgetc.o(.text)
    _sbackspace                              0x0801b507   Thumb Code    34  _sgetc.o(.text)
    __strtod_int                             0x0801b565   Thumb Code    90  strtod.o(.text)
    strtol                                   0x0801b5cd   Thumb Code   112  strtol.o(.text)
    __user_libspace                          0x0801b63d   Thumb Code     8  libspace.o(.text)
    __user_perproc_libspace                  0x0801b63d   Thumb Code     0  libspace.o(.text)
    __user_perthread_libspace                0x0801b63d   Thumb Code     0  libspace.o(.text)
    _ll_udiv10                               0x0801b645   Thumb Code   138  lludiv10.o(.text)
    isspace                                  0x0801b6cf   Thumb Code    18  isspace.o(.text)
    _printf_fp_infnan                        0x0801b6e1   Thumb Code   112  _printf_fp_infnan.o(.text)
    __vfscanf                                0x0801b761   Thumb Code   878  _scanf.o(.text)
    _strtoul                                 0x0801bad5   Thumb Code   158  _strtoul.o(.text)
    _btod_etento                             0x0801bb75   Thumb Code   224  bigflt0.o(.text)
    ferror                                   0x0801bc59   Thumb Code     8  ferror.o(.text)
    __user_setup_stackheap                   0x0801bc61   Thumb Code    74  sys_stackheap_outer.o(.text)
    __read_errno                             0x0801bcab   Thumb Code    10  _rserrno.o(.text)
    __set_errno                              0x0801bcb5   Thumb Code    12  _rserrno.o(.text)
    _chval                                   0x0801bcc1   Thumb Code    28  _chval.o(.text)
    _scanf_really_hex_real                   0x0801bcdd   Thumb Code   786  scanf_hexfp.o(.text)
    _scanf_really_infnan                     0x0801bffd   Thumb Code   292  scanf_infnan.o(.text)
    exit                                     0x0801c131   Thumb Code    18  exit.o(.text)
    __aeabi_llsl                             0x0801c143   Thumb Code     0  llshl.o(.text)
    _ll_shift_l                              0x0801c143   Thumb Code    38  llshl.o(.text)
    _btod_d2e                                0x0801c169   Thumb Code    62  btod.o(CL$$btod_d2e)
    _d2e_denorm_low                          0x0801c1a7   Thumb Code    70  btod.o(CL$$btod_d2e_denorm_low)
    _d2e_norm_op1                            0x0801c1ed   Thumb Code    96  btod.o(CL$$btod_d2e_norm_op1)
    __btod_div_common                        0x0801c24d   Thumb Code   696  btod.o(CL$$btod_div_common)
    _e2d                                     0x0801c585   Thumb Code   122  btod.o(CL$$btod_e2d)
    _e2e                                     0x0801c609   Thumb Code   220  btod.o(CL$$btod_e2e)
    _btod_ediv                               0x0801c6e5   Thumb Code    42  btod.o(CL$$btod_ediv)
    _btod_edivd                              0x0801c70f   Thumb Code    42  btod.o(CL$$btod_edivd)
    _btod_emul                               0x0801c739   Thumb Code    42  btod.o(CL$$btod_emul)
    _btod_emuld                              0x0801c763   Thumb Code    42  btod.o(CL$$btod_emuld)
    __btod_mult_common                       0x0801c78d   Thumb Code   580  btod.o(CL$$btod_mult_common)
    __ARM_fpclassify                         0x0801c9d1   Thumb Code    48  fpclassify.o(i.__ARM_fpclassify)
    __hardfp___mathlib_tofloat               0x0801ca01   Thumb Code   232  narrow.o(i.__hardfp___mathlib_tofloat)
    __hardfp_ldexp                           0x0801caf9   Thumb Code   200  ldexp.o(i.__hardfp_ldexp)
    __hardfp_strtod                          0x0801cbc9   Thumb Code    30  strtod.o(i.__hardfp_strtod)
    __mathlib_dbl_overflow                   0x0801cbf1   Thumb Code    24  dunder.o(i.__mathlib_dbl_overflow)
    __mathlib_dbl_underflow                  0x0801cc11   Thumb Code    24  dunder.o(i.__mathlib_dbl_underflow)
    __mathlib_narrow                         0x0801cc31   Thumb Code    18  narrow.o(i.__mathlib_narrow)
    __support_ldexp                          0x0801cc43   Thumb Code    20  ldexp.o(i.__support_ldexp)
    _is_digit                                0x0801cc57   Thumb Code    14  __printf_wp.o(i._is_digit)
    frexp                                    0x0801cc69   Thumb Code   118  frexp.o(i.frexp)
    _get_lc_ctype                            0x0801ccf5   Thumb Code    44  lc_ctype_c.o(locale$$code)
    _get_lc_numeric                          0x0801cd21   Thumb Code    44  lc_numeric_c.o(locale$$code)
    __aeabi_d2f                              0x0801cd4d   Thumb Code     0  d2f.o(x$fpl$d2f)
    _d2f                                     0x0801cd4d   Thumb Code    98  d2f.o(x$fpl$d2f)
    __aeabi_dadd                             0x0801cdb1   Thumb Code     0  daddsub_clz.o(x$fpl$dadd)
    _dadd                                    0x0801cdb1   Thumb Code   332  daddsub_clz.o(x$fpl$dadd)
    __fpl_dcheck_NaN1                        0x0801cf01   Thumb Code    10  dcheck1.o(x$fpl$dcheck1)
    __fpl_dcmp_Inf                           0x0801cf11   Thumb Code    24  dcmpi.o(x$fpl$dcmpinf)
    __aeabi_ddiv                             0x0801cf29   Thumb Code     0  ddiv.o(x$fpl$ddiv)
    _ddiv                                    0x0801cf29   Thumb Code   552  ddiv.o(x$fpl$ddiv)
    __aeabi_cdcmpeq                          0x0801d1d9   Thumb Code     0  deqf.o(x$fpl$deqf)
    _dcmpeq                                  0x0801d1d9   Thumb Code   120  deqf.o(x$fpl$deqf)
    __aeabi_d2iz                             0x0801d251   Thumb Code     0  dfix.o(x$fpl$dfix)
    _dfix                                    0x0801d251   Thumb Code    94  dfix.o(x$fpl$dfix)
    __aeabi_i2d                              0x0801d2af   Thumb Code     0  dflt_clz.o(x$fpl$dflt)
    _dflt                                    0x0801d2af   Thumb Code    46  dflt_clz.o(x$fpl$dflt)
    __aeabi_ui2d                             0x0801d2dd   Thumb Code     0  dflt_clz.o(x$fpl$dfltu)
    _dfltu                                   0x0801d2dd   Thumb Code    38  dflt_clz.o(x$fpl$dfltu)
    __aeabi_cdcmple                          0x0801d305   Thumb Code     0  dleqf.o(x$fpl$dleqf)
    _dcmple                                  0x0801d305   Thumb Code   120  dleqf.o(x$fpl$dleqf)
    __fpl_dcmple_InfNaN                      0x0801d367   Thumb Code     0  dleqf.o(x$fpl$dleqf)
    __aeabi_dmul                             0x0801d37d   Thumb Code     0  dmul.o(x$fpl$dmul)
    _dmul                                    0x0801d37d   Thumb Code   332  dmul.o(x$fpl$dmul)
    __fpl_dnaninf                            0x0801d4d1   Thumb Code   156  dnaninf.o(x$fpl$dnaninf)
    __fpl_dretinf                            0x0801d56d   Thumb Code    12  dretinf.o(x$fpl$dretinf)
    __aeabi_cdrcmple                         0x0801d579   Thumb Code     0  drleqf.o(x$fpl$drleqf)
    _drcmple                                 0x0801d579   Thumb Code   108  drleqf.o(x$fpl$drleqf)
    __aeabi_dsub                             0x0801d5e5   Thumb Code     0  daddsub_clz.o(x$fpl$dsub)
    _dsub                                    0x0801d5e5   Thumb Code   464  daddsub_clz.o(x$fpl$dsub)
    __aeabi_f2d                              0x0801d7b9   Thumb Code     0  f2d.o(x$fpl$f2d)
    _f2d                                     0x0801d7b9   Thumb Code    86  f2d.o(x$fpl$f2d)
    __fpl_fnaninf                            0x0801d80f   Thumb Code   140  fnaninf.o(x$fpl$fnaninf)
    _fp_init                                 0x0801d89b   Thumb Code    10  fpinit.o(x$fpl$fpinit)
    __fplib_config_fpu_vfp                   0x0801d8a3   Thumb Code     0  fpinit.o(x$fpl$fpinit)
    __fplib_config_pureend_doubles           0x0801d8a3   Thumb Code     0  fpinit.o(x$fpl$fpinit)
    __fpl_fretinf                            0x0801d8a5   Thumb Code    10  fretinf.o(x$fpl$fretinf)
    __ieee_status                            0x0801d8af   Thumb Code     6  istatus.o(x$fpl$ieeestatus)
    _printf_fp_dec                           0x0801d8b5   Thumb Code     4  printf1.o(x$fpl$printf1)
    __fpl_return_NaN                         0x0801d8b9   Thumb Code   100  retnan.o(x$fpl$retnan)
    __ARM_scalbn                             0x0801d91d   Thumb Code    92  scalbn.o(x$fpl$scalbn)
    _scanf_real                              0x0801d979   Thumb Code     4  scanf1.o(x$fpl$scanf1)
    _scanf_hex_real                          0x0801d97d   Thumb Code     4  scanf2.o(x$fpl$scanf2)
    _scanf_infnan                            0x0801d981   Thumb Code     4  scanf2.o(x$fpl$scanf2)
    __fpl_cmpreturn                          0x0801d985   Thumb Code    48  trapv.o(x$fpl$trapveneer)
    FSMC_DefaultTimingStruct                 0x0801d9b4   Data          28  stm32f4xx_fsmc.o(.constdata)
    __I$use$fp                               0x0801d9b4   Number         0  usenofp.o(x$fpl$usenofp)
    file__image_logo_png                     0x08028c1c   Data          20  fs.o(.constdata)
    file__image_success_jpg                  0x08028c30   Data          20  fs.o(.constdata)
    file__LYDX_01_INIT_shtml                 0x08028c44   Data          20  fs.o(.constdata)
    file__success_shtml                      0x08028c58   Data          20  fs.o(.constdata)
    g_psDefaultFilenames                     0x08028c6c   Data          40  httpd.o(.constdata)
    ethbroadcast                             0x08028c9c   Data           6  etharp.o(.constdata)
    ethzero                                  0x08028ca2   Data           6  etharp.o(.constdata)
    ip_addr_any                              0x08028ca8   Data           4  ip_addr.o(.constdata)
    ip_addr_broadcast                        0x08028cac   Data           4  ip_addr.o(.constdata)
    tcp_persist_backoff                      0x08028cec   Data           7  tcp.o(.constdata)
    tcp_state_str                            0x08028cf4   Data          44  tcp.o(.constdata)
    tcp_backoff                              0x08028d20   Data          13  tcp.o(.constdata)
    tcp_pcb_lists                            0x08028d30   Data          16  tcp.o(.constdata)
    pvNullPointer                            0x08028d40   Data           4  sys_arch.o(.constdata)
    OSUnMapTbl                               0x08028d84   Data         256  os_core.o(.constdata)
    memtblsize                               0x08028e84   Data          12  malloc.o(.constdata)
    memblksize                               0x08028e90   Data          12  malloc.o(.constdata)
    memsize                                  0x08028e9c   Data          12  malloc.o(.constdata)
    Region$$Table$$Base                      0x08029480   Number         0  anon$$obj.o(Region$$Table)
    Region$$Table$$Limit                     0x080294a0   Number         0  anon$$obj.o(Region$$Table)
    __aeabi_HUGE_VAL                         0x080294a0   Data           0  fpconst.o(c$$dinf)
    __aeabi_HUGE_VALL                        0x080294a0   Data           0  fpconst.o(c$$dinf)
    __aeabi_INFINITY                         0x080294a0   Data           0  fpconst.o(c$$dinf)
    __dInf                                   0x080294a0   Data           0  fpconst.o(c$$dinf)
    __huge_val                               0x080294a0   Data           0  fpconst.o(c$$dinf)
    __dbl_max                                0x080294a8   Data           0  fpconst.o(c$$dmax)
    __ctype                                  0x080294bd   Data           0  lc_ctype_c.o(locale$$data)
    mem3base                                 0x10000000   Data       51200  malloc.o(.ARM.__AT_0x10000000)
    mem3mapbase                              0x1000c800   Data        3200  malloc.o(.ARM.__AT_0x1000C800)
    fan_warn                                 0x20000000   Data           1  main.o(.data)
    sonboardloadover                         0x20000001   Data           1  main.o(.data)
    buf2                                     0x20000004   Data           4  main.o(.data)
    buf3                                     0x20000008   Data           4  main.o(.data)
    ss                                       0x2000000c   Data           4  main.o(.data)
    regist_msg_ptr                           0x20000010   Data           4  main.o(.data)
    box_msg_ptr                              0x20000014   Data           4  main.o(.data)
    BOX_TIMING_PTR                           0x20000018   Data           4  main.o(.data)
    temperature                              0x2000001c   Data           4  main.o(.data)
    humidity                                 0x20000020   Data           4  main.o(.data)
    SystemCoreClock                          0x20000024   Data           4  system_stm32f4xx.o(.data)
    AHBPrescTable                            0x20000028   Data          16  system_stm32f4xx.o(.data)
    TIM1CH4_CAPTURE_STA                      0x2000003a   Data           1  timer.o(.data)
    TIM1CH4_CAPTURE_VAL                      0x2000003c   Data           2  timer.o(.data)
    DMARxDscrTab                             0x20000040   Data           4  lan8720.o(.data)
    DMATxDscrTab                             0x20000044   Data           4  lan8720.o(.data)
    Rx_Buff                                  0x20000048   Data           4  lan8720.o(.data)
    Tx_Buff                                  0x2000004c   Data           4  lan8720.o(.data)
    W25QXX_TYPE                              0x20000050   Data           2  w25qxx.o(.data)
    DMATxDescToSet                           0x20000064   Data           4  stm32f4x7_eth.o(.data)
    DMARxDescToGet                           0x20000068   Data           4  stm32f4x7_eth.o(.data)
    DMA_RX_FRAME_infos                       0x2000006c   Data           4  stm32f4x7_eth.o(.data)
    USART_RX_STA                             0x20000074   Data           2  usart.o(.data)
    __stdout                                 0x20000078   Data           4  usart.o(.data)
    door_flag                                0x2000007c   Data           1  exit.o(.data)
    point1                                   0x20000080   Data           2  commit.o(.data)
    year                                     0x20000084   Data           4  commit.o(.data)
    mouth                                    0x20000088   Data           4  commit.o(.data)
    date                                     0x2000008c   Data           4  commit.o(.data)
    hour                                     0x20000090   Data           4  commit.o(.data)
    min                                      0x20000094   Data           4  commit.o(.data)
    sec                                      0x20000098   Data           4  commit.o(.data)
    USART3_RX_STA                            0x2000009c   Data           2  usart2.o(.data)
    delayTime                                0x200000a0   Data           4  usart2.o(.data)
    TCPIP_THREAD_TASK_STK                    0x200000a4   Data           4  lwip_comm.o(.data)
    LWIP_DHCP_TASK_STK                       0x200000a8   Data           4  lwip_comm.o(.data)
    tcp_clientconn                           0x200000b8   Data           4  tcp_client.o(.data)
    root                                     0x200000bc   Data           4  tcp_client.o(.data)
    sendbuf                                  0x200000c0   Data           4  tcp_client.o(.data)
    g_pCGIs                                  0x200000c4   Data           4  httpd.o(.data)
    g_iNumCGIs                               0x200000c8   Data           4  httpd.o(.data)
    DevicePower_buf                          0x200000cc   Data           4  httpd_cgi_ssi.o(.data)
    current_netif                            0x200000d8   Data           4  ip.o(.data)
    current_header                           0x200000dc   Data           4  ip.o(.data)
    current_iphdr_src                        0x200000e0   Data           4  ip.o(.data)
    current_iphdr_dest                       0x200000e4   Data           4  ip.o(.data)
    memp_memory                              0x20000108   Data           4  memp.o(.data)
    netif_list                               0x20000110   Data           4  netif.o(.data)
    netif_default                            0x20000114   Data           4  netif.o(.data)
    tcp_active_pcbs_changed                  0x2000011c   Data           1  tcp.o(.data)
    tcp_ticks                                0x20000128   Data           4  tcp.o(.data)
    tcp_bound_pcbs                           0x2000012c   Data           4  tcp.o(.data)
    tcp_listen_pcbs                          0x20000130   Data           4  tcp.o(.data)
    tcp_active_pcbs                          0x20000134   Data           4  tcp.o(.data)
    tcp_tw_pcbs                              0x20000138   Data           4  tcp.o(.data)
    tcp_tmp_pcb                              0x2000013c   Data           4  tcp.o(.data)
    tcp_input_pcb                            0x20000158   Data           4  tcp_in.o(.data)
    udp_pcbs                                 0x20000168   Data           4  udp.o(.data)
    ram_heap                                 0x2000016c   Data           4  mem.o(.data)
    h_errno                                  0x20000188   Data           4  netdb.o(.data)
    OSCPUUsage                               0x200001a8   Data           1  os_core.o(.data)
    OSStatRdy                                0x200001a9   Data           1  os_core.o(.data)
    OSIntNesting                             0x200001aa   Data           1  os_core.o(.data)
    OSLockNesting                            0x200001ab   Data           1  os_core.o(.data)
    OSPrioCur                                0x200001ac   Data           1  os_core.o(.data)
    OSPrioHighRdy                            0x200001ad   Data           1  os_core.o(.data)
    OSRdyGrp                                 0x200001ae   Data           1  os_core.o(.data)
    OSRunning                                0x200001af   Data           1  os_core.o(.data)
    OSTaskCtr                                0x200001b0   Data           1  os_core.o(.data)
    OSTickStepState                          0x200001b1   Data           1  os_core.o(.data)
    OSCtxSwCtr                               0x200001b4   Data           4  os_core.o(.data)
    OSEventFreeList                          0x200001b8   Data           4  os_core.o(.data)
    OSIdleCtrMax                             0x200001bc   Data           4  os_core.o(.data)
    OSIdleCtrRun                             0x200001c0   Data           4  os_core.o(.data)
    OSIdleCtr                                0x200001c4   Data           4  os_core.o(.data)
    OSTCBCur                                 0x200001c8   Data           4  os_core.o(.data)
    OSTCBFreeList                            0x200001cc   Data           4  os_core.o(.data)
    OSTCBHighRdy                             0x200001d0   Data           4  os_core.o(.data)
    OSTCBList                                0x200001d4   Data           4  os_core.o(.data)
    OSTime                                   0x200001d8   Data           4  os_core.o(.data)
    OSRdyTbl                                 0x200001dc   Data           8  os_core.o(.data)
    OSFlagFreeList                           0x200001e4   Data           4  os_core.o(.data)
    OSMemFreeList                            0x200001e8   Data           4  os_core.o(.data)
    OSQFreeList                              0x200001ec   Data           4  os_core.o(.data)
    OSTmrFree                                0x200001f0   Data           2  os_core.o(.data)
    OSTmrUsed                                0x200001f2   Data           2  os_core.o(.data)
    OSTmrTime                                0x200001f4   Data           4  os_core.o(.data)
    OSTmrSem                                 0x200001f8   Data           4  os_core.o(.data)
    OSTmrSemSignal                           0x200001fc   Data           4  os_core.o(.data)
    OSTmrFreeList                            0x20000200   Data           4  os_core.o(.data)
    mallco_dev                               0x20000208   Data          36  malloc.o(.data)
    mode                                     0x2000022c   Data           1  mqtt_app.o(.data)
    rdbuf                                    0x20000230   Data           4  mqtt_app.o(.data)
    payload_out                              0x20000234   Data           4  mqtt_app.o(.data)
    payload_out_len                          0x20000238   Data           4  mqtt_app.o(.data)
    START_TASK_STK                           0x20000260   Data         512  main.o(.bss)
    _payload_out                             0x20001160   Data         516  main.o(.bss)
    TIME_BUF                                 0x20001364   Data          25  main.o(.bss)
    get_passidbuf                            0x2000137d   Data          50  main.o(.bss)
    W25QXX_BUFFER                            0x200013af   Data        4096  w25qxx.o(.bss)
    RX_Frame_Descriptor                      0x200023b0   Data          12  stm32f4x7_eth.o(.bss)
    USART_RX_BUF                             0x200023bc   Data         200  usart.o(.bss)
    Save_Data                                0x20002484   Data         136  commit.o(.bss)
    USART2_RX_BUF                            0x2000250c   Data         200  commit.o(.bss)
    USART3_RX_BUF                            0x200025d4   Data        1024  usart2.o(.bss)
    lwipdev                                  0x200029d4   Data          23  lwip_comm.o(.bss)
    lwip_netif                               0x200029ec   Data          52  lwip_comm.o(.bss)
    regist_buf                               0x20002a20   Data          64  tcp_client.o(.bss)
    passcode_buf                             0x20002a60   Data          64  tcp_client.o(.bss)
    tcp_client_recvbuf                       0x20002aa0   Data        2000  tcp_client.o(.bss)
    TCPCLIENT_TASK_STK                       0x20003270   Data        1200  tcp_client.o(.bss)
    fs_memory                                0x20003720   Data         240  fs.o(.bss)
    Device_buf                               0x20003c10   Data        1024  httpd_cgi_ssi.o(.bss)
    dhcp_rx_options_val                      0x200040e8   Data          40  dhcp.o(.bss)
    dhcp_rx_options_given                    0x20004110   Data          10  dhcp.o(.bss)
    OSEventTbl                               0x20004844   Data         264  os_core.o(.bss)
    OSTaskStatStk                            0x2000494c   Data         512  os_core.o(.bss)
    OSTaskIdleStk                            0x20004b4c   Data         512  os_core.o(.bss)
    OSTCBPrioTbl                             0x20004d4c   Data         256  os_core.o(.bss)
    OSTCBTbl                                 0x20004e4c   Data        1008  os_core.o(.bss)
    OSFlagTbl                                0x2000523c   Data          80  os_core.o(.bss)
    OSMemTbl                                 0x2000528c   Data         120  os_core.o(.bss)
    OSQTbl                                   0x20005304   Data         120  os_core.o(.bss)
    OSTmrTbl                                 0x2000537c   Data         640  os_core.o(.bss)
    OSTmrTaskStk                             0x200055fc   Data         512  os_core.o(.bss)
    OSTmrWheelTbl                            0x200057fc   Data          64  os_core.o(.bss)
    mem1base                                 0x2000583c   Data       81920  malloc.o(.bss)
    mem1mapbase                              0x2001983c   Data        5120  malloc.o(.bss)
    rdfromflash_regist_buf                   0x2001ac3c   Data          64  mqtt_app.o(.bss)
    rdfromflash_query_buf                    0x2001ac7c   Data          64  mqtt_app.o(.bss)
    __libspace_start                         0x2001accc   Data          96  libspace.o(.bss)
    __temporary_stack_top$libspace           0x2001ad2c   Data           0  libspace.o(.bss)
    mem2base                                 0x68000000   Data       204800  malloc.o(.ARM.__AT_0x68000000)
    mem2mapbase                              0x68032000   Data       12800  malloc.o(.ARM.__AT_0x68032000)



==============================================================================

Memory Map of the image

  Image Entry point : 0x08000189

  Load Region LR_IROM1 (Base: 0x08000000, Size: 0x0002983c, Max: 0x00100000, ABSOLUTE, COMPRESSED[0x00029634])

    Execution Region ER_IROM1 (Exec base: 0x08000000, Load base: 0x08000000, Size: 0x000295dc, Max: 0x00100000, ABSOLUTE)

    Exec Addr    Load Addr    Size         Type   Attr      Idx    E Section Name        Object

    0x08000000   0x08000000   0x00000188   Data   RO          686    RESET               startup_stm32f40_41xxx.o
    0x08000188   0x08000188   0x00000008   Code   RO         3134  * !!!main             c_w.l(__main.o)
    0x08000190   0x08000190   0x00000034   Code   RO         3555    !!!scatter          c_w.l(__scatter.o)
    0x080001c4   0x080001c4   0x0000005a   Code   RO         3553    !!dczerorl2         c_w.l(__dczerorl2.o)
    0x0800021e   0x0800021e   0x00000002   PAD
    0x08000220   0x08000220   0x0000001c   Code   RO         3557    !!handler_zi        c_w.l(__scatter_zi.o)
    0x0800023c   0x0800023c   0x00000000   Code   RO         3105    .ARM.Collect$$_printf_percent$$00000000  c_w.l(_printf_percent.o)
    0x0800023c   0x0800023c   0x00000006   Code   RO         3103    .ARM.Collect$$_printf_percent$$00000003  c_w.l(_printf_f.o)
    0x08000242   0x08000242   0x00000006   Code   RO         3104    .ARM.Collect$$_printf_percent$$00000005  c_w.l(_printf_g.o)
    0x08000248   0x08000248   0x00000006   Code   RO         3101    .ARM.Collect$$_printf_percent$$00000008  c_w.l(_printf_i.o)
    0x0800024e   0x0800024e   0x00000006   Code   RO         3102    .ARM.Collect$$_printf_percent$$00000009  c_w.l(_printf_d.o)
    0x08000254   0x08000254   0x00000006   Code   RO         3100    .ARM.Collect$$_printf_percent$$0000000C  c_w.l(_printf_x.o)
    0x0800025a   0x0800025a   0x00000006   Code   RO         3099    .ARM.Collect$$_printf_percent$$00000014  c_w.l(_printf_s.o)
    0x08000260   0x08000260   0x00000004   Code   RO         3238    .ARM.Collect$$_printf_percent$$00000017  c_w.l(_printf_percent_end.o)
    0x08000264   0x08000264   0x00000002   Code   RO         3442    .ARM.Collect$$libinit$$00000000  c_w.l(libinit.o)
    0x08000266   0x08000266   0x00000004   Code   RO         3344    .ARM.Collect$$libinit$$00000001  c_w.l(libinit2.o)
    0x0800026a   0x0800026a   0x00000000   Code   RO         3347    .ARM.Collect$$libinit$$00000004  c_w.l(libinit2.o)
    0x0800026a   0x0800026a   0x00000000   Code   RO         3350    .ARM.Collect$$libinit$$0000000A  c_w.l(libinit2.o)
    0x0800026a   0x0800026a   0x00000000   Code   RO         3352    .ARM.Collect$$libinit$$0000000C  c_w.l(libinit2.o)
    0x0800026a   0x0800026a   0x00000000   Code   RO         3354    .ARM.Collect$$libinit$$0000000E  c_w.l(libinit2.o)
    0x0800026a   0x0800026a   0x00000006   Code   RO         3355    .ARM.Collect$$libinit$$0000000F  c_w.l(libinit2.o)
    0x08000270   0x08000270   0x00000000   Code   RO         3357    .ARM.Collect$$libinit$$00000011  c_w.l(libinit2.o)
    0x08000270   0x08000270   0x0000000c   Code   RO         3358    .ARM.Collect$$libinit$$00000012  c_w.l(libinit2.o)
    0x0800027c   0x0800027c   0x00000000   Code   RO         3359    .ARM.Collect$$libinit$$00000013  c_w.l(libinit2.o)
    0x0800027c   0x0800027c   0x00000000   Code   RO         3361    .ARM.Collect$$libinit$$00000015  c_w.l(libinit2.o)
    0x0800027c   0x0800027c   0x0000000a   Code   RO         3362    .ARM.Collect$$libinit$$00000016  c_w.l(libinit2.o)
    0x08000286   0x08000286   0x00000000   Code   RO         3363    .ARM.Collect$$libinit$$00000017  c_w.l(libinit2.o)
    0x08000286   0x08000286   0x00000000   Code   RO         3365    .ARM.Collect$$libinit$$00000019  c_w.l(libinit2.o)
    0x08000286   0x08000286   0x00000000   Code   RO         3367    .ARM.Collect$$libinit$$0000001B  c_w.l(libinit2.o)
    0x08000286   0x08000286   0x00000000   Code   RO         3369    .ARM.Collect$$libinit$$0000001D  c_w.l(libinit2.o)
    0x08000286   0x08000286   0x00000000   Code   RO         3371    .ARM.Collect$$libinit$$0000001F  c_w.l(libinit2.o)
    0x08000286   0x08000286   0x00000000   Code   RO         3373    .ARM.Collect$$libinit$$00000021  c_w.l(libinit2.o)
    0x08000286   0x08000286   0x00000000   Code   RO         3375    .ARM.Collect$$libinit$$00000023  c_w.l(libinit2.o)
    0x08000286   0x08000286   0x00000000   Code   RO         3377    .ARM.Collect$$libinit$$00000025  c_w.l(libinit2.o)
    0x08000286   0x08000286   0x00000000   Code   RO         3381    .ARM.Collect$$libinit$$0000002C  c_w.l(libinit2.o)
    0x08000286   0x08000286   0x00000000   Code   RO         3383    .ARM.Collect$$libinit$$0000002E  c_w.l(libinit2.o)
    0x08000286   0x08000286   0x00000000   Code   RO         3385    .ARM.Collect$$libinit$$00000030  c_w.l(libinit2.o)
    0x08000286   0x08000286   0x00000000   Code   RO         3387    .ARM.Collect$$libinit$$00000032  c_w.l(libinit2.o)
    0x08000286   0x08000286   0x00000002   Code   RO         3388    .ARM.Collect$$libinit$$00000033  c_w.l(libinit2.o)
    0x08000288   0x08000288   0x00000002   Code   RO         3544    .ARM.Collect$$libshutdown$$00000000  c_w.l(libshutdown.o)
    0x0800028a   0x0800028a   0x00000000   Code   RO         3469    .ARM.Collect$$libshutdown$$00000002  c_w.l(libshutdown2.o)
    0x0800028a   0x0800028a   0x00000000   Code   RO         3471    .ARM.Collect$$libshutdown$$00000004  c_w.l(libshutdown2.o)
    0x0800028a   0x0800028a   0x00000000   Code   RO         3474    .ARM.Collect$$libshutdown$$00000007  c_w.l(libshutdown2.o)
    0x0800028a   0x0800028a   0x00000000   Code   RO         3477    .ARM.Collect$$libshutdown$$0000000A  c_w.l(libshutdown2.o)
    0x0800028a   0x0800028a   0x00000000   Code   RO         3479    .ARM.Collect$$libshutdown$$0000000C  c_w.l(libshutdown2.o)
    0x0800028a   0x0800028a   0x00000000   Code   RO         3482    .ARM.Collect$$libshutdown$$0000000F  c_w.l(libshutdown2.o)
    0x0800028a   0x0800028a   0x00000002   Code   RO         3483    .ARM.Collect$$libshutdown$$00000010  c_w.l(libshutdown2.o)
    0x0800028c   0x0800028c   0x00000000   Code   RO         3186    .ARM.Collect$$rtentry$$00000000  c_w.l(__rtentry.o)
    0x0800028c   0x0800028c   0x00000000   Code   RO         3267    .ARM.Collect$$rtentry$$00000002  c_w.l(__rtentry2.o)
    0x0800028c   0x0800028c   0x00000006   Code   RO         3279    .ARM.Collect$$rtentry$$00000004  c_w.l(__rtentry4.o)
    0x08000292   0x08000292   0x00000000   Code   RO         3269    .ARM.Collect$$rtentry$$00000009  c_w.l(__rtentry2.o)
    0x08000292   0x08000292   0x00000004   Code   RO         3270    .ARM.Collect$$rtentry$$0000000A  c_w.l(__rtentry2.o)
    0x08000296   0x08000296   0x00000000   Code   RO         3272    .ARM.Collect$$rtentry$$0000000C  c_w.l(__rtentry2.o)
    0x08000296   0x08000296   0x00000008   Code   RO         3273    .ARM.Collect$$rtentry$$0000000D  c_w.l(__rtentry2.o)
    0x0800029e   0x0800029e   0x00000002   Code   RO         3452    .ARM.Collect$$rtexit$$00000000  c_w.l(rtexit.o)
    0x080002a0   0x080002a0   0x00000000   Code   RO         3501    .ARM.Collect$$rtexit$$00000002  c_w.l(rtexit2.o)
    0x080002a0   0x080002a0   0x00000004   Code   RO         3502    .ARM.Collect$$rtexit$$00000003  c_w.l(rtexit2.o)
    0x080002a4   0x080002a4   0x00000006   Code   RO         3503    .ARM.Collect$$rtexit$$00000004  c_w.l(rtexit2.o)
    0x080002aa   0x080002aa   0x00000002   PAD
    0x080002ac   0x080002ac   0x00000850   Code   RO            3    .text               main.o
    0x08000afc   0x08000afc   0x0000002c   Code   RO          293    .text               stm32f4xx_it.o
    0x08000b28   0x08000b28   0x0000017c   Code   RO          350    .text               system_stm32f4xx.o
    0x08000ca4   0x08000ca4   0x000000b0   Code   RO          376    .text               task_stat.o
    0x08000d54   0x08000d54   0x000000d8   Code   RO          397    .text               key.o
    0x08000e2c   0x08000e2c   0x00000034   Code   RO          418    .text               led.o
    0x08000e60   0x08000e60   0x00000188   Code   RO          438    .text               timer.o
    0x08000fe8   0x08000fe8   0x000002f0   Code   RO          505    .text               lan8720.o
    0x080012d8   0x080012d8   0x000002a4   Code   RO          532    .text               sram.o
    0x0800157c   0x0800157c   0x0000010c   Code   RO          553    .text               spi.o
    0x08001688   0x08001688   0x00000370   Code   RO          576    .text               w25qxx.o
    0x080019f8   0x080019f8   0x000001d8   Code   RO          646    .text               sht30.o
    0x08001bd0   0x08001bd0   0x00000230   Code   RO          666    .text               myiic.o
    0x08001e00   0x08001e00   0x00000040   Code   RO          687    .text               startup_stm32f40_41xxx.o
    0x08001e40   0x08001e40   0x000000b0   Code   RO          693    .text               misc.o
    0x08001ef0   0x08001ef0   0x00000238   Code   RO          713    .text               stm32f4xx_gpio.o
    0x08002128   0x08002128   0x00000480   Code   RO          733    .text               stm32f4xx_rcc.o
    0x080025a8   0x080025a8   0x0000007c   Code   RO          755    .text               stm32f4xx_syscfg.o
    0x08002624   0x08002624   0x000009dc   Code   RO          775    .text               stm32f4xx_tim.o
    0x08003000   0x08003000   0x00000358   Code   RO          796    .text               stm32f4xx_usart.o
    0x08003358   0x08003358   0x00000ab8   Code   RO          816    .text               stm32f4x7_eth.o
    0x08003e10   0x08003e10   0x00000448   Code   RO          865    .text               stm32f4xx_fsmc.o
    0x08004258   0x08004258   0x0000032c   Code   RO          888    .text               stm32f4xx_spi.o
    0x08004584   0x08004584   0x000000e0   Code   RO          948    .text               stm32f4xx_exti.o
    0x08004664   0x08004664   0x000000e0   Code   RO         1009    .text               delay.o
    0x08004744   0x08004744   0x0000012c   Code   RO         1050    .text               usart.o
    0x08004870   0x08004870   0x0000008c   Code   RO         1082    .text               exit.o
    0x080048fc   0x080048fc   0x00000330   Code   RO         1108    .text               commit.o
    0x08004c2c   0x08004c2c   0x00000204   Code   RO         1137    .text               usart2.o
    0x08004e30   0x08004e30   0x00000478   Code   RO         1165    .text               lwip_comm.o
    0x080052a8   0x080052a8   0x00000728   Code   RO         1265    .text               tcp_client.o
    0x080059d0   0x080059d0   0x000000d4   Code   RO         1311    .text               fs.o
    0x08005aa4   0x08005aa4   0x00000950   Code   RO         1351    .text               httpd.o
    0x080063f4   0x080063f4   0x000002dc   Code   RO         1409    .text               httpd_cgi_ssi.o
    0x080066d0   0x080066d0   0x00000abe   Code   RO         1441    .text               etharp.o
    0x0800718e   0x0800718e   0x00000002   PAD
    0x08007190   0x08007190   0x000001dc   Code   RO         1477    .text               ethernetif.o
    0x0800736c   0x0800736c   0x00000330   Code   RO         1529    .text               icmp.o
    0x0800769c   0x0800769c   0x0000024c   Code   RO         1586    .text               inet_chksum.o
    0x080078e8   0x080078e8   0x00000360   Code   RO         1606    .text               ip.o
    0x08007c48   0x08007c48   0x00000250   Code   RO         1641    .text               ip_addr.o
    0x08007e98   0x08007e98   0x00000808   Code   RO         1679    .text               ip_frag.o
    0x080086a0   0x080086a0   0x00000010   Code   RO         1704    .text               def.o
    0x080086b0   0x080086b0   0x000014fc   Code   RO         1725    .text               dhcp.o
    0x08009bac   0x08009bac   0x00000630   Code   RO         1753    .text               dns.o
    0x0800a1dc   0x0800a1dc   0x0000002a   Code   RO         1777    .text               init.o
    0x0800a206   0x0800a206   0x00000002   PAD
    0x0800a208   0x0800a208   0x00000198   Code   RO         1812    .text               memp.o
    0x0800a3a0   0x0800a3a0   0x00000270   Code   RO         1854    .text               netif.o
    0x0800a610   0x0800a610   0x00000d36   Code   RO         1885    .text               pbuf.o
    0x0800b346   0x0800b346   0x00000002   PAD
    0x0800b348   0x0800b348   0x000001f8   Code   RO         1906    .text               raw.o
    0x0800b540   0x0800b540   0x00000fe8   Code   RO         1942    .text               tcp.o
    0x0800c528   0x0800c528   0x0000111c   Code   RO         1975    .text               tcp_in.o
    0x0800d644   0x0800d644   0x00001010   Code   RO         2006    .text               tcp_out.o
    0x0800e654   0x0800e654   0x000002ac   Code   RO         2027    .text               timers.o
    0x0800e900   0x0800e900   0x000004a4   Code   RO         2076    .text               udp.o
    0x0800eda4   0x0800eda4   0x000005d8   Code   RO         2114    .text               mem.o
    0x0800f37c   0x0800f37c   0x00000330   Code   RO         2137    .text               sys_arch.o
    0x0800f6ac   0x0800f6ac   0x00000a44   Code   RO         2164    .text               api_lib.o
    0x080100f0   0x080100f0   0x000014a4   Code   RO         2203    .text               api_msg.o
    0x08011594   0x08011594   0x00000310   Code   RO         2246    .text               netbuf.o
    0x080118a4   0x080118a4   0x00000288   Code   RO         2266    .text               netdb.o
    0x08011b2c   0x08011b2c   0x00001414   Code   RO         2310    .text               sockets.o
    0x08012f40   0x08012f40   0x00000330   Code   RO         2334    .text               tcpip.o
    0x08013270   0x08013270   0x000006c0   Code   RO         2365    .text               os_core.o
    0x08013930   0x08013930   0x00000594   Code   RO         2409    .text               os_flag.o
    0x08013ec4   0x08013ec4   0x0000034c   Code   RO         2430    .text               os_mbox.o
    0x08014210   0x08014210   0x00000194   Code   RO         2450    .text               os_mem.o
    0x080143a4   0x080143a4   0x00000514   Code   RO         2490    .text               os_q.o
    0x080148b8   0x080148b8   0x0000034c   Code   RO         2510    .text               os_sem.o
    0x08014c04   0x08014c04   0x0000069c   Code   RO         2530    .text               os_task.o
    0x080152a0   0x080152a0   0x00000170   Code   RO         2551    .text               os_time.o
    0x08015410   0x08015410   0x00000548   Code   RO         2571    .text               os_tmr.o
    0x08015958   0x08015958   0x00000178   Code   RO         2591    .text               os_cpu_c.o
    0x08015ad0   0x08015ad0   0x000000c8   Code   RO         2620    .text               os_cpu_a.o
    0x08015b98   0x08015b98   0x000001cc   Code   RO         2625    .text               malloc.o
    0x08015d64   0x08015d64   0x00001004   Code   RO         2659    .text               mqtt_app.o
    0x08016d68   0x08016d68   0x00000224   Code   RO         2736    .text               mqttconnectclient.o
    0x08016f8c   0x08016f8c   0x000000d4   Code   RO         2760    .text               mqttdeserializepublish.o
    0x08017060   0x08017060   0x000002f8   Code   RO         2788    .text               mqttpacket.o
    0x08017358   0x08017358   0x00000116   Code   RO         2803    .text               mqttserializepublish.o
    0x0801746e   0x0801746e   0x00000002   PAD
    0x08017470   0x08017470   0x00000134   Code   RO         2816    .text               mqttsubscribeclient.o
    0x080175a4   0x080175a4   0x00000134   Code   RO         2868    .text               transport.o
    0x080176d8   0x080176d8   0x00001218   Code   RO         2907    .text               sha1.o
    0x080188f0   0x080188f0   0x000000ce   Code   RO         2922    .text               hmac_sha1.o
    0x080189be   0x080189be   0x00000002   PAD
    0x080189c0   0x080189c0   0x0000191c   Code   RO         2936    .text               cjson.o
    0x0801a2dc   0x0801a2dc   0x00000002   Code   RO         2976    .text               c_w.l(use_no_semi_2.o)
    0x0801a2de   0x0801a2de   0x00000002   PAD
    0x0801a2e0   0x0801a2e0   0x00000010   Code   RO         2978    .text               c_w.l(rt_ctype_table.o)
    0x0801a2f0   0x0801a2f0   0x0000004e   Code   RO         2982    .text               c_w.l(h1_free.o)
    0x0801a33e   0x0801a33e   0x0000001a   Code   RO         3036    .text               c_w.l(tolower.o)
    0x0801a358   0x0801a358   0x00000018   Code   RO         3038    .text               c_w.l(__2printf.o)
    0x0801a370   0x0801a370   0x0000002c   Code   RO         3040    .text               c_w.l(__2sprintf.o)
    0x0801a39c   0x0801a39c   0x0000004e   Code   RO         3052    .text               c_w.l(_printf_pad.o)
    0x0801a3ea   0x0801a3ea   0x00000052   Code   RO         3054    .text               c_w.l(_printf_str.o)
    0x0801a43c   0x0801a43c   0x00000078   Code   RO         3056    .text               c_w.l(_printf_dec.o)
    0x0801a4b4   0x0801a4b4   0x00000058   Code   RO         3061    .text               c_w.l(_printf_hex_int.o)
    0x0801a50c   0x0801a50c   0x00000138   Code   RO         3091    .text               c_w.l(__printf_flags_wp.o)
    0x0801a644   0x0801a644   0x0000003c   Code   RO         3106    .text               c_w.l(__0sscanf.o)
    0x0801a680   0x0801a680   0x0000001a   Code   RO         3108    .text               c_w.l(atoi.o)
    0x0801a69a   0x0801a69a   0x00000014   Code   RO         3110    .text               c_w.l(strchr.o)
    0x0801a6ae   0x0801a6ae   0x00000024   Code   RO         3112    .text               c_w.l(strstr.o)
    0x0801a6d2   0x0801a6d2   0x00000058   Code   RO         3114    .text               c_w.l(memcmp.o)
    0x0801a72a   0x0801a72a   0x00000048   Code   RO         3116    .text               c_w.l(strcpy.o)
    0x0801a772   0x0801a772   0x0000003e   Code   RO         3118    .text               c_w.l(strlen.o)
    0x0801a7b0   0x0801a7b0   0x00000096   Code   RO         3120    .text               c_w.l(strncmp.o)
    0x0801a846   0x0801a846   0x0000008a   Code   RO         3122    .text               c_w.l(rt_memcpy_v6.o)
    0x0801a8d0   0x0801a8d0   0x00000064   Code   RO         3124    .text               c_w.l(rt_memcpy_w.o)
    0x0801a934   0x0801a934   0x00000044   Code   RO         3126    .text               c_w.l(rt_memclr.o)
    0x0801a978   0x0801a978   0x0000004e   Code   RO         3128    .text               c_w.l(rt_memclr_w.o)
    0x0801a9c6   0x0801a9c6   0x00000002   PAD
    0x0801a9c8   0x0801a9c8   0x00000080   Code   RO         3130    .text               c_w.l(strcmpv7m.o)
    0x0801aa48   0x0801aa48   0x00000006   Code   RO         3132    .text               c_w.l(heapauxi.o)
    0x0801aa4e   0x0801aa4e   0x00000002   Code   RO         3182    .text               c_w.l(use_no_semi.o)
    0x0801aa50   0x0801aa50   0x00000008   Code   RO         3190    .text               c_w.l(rt_heap_descriptor_intlibspace.o)
    0x0801aa58   0x0801aa58   0x00000008   Code   RO         3195    .text               c_w.l(rt_locale_intlibspace.o)
    0x0801aa60   0x0801aa60   0x00000008   Code   RO         3200    .text               c_w.l(rt_errno_addr_intlibspace.o)
    0x0801aa68   0x0801aa68   0x000000b2   Code   RO         3224    .text               c_w.l(_printf_intcommon.o)
    0x0801ab1a   0x0801ab1a   0x0000041e   Code   RO         3226    .text               c_w.l(_printf_fp_dec.o)
    0x0801af38   0x0801af38   0x00000030   Code   RO         3228    .text               c_w.l(_printf_char_common.o)
    0x0801af68   0x0801af68   0x0000000a   Code   RO         3230    .text               c_w.l(_sputc.o)
    0x0801af72   0x0801af72   0x0000002c   Code   RO         3234    .text               c_w.l(_printf_char.o)
    0x0801af9e   0x0801af9e   0x00000002   PAD
    0x0801afa0   0x0801afa0   0x00000024   Code   RO         3236    .text               c_w.l(_printf_char_file.o)
    0x0801afc4   0x0801afc4   0x000004f8   Code   RO         3239    .text               c_w.l(scanf_fp.o)
    0x0801b4bc   0x0801b4bc   0x0000002c   Code   RO         3241    .text               c_w.l(scanf_char.o)
    0x0801b4e8   0x0801b4e8   0x00000040   Code   RO         3243    .text               c_w.l(_sgetc.o)
    0x0801b528   0x0801b528   0x000000a4   Code   RO         3245    .text               c_w.l(strtod.o)
    0x0801b5cc   0x0801b5cc   0x00000070   Code   RO         3247    .text               c_w.l(strtol.o)
    0x0801b63c   0x0801b63c   0x00000008   Code   RO         3263    .text               c_w.l(libspace.o)
    0x0801b644   0x0801b644   0x0000008a   Code   RO         3291    .text               c_w.l(lludiv10.o)
    0x0801b6ce   0x0801b6ce   0x00000012   Code   RO         3293    .text               c_w.l(isspace.o)
    0x0801b6e0   0x0801b6e0   0x00000080   Code   RO         3295    .text               c_w.l(_printf_fp_infnan.o)
    0x0801b760   0x0801b760   0x00000374   Code   RO         3299    .text               c_w.l(_scanf.o)
    0x0801bad4   0x0801bad4   0x0000009e   Code   RO         3301    .text               c_w.l(_strtoul.o)
    0x0801bb72   0x0801bb72   0x00000002   PAD
    0x0801bb74   0x0801bb74   0x000000e4   Code   RO         3303    .text               c_w.l(bigflt0.o)
    0x0801bc58   0x0801bc58   0x00000008   Code   RO         3328    .text               c_w.l(ferror.o)
    0x0801bc60   0x0801bc60   0x0000004a   Code   RO         3413    .text               c_w.l(sys_stackheap_outer.o)
    0x0801bcaa   0x0801bcaa   0x00000016   Code   RO         3421    .text               c_w.l(_rserrno.o)
    0x0801bcc0   0x0801bcc0   0x0000001c   Code   RO         3423    .text               c_w.l(_chval.o)
    0x0801bcdc   0x0801bcdc   0x00000320   Code   RO         3425    .text               c_w.l(scanf_hexfp.o)
    0x0801bffc   0x0801bffc   0x00000134   Code   RO         3427    .text               c_w.l(scanf_infnan.o)
    0x0801c130   0x0801c130   0x00000012   Code   RO         3429    .text               c_w.l(exit.o)
    0x0801c142   0x0801c142   0x00000026   Code   RO         3458    .text               c_w.l(llshl.o)
    0x0801c168   0x0801c168   0x0000003e   Code   RO         3306    CL$$btod_d2e        c_w.l(btod.o)
    0x0801c1a6   0x0801c1a6   0x00000046   Code   RO         3308    CL$$btod_d2e_denorm_low  c_w.l(btod.o)
    0x0801c1ec   0x0801c1ec   0x00000060   Code   RO         3307    CL$$btod_d2e_norm_op1  c_w.l(btod.o)
    0x0801c24c   0x0801c24c   0x00000338   Code   RO         3316    CL$$btod_div_common  c_w.l(btod.o)
    0x0801c584   0x0801c584   0x00000084   Code   RO         3314    CL$$btod_e2d        c_w.l(btod.o)
    0x0801c608   0x0801c608   0x000000dc   Code   RO         3313    CL$$btod_e2e        c_w.l(btod.o)
    0x0801c6e4   0x0801c6e4   0x0000002a   Code   RO         3310    CL$$btod_ediv       c_w.l(btod.o)
    0x0801c70e   0x0801c70e   0x0000002a   Code   RO         3312    CL$$btod_edivd      c_w.l(btod.o)
    0x0801c738   0x0801c738   0x0000002a   Code   RO         3309    CL$$btod_emul       c_w.l(btod.o)
    0x0801c762   0x0801c762   0x0000002a   Code   RO         3311    CL$$btod_emuld      c_w.l(btod.o)
    0x0801c78c   0x0801c78c   0x00000244   Code   RO         3315    CL$$btod_mult_common  c_w.l(btod.o)
    0x0801c9d0   0x0801c9d0   0x00000030   Code   RO         3401    i.__ARM_fpclassify  m_wm.l(fpclassify.o)
    0x0801ca00   0x0801ca00   0x000000f8   Code   RO         3403    i.__hardfp___mathlib_tofloat  m_wm.l(narrow.o)
    0x0801caf8   0x0801caf8   0x000000d0   Code   RO         3484    i.__hardfp_ldexp    m_wm.l(ldexp.o)
    0x0801cbc8   0x0801cbc8   0x00000028   Code   RO         3176    i.__hardfp_strtod   m_wm.l(strtod.o)
    0x0801cbf0   0x0801cbf0   0x00000020   Code   RO         3515    i.__mathlib_dbl_overflow  m_wm.l(dunder.o)
    0x0801cc10   0x0801cc10   0x00000020   Code   RO         3517    i.__mathlib_dbl_underflow  m_wm.l(dunder.o)
    0x0801cc30   0x0801cc30   0x00000012   Code   RO         3404    i.__mathlib_narrow  m_wm.l(narrow.o)
    0x0801cc42   0x0801cc42   0x00000014   Code   RO         3486    i.__support_ldexp   m_wm.l(ldexp.o)
    0x0801cc56   0x0801cc56   0x0000000e   Code   RO         3089    i._is_digit         c_w.l(__printf_wp.o)
    0x0801cc64   0x0801cc64   0x00000004   PAD
    0x0801cc68   0x0801cc68   0x0000008c   Code   RO         3447    i.frexp             m_wm.l(frexp.o)
    0x0801ccf4   0x0801ccf4   0x0000002c   Code   RO         3250    locale$$code        c_w.l(lc_ctype_c.o)
    0x0801cd20   0x0801cd20   0x0000002c   Code   RO         3333    locale$$code        c_w.l(lc_numeric_c.o)
    0x0801cd4c   0x0801cd4c   0x00000062   Code   RO         3136    x$fpl$d2f           fz_wm.l(d2f.o)
    0x0801cdae   0x0801cdae   0x00000002   PAD
    0x0801cdb0   0x0801cdb0   0x00000150   Code   RO         3138    x$fpl$dadd          fz_wm.l(daddsub_clz.o)
    0x0801cf00   0x0801cf00   0x00000010   Code   RO         3545    x$fpl$dcheck1       fz_wm.l(dcheck1.o)
    0x0801cf10   0x0801cf10   0x00000018   Code   RO         3252    x$fpl$dcmpinf       fz_wm.l(dcmpi.o)
    0x0801cf28   0x0801cf28   0x000002b0   Code   RO         3145    x$fpl$ddiv          fz_wm.l(ddiv.o)
    0x0801d1d8   0x0801d1d8   0x00000078   Code   RO         3148    x$fpl$deqf          fz_wm.l(deqf.o)
    0x0801d250   0x0801d250   0x0000005e   Code   RO         3150    x$fpl$dfix          fz_wm.l(dfix.o)
    0x0801d2ae   0x0801d2ae   0x0000002e   Code   RO         3159    x$fpl$dflt          fz_wm.l(dflt_clz.o)
    0x0801d2dc   0x0801d2dc   0x00000026   Code   RO         3158    x$fpl$dfltu         fz_wm.l(dflt_clz.o)
    0x0801d302   0x0801d302   0x00000002   PAD
    0x0801d304   0x0801d304   0x00000078   Code   RO         3164    x$fpl$dleqf         fz_wm.l(dleqf.o)
    0x0801d37c   0x0801d37c   0x00000154   Code   RO         3166    x$fpl$dmul          fz_wm.l(dmul.o)
    0x0801d4d0   0x0801d4d0   0x0000009c   Code   RO         3254    x$fpl$dnaninf       fz_wm.l(dnaninf.o)
    0x0801d56c   0x0801d56c   0x0000000c   Code   RO         3256    x$fpl$dretinf       fz_wm.l(dretinf.o)
    0x0801d578   0x0801d578   0x0000006c   Code   RO         3168    x$fpl$drleqf        fz_wm.l(drleqf.o)
    0x0801d5e4   0x0801d5e4   0x000001d4   Code   RO         3140    x$fpl$dsub          fz_wm.l(daddsub_clz.o)
    0x0801d7b8   0x0801d7b8   0x00000056   Code   RO         3170    x$fpl$f2d           fz_wm.l(f2d.o)
    0x0801d80e   0x0801d80e   0x0000008c   Code   RO         3258    x$fpl$fnaninf       fz_wm.l(fnaninf.o)
    0x0801d89a   0x0801d89a   0x0000000a   Code   RO         3443    x$fpl$fpinit        fz_wm.l(fpinit.o)
    0x0801d8a4   0x0801d8a4   0x0000000a   Code   RO         3260    x$fpl$fretinf       fz_wm.l(fretinf.o)
    0x0801d8ae   0x0801d8ae   0x00000006   Code   RO         3393    x$fpl$ieeestatus    fz_wm.l(istatus.o)
    0x0801d8b4   0x0801d8b4   0x00000004   Code   RO         3172    x$fpl$printf1       fz_wm.l(printf1.o)
    0x0801d8b8   0x0801d8b8   0x00000064   Code   RO         3547    x$fpl$retnan        fz_wm.l(retnan.o)
    0x0801d91c   0x0801d91c   0x0000005c   Code   RO         3509    x$fpl$scalbn        fz_wm.l(scalbn.o)
    0x0801d978   0x0801d978   0x00000004   Code   RO         3174    x$fpl$scanf1        fz_wm.l(scanf1.o)
    0x0801d97c   0x0801d97c   0x00000008   Code   RO         3395    x$fpl$scanf2        fz_wm.l(scanf2.o)
    0x0801d984   0x0801d984   0x00000030   Code   RO         3549    x$fpl$trapveneer    fz_wm.l(trapv.o)
    0x0801d9b4   0x0801d9b4   0x00000000   Code   RO         3262    x$fpl$usenofp       fz_wm.l(usenofp.o)
    0x0801d9b4   0x0801d9b4   0x0000001c   Data   RO          866    .constdata          stm32f4xx_fsmc.o
    0x0801d9d0   0x0801d9d0   0x00004e98   Data   RO         1313    .constdata          fs.o
    0x08022868   0x08022868   0x00003c04   Data   RO         1314    .constdata          fs.o
    0x0802646c   0x0802646c   0x00002519   Data   RO         1315    .constdata          fs.o
    0x08028985   0x08028985   0x00000296   Data   RO         1316    .constdata          fs.o
    0x08028c1b   0x08028c1b   0x00000001   PAD
    0x08028c1c   0x08028c1c   0x00000014   Data   RO         1317    .constdata          fs.o
    0x08028c30   0x08028c30   0x00000014   Data   RO         1318    .constdata          fs.o
    0x08028c44   0x08028c44   0x00000014   Data   RO         1319    .constdata          fs.o
    0x08028c58   0x08028c58   0x00000014   Data   RO         1320    .constdata          fs.o
    0x08028c6c   0x08028c6c   0x00000028   Data   RO         1353    .constdata          httpd.o
    0x08028c94   0x08028c94   0x00000008   Data   RO         1411    .constdata          httpd_cgi_ssi.o
    0x08028c9c   0x08028c9c   0x0000000c   Data   RO         1443    .constdata          etharp.o
    0x08028ca8   0x08028ca8   0x00000004   Data   RO         1643    .constdata          ip_addr.o
    0x08028cac   0x08028cac   0x00000004   Data   RO         1644    .constdata          ip_addr.o
    0x08028cb0   0x08028cb0   0x0000003c   Data   RO         1814    .constdata          memp.o
    0x08028cec   0x08028cec   0x00000054   Data   RO         1943    .constdata          tcp.o
    0x08028d40   0x08028d40   0x00000004   Data   RO         2138    .constdata          sys_arch.o
    0x08028d44   0x08028d44   0x00000040   Data   RO         2312    .constdata          sockets.o
    0x08028d84   0x08028d84   0x00000100   Data   RO         2373    .constdata          os_core.o
    0x08028e84   0x08028e84   0x00000024   Data   RO         2632    .constdata          malloc.o
    0x08028ea8   0x08028ea8   0x00000058   Data   RO         2661    .constdata          mqtt_app.o
    0x08028f00   0x08028f00   0x00000028   Data   RO         3062    .constdata          c_w.l(_printf_hex_int.o)
    0x08028f28   0x08028f28   0x00000011   Data   RO         3092    .constdata          c_w.l(__printf_flags_wp.o)
    0x08028f39   0x08028f39   0x00000003   PAD
    0x08028f3c   0x08028f3c   0x00000094   Data   RO         3304    .constdata          c_w.l(bigflt0.o)
    0x08028fd0   0x08028fd0   0x00000196   Data   RO            6    .conststring        main.o
    0x08029166   0x08029166   0x00000002   PAD
    0x08029168   0x08029168   0x0000005f   Data   RO          377    .conststring        task_stat.o
    0x080291c7   0x080291c7   0x00000001   PAD
    0x080291c8   0x080291c8   0x0000004c   Data   RO         1354    .conststring        httpd.o
    0x08029214   0x08029214   0x0000000a   Data   RO         1412    .conststring        httpd_cgi_ssi.o
    0x0802921e   0x0802921e   0x00000002   PAD
    0x08029220   0x08029220   0x00000044   Data   RO         1444    .conststring        etharp.o
    0x08029264   0x08029264   0x0000008c   Data   RO         1727    .conststring        dhcp.o
    0x080292f0   0x080292f0   0x00000075   Data   RO         1944    .conststring        tcp.o
    0x08029365   0x08029365   0x00000003   PAD
    0x08029368   0x08029368   0x00000055   Data   RO         2007    .conststring        tcp_out.o
    0x080293bd   0x080293bd   0x00000003   PAD
    0x080293c0   0x080293c0   0x000000bd   Data   RO         2662    .conststring        mqtt_app.o
    0x0802947d   0x0802947d   0x00000003   PAD
    0x08029480   0x08029480   0x00000020   Data   RO         3551    Region$$Table       anon$$obj.o
    0x080294a0   0x080294a0   0x00000008   Data   RO         3389    c$$dinf             fz_wm.l(fpconst.o)
    0x080294a8   0x080294a8   0x00000008   Data   RO         3392    c$$dmax             fz_wm.l(fpconst.o)
    0x080294b0   0x080294b0   0x00000110   Data   RO         3249    locale$$data        c_w.l(lc_ctype_c.o)
    0x080295c0   0x080295c0   0x0000001c   Data   RO         3332    locale$$data        c_w.l(lc_numeric_c.o)


    Execution Region RW_IRAM1 (Exec base: 0x20000000, Load base: 0x080295dc, Size: 0x0001cd30, Max: 0x00020000, ABSOLUTE, COMPRESSED[0x00000058])

    Exec Addr    Load Addr    Size         Type   Attr      Idx    E Section Name        Object

    0x20000000   COMPRESSED   0x00000024   Data   RW            8    .data               main.o
    0x20000024   COMPRESSED   0x00000014   Data   RW          351    .data               system_stm32f4xx.o
    0x20000038   COMPRESSED   0x00000001   Data   RW          398    .data               key.o
    0x20000039   COMPRESSED   0x00000001   PAD
    0x2000003a   COMPRESSED   0x00000004   Data   RW          439    .data               timer.o
    0x2000003e   COMPRESSED   0x00000002   PAD
    0x20000040   COMPRESSED   0x00000010   Data   RW          506    .data               lan8720.o
    0x20000050   COMPRESSED   0x00000002   Data   RW          578    .data               w25qxx.o
    0x20000052   COMPRESSED   0x00000010   Data   RW          734    .data               stm32f4xx_rcc.o
    0x20000062   COMPRESSED   0x00000002   PAD
    0x20000064   COMPRESSED   0x0000000c   Data   RW          818    .data               stm32f4x7_eth.o
    0x20000070   COMPRESSED   0x00000004   Data   RW         1010    .data               delay.o
    0x20000074   COMPRESSED   0x00000002   Data   RW         1052    .data               usart.o
    0x20000076   COMPRESSED   0x00000002   PAD
    0x20000078   COMPRESSED   0x00000004   Data   RW         1053    .data               usart.o
    0x2000007c   COMPRESSED   0x00000001   Data   RW         1083    .data               exit.o
    0x2000007d   COMPRESSED   0x00000003   PAD
    0x20000080   COMPRESSED   0x0000001c   Data   RW         1110    .data               commit.o
    0x2000009c   COMPRESSED   0x00000008   Data   RW         1139    .data               usart2.o
    0x200000a4   COMPRESSED   0x00000008   Data   RW         1167    .data               lwip_comm.o
    0x200000ac   COMPRESSED   0x00000018   Data   RW         1268    .data               tcp_client.o
    0x200000c4   COMPRESSED   0x00000008   Data   RW         1355    .data               httpd.o
    0x200000cc   COMPRESSED   0x00000004   Data   RW         1414    .data               httpd_cgi_ssi.o
    0x200000d0   COMPRESSED   0x00000001   Data   RW         1445    .data               etharp.o
    0x200000d1   COMPRESSED   0x00000003   PAD
    0x200000d4   COMPRESSED   0x00000014   Data   RW         1607    .data               ip.o
    0x200000e8   COMPRESSED   0x00000008   Data   RW         1680    .data               ip_frag.o
    0x200000f0   COMPRESSED   0x00000004   Data   RW         1728    .data               dhcp.o
    0x200000f4   COMPRESSED   0x00000014   Data   RW         1755    .data               dns.o
    0x20000108   COMPRESSED   0x00000004   Data   RW         1817    .data               memp.o
    0x2000010c   COMPRESSED   0x0000000c   Data   RW         1855    .data               netif.o
    0x20000118   COMPRESSED   0x00000004   Data   RW         1907    .data               raw.o
    0x2000011c   COMPRESSED   0x00000024   Data   RW         1945    .data               tcp.o
    0x20000140   COMPRESSED   0x0000001c   Data   RW         1977    .data               tcp_in.o
    0x2000015c   COMPRESSED   0x00000008   Data   RW         2028    .data               timers.o
    0x20000164   COMPRESSED   0x00000008   Data   RW         2077    .data               udp.o
    0x2000016c   COMPRESSED   0x00000014   Data   RW         2115    .data               mem.o
    0x20000180   COMPRESSED   0x00000014   Data   RW         2268    .data               netdb.o
    0x20000194   COMPRESSED   0x00000008   Data   RW         2313    .data               sockets.o
    0x2000019c   COMPRESSED   0x0000000c   Data   RW         2335    .data               tcpip.o
    0x200001a8   COMPRESSED   0x0000003c   Data   RW         2374    .data               os_core.o
    0x200001e4   COMPRESSED   0x00000004   Data   RW         2375    .data               os_core.o
    0x200001e8   COMPRESSED   0x00000004   Data   RW         2376    .data               os_core.o
    0x200001ec   COMPRESSED   0x00000004   Data   RW         2377    .data               os_core.o
    0x200001f0   COMPRESSED   0x00000002   Data   RW         2378    .data               os_core.o
    0x200001f2   COMPRESSED   0x00000002   Data   RW         2379    .data               os_core.o
    0x200001f4   COMPRESSED   0x00000004   Data   RW         2380    .data               os_core.o
    0x200001f8   COMPRESSED   0x00000004   Data   RW         2381    .data               os_core.o
    0x200001fc   COMPRESSED   0x00000004   Data   RW         2382    .data               os_core.o
    0x20000200   COMPRESSED   0x00000004   Data   RW         2383    .data               os_core.o
    0x20000204   COMPRESSED   0x00000002   Data   RW         2593    .data               os_cpu_c.o
    0x20000206   COMPRESSED   0x00000002   PAD
    0x20000208   COMPRESSED   0x00000024   Data   RW         2633    .data               malloc.o
    0x2000022c   COMPRESSED   0x00000010   Data   RW         2663    .data               mqtt_app.o
    0x2000023c   COMPRESSED   0x00000004   Data   RW         2789    .data               mqttpacket.o
    0x20000240   COMPRESSED   0x0000000c   Data   RW         2869    .data               transport.o
    0x2000024c   COMPRESSED   0x00000014   Data   RW         2938    .data               cjson.o
    0x20000260        -       0x0000111d   Zero   RW            4    .bss                main.o
    0x2000137d        -       0x00000032   Zero   RW            5    .bss                main.o
    0x200013af        -       0x00001000   Zero   RW          577    .bss                w25qxx.o
    0x200023af   COMPRESSED   0x00000001   PAD
    0x200023b0        -       0x0000000c   Zero   RW          817    .bss                stm32f4x7_eth.o
    0x200023bc        -       0x000000c8   Zero   RW         1051    .bss                usart.o
    0x20002484        -       0x00000150   Zero   RW         1109    .bss                commit.o
    0x200025d4        -       0x00000400   Zero   RW         1138    .bss                usart2.o
    0x200029d4        -       0x0000004c   Zero   RW         1166    .bss                lwip_comm.o
    0x20002a20        -       0x00000d00   Zero   RW         1266    .bss                tcp_client.o
    0x20003720        -       0x000000f0   Zero   RW         1312    .bss                fs.o
    0x20003810        -       0x00000400   Zero   RW         1352    .bss                httpd.o
    0x20003c10        -       0x00000400   Zero   RW         1410    .bss                httpd_cgi_ssi.o
    0x20004010        -       0x000000c8   Zero   RW         1442    .bss                etharp.o
    0x200040d8        -       0x00000010   Zero   RW         1642    .bss                ip_addr.o
    0x200040e8        -       0x00000032   Zero   RW         1726    .bss                dhcp.o
    0x2000411a   COMPRESSED   0x00000002   PAD
    0x2000411c        -       0x00000663   Zero   RW         1754    .bss                dns.o
    0x2000477f   COMPRESSED   0x00000001   PAD
    0x20004780        -       0x0000003c   Zero   RW         1813    .bss                memp.o
    0x200047bc        -       0x00000014   Zero   RW         1976    .bss                tcp_in.o
    0x200047d0        -       0x00000014   Zero   RW         2267    .bss                netdb.o
    0x200047e4        -       0x00000060   Zero   RW         2311    .bss                sockets.o
    0x20004844        -       0x000009f8   Zero   RW         2366    .bss                os_core.o
    0x2000523c        -       0x00000050   Zero   RW         2367    .bss                os_core.o
    0x2000528c        -       0x00000078   Zero   RW         2368    .bss                os_core.o
    0x20005304        -       0x00000078   Zero   RW         2369    .bss                os_core.o
    0x2000537c        -       0x00000280   Zero   RW         2370    .bss                os_core.o
    0x200055fc        -       0x00000200   Zero   RW         2371    .bss                os_core.o
    0x200057fc        -       0x00000040   Zero   RW         2372    .bss                os_core.o
    0x2000583c        -       0x00014000   Zero   RW         2630    .bss                malloc.o
    0x2001983c        -       0x00001400   Zero   RW         2631    .bss                malloc.o
    0x2001ac3c        -       0x00000080   Zero   RW         2660    .bss                mqtt_app.o
    0x2001acbc        -       0x0000000f   Zero   RW         2937    .bss                cjson.o
    0x2001accb   COMPRESSED   0x00000001   PAD
    0x2001accc        -       0x00000060   Zero   RW         3264    .bss                c_w.l(libspace.o)
    0x2001ad2c   COMPRESSED   0x00000004   PAD
    0x2001ad30        -       0x00001000   Zero   RW          685    HEAP                startup_stm32f40_41xxx.o
    0x2001bd30        -       0x00001000   Zero   RW          684    STACK               startup_stm32f40_41xxx.o



  Load Region LR$$.ARM.__AT_0x10000000 (Base: 0x10000000, Size: 0x00000000, Max: 0x0000c800, ABSOLUTE)

    Execution Region ER$$.ARM.__AT_0x10000000 (Exec base: 0x10000000, Load base: 0x10000000, Size: 0x0000c800, Max: 0x0000c800, ABSOLUTE, UNINIT)

    Exec Addr    Load Addr    Size         Type   Attr      Idx    E Section Name        Object

    0x10000000        -       0x0000c800   Zero   RW         2626    .ARM.__AT_0x10000000  malloc.o



  Load Region LR$$.ARM.__AT_0x1000C800 (Base: 0x1000c800, Size: 0x00000000, Max: 0x00000c80, ABSOLUTE)

    Execution Region ER$$.ARM.__AT_0x1000C800 (Exec base: 0x1000c800, Load base: 0x1000c800, Size: 0x00000c80, Max: 0x00000c80, ABSOLUTE, UNINIT)

    Exec Addr    Load Addr    Size         Type   Attr      Idx    E Section Name        Object

    0x1000c800        -       0x00000c80   Zero   RW         2627    .ARM.__AT_0x1000C800  malloc.o



  Load Region LR$$.ARM.__AT_0x68000000 (Base: 0x68000000, Size: 0x00000000, Max: 0x00032000, ABSOLUTE)

    Execution Region ER$$.ARM.__AT_0x68000000 (Exec base: 0x68000000, Load base: 0x68000000, Size: 0x00032000, Max: 0x00032000, ABSOLUTE, UNINIT)

    Exec Addr    Load Addr    Size         Type   Attr      Idx    E Section Name        Object

    0x68000000        -       0x00032000   Zero   RW         2628    .ARM.__AT_0x68000000  malloc.o



  Load Region LR$$.ARM.__AT_0x68032000 (Base: 0x68032000, Size: 0x00000000, Max: 0x00003200, ABSOLUTE)

    Execution Region ER$$.ARM.__AT_0x68032000 (Exec base: 0x68032000, Load base: 0x68032000, Size: 0x00003200, Max: 0x00003200, ABSOLUTE, UNINIT)

    Exec Addr    Load Addr    Size         Type   Attr      Idx    E Section Name        Object

    0x68032000        -       0x00003200   Zero   RW         2629    .ARM.__AT_0x68032000  malloc.o


==============================================================================

Image component sizes


      Code (inc. data)   RO Data    RW Data    ZI Data      Debug   Object Name

      2628        896          0          0          0      19147   api_lib.o
      5284       1260          0          0          0      12624   api_msg.o
      6428        166          0         20         15      39309   cjson.o
       816         68          0         28        336       4303   commit.o
        16          0          0          0          0       1568   def.o
       224         14          0          4          0       2663   delay.o
      5372       1070        140          4         50      15258   dhcp.o
      1584        278          0         20       1635       7267   dns.o
      2750        592         80          1        200      11105   etharp.o
       476        132          0          0          0       5166   ethernetif.o
       140         16          0          1          0       1144   exit.o
       212         10      45723          0        240       5319   fs.o
       206          0          0          0          0       1688   hmac_sha1.o
      2384        714        116          8       1024      18884   httpd.o
       732        178         18          4       1024       4326   httpd_cgi_ssi.o
       816        374          0          0          0       2646   icmp.o
         0          0          0          0          0       1948   inet.o
       588        104          0          0          0       3385   inet_chksum.o
        42          0          0          0          0       4768   init.o
       864        156          0         20          0       7611   ip.o
       592        112          8          0         16      10119   ip_addr.o
      2056        462          0          8          0       7980   ip_frag.o
       216         26          0          1          0        996   key.o
       752         42          0         16          0       3993   lan8720.o
        52          4          0          0          0        615   led.o
      1144        466          0          8         76      29612   lwip_comm.o
      2128        688        406         36       4431     358089   main.o
       460         10         36         36     359040       5477   malloc.o
      1496        538          0         20          0       4374   mem.o
       408        194         60          4         60       3472   memp.o
       176         12          0          0          0       2237   misc.o
      4100       1742        277         16        128      11284   mqtt_app.o
       548         18          0          0          0       3250   mqttconnectclient.o
       212          0          0          0          0       2098   mqttdeserializepublish.o
       760         10          0          4          0       6678   mqttpacket.o
       278          0          0          0          0       3396   mqttserializepublish.o
       308          0          0          0          0       2777   mqttsubscribeclient.o
       560          8          0          0          0       2124   myiic.o
       784        342          0          0          0       3409   netbuf.o
       648        164          0         20         20       5375   netdb.o
       624        118          0         12          0       7087   netif.o
      1728         78        256         92       4088      17650   os_core.o
       200         32          0          0          0        416   os_cpu_a.o
       376         10          0          2          0      12890   os_cpu_c.o
      1428         38          0          0          0       7506   os_flag.o
       844         22          0          0          0       4678   os_mbox.o
       404         16          0          0          0       3428   os_mem.o
      1300         34          0          0          0       6121   os_q.o
       844         66          0          0          0       4398   os_sem.o
      1692         68          0          0          0       8539   os_task.o
       368         30          0          0          0       2022   os_time.o
      1352        130          0          0          0       5841   os_tmr.o
      3382       1232          0          0          0      10207   pbuf.o
       504        132          0          4          0       3817   raw.o
      4632         42          0          0          0       4650   sha1.o
       472         36          0          0          0       2885   sht30.o
      5140        648         64          8         96      18650   sockets.o
       268         10          0          0          0       1169   spi.o
       676         18          0          0          0       2479   sram.o
        64         26        392          0       8192        924   startup_stm32f40_41xxx.o
      2744         84          0         12         12      21508   stm32f4x7_eth.o
       224         10          0          0          0       2687   stm32f4xx_exti.o
      1096          8         28          0          0       6554   stm32f4xx_fsmc.o
       568         46          0          0          0       4813   stm32f4xx_gpio.o
        44         16          0          0          0       2367   stm32f4xx_it.o
      1152         48          0         16          0      13732   stm32f4xx_rcc.o
       812         38          0          0          0       7617   stm32f4xx_spi.o
       124         16          0          0          0       2045   stm32f4xx_syscfg.o
      2524         52          0          0          0      23326   stm32f4xx_tim.o
       856         32          0          0          0       8472   stm32f4xx_usart.o
       816        164          4          0          0       6798   sys_arch.o
       380         36          0         20          0       2143   system_stm32f4xx.o
       176         98         95          0          0        661   task_stat.o
      4072        992        201         36          0      22833   tcp.o
      1832        780          0         24       3328      13251   tcp_client.o
      4380        810          0         28         20      15359   tcp_in.o
      4112        956         85          0          0      11231   tcp_out.o
       816        188          0         12          0      10684   tcpip.o
       392         32          0          4          0       1592   timer.o
       684        186          0          8          0       4095   timers.o
       308         88          0         12          0       5100   transport.o
      1188        194          0          8          0      15247   udp.o
       300         16          0          6        200       3687   usart.o
       516         20          0          8       1024       3079   usart2.o
       880         50          0          2       4096       5035   w25qxx.o

    ----------------------------------------------------------------------
    106544      18612      48036        608     389356     976757   Object Totals
         0          0         32          0          0          0   (incl. Generated)
        10          0         15         15          5          0   (incl. Padding)

    ----------------------------------------------------------------------

      Code (inc. data)   RO Data    RW Data    ZI Data      Debug   Library Member Name

        60          8          0          0          0         84   __0sscanf.o
        24          4          0          0          0         84   __2printf.o
        44          6          0          0          0         84   __2sprintf.o
        90          0          0          0          0          0   __dczerorl2.o
         8          0          0          0          0         68   __main.o
       312          4         17          0          0         92   __printf_flags_wp.o
        14          0          0          0          0         68   __printf_wp.o
         0          0          0          0          0          0   __rtentry.o
        12          0          0          0          0          0   __rtentry2.o
         6          0          0          0          0          0   __rtentry4.o
        52          8          0          0          0          0   __scatter.o
        28          0          0          0          0          0   __scatter_zi.o
        28          0          0          0          0         68   _chval.o
        44          0          0          0          0        108   _printf_char.o
        48          6          0          0          0         96   _printf_char_common.o
        36          4          0          0          0         80   _printf_char_file.o
         6          0          0          0          0          0   _printf_d.o
       120         16          0          0          0         92   _printf_dec.o
         6          0          0          0          0          0   _printf_f.o
      1054          0          0          0          0        216   _printf_fp_dec.o
       128         16          0          0          0         84   _printf_fp_infnan.o
         6          0          0          0          0          0   _printf_g.o
        88          4         40          0          0         88   _printf_hex_int.o
         6          0          0          0          0          0   _printf_i.o
       178          0          0          0          0         88   _printf_intcommon.o
        78          0          0          0          0        108   _printf_pad.o
         0          0          0          0          0          0   _printf_percent.o
         4          0          0          0          0          0   _printf_percent_end.o
         6          0          0          0          0          0   _printf_s.o
        82          0          0          0          0         80   _printf_str.o
         6          0          0          0          0          0   _printf_x.o
        22          0          0          0          0        100   _rserrno.o
       884          6          0          0          0        100   _scanf.o
        64          0          0          0          0         84   _sgetc.o
        10          0          0          0          0         68   _sputc.o
       158          0          0          0          0         92   _strtoul.o
        26          0          0          0          0         80   atoi.o
       228          4        148          0          0         96   bigflt0.o
      2152        136          0          0          0        960   btod.o
        18          0          0          0          0         80   exit.o
         8          0          0          0          0         68   ferror.o
        78          0          0          0          0         80   h1_free.o
         6          0          0          0          0        152   heapauxi.o
        18          0          0          0          0         76   isspace.o
        44         10        272          0          0         76   lc_ctype_c.o
        44         10         28          0          0         76   lc_numeric_c.o
         2          0          0          0          0          0   libinit.o
        34          0          0          0          0          0   libinit2.o
         2          0          0          0          0          0   libshutdown.o
         2          0          0          0          0          0   libshutdown2.o
         8          4          0          0         96         68   libspace.o
        38          0          0          0          0         68   llshl.o
       138          0          0          0          0         80   lludiv10.o
        88          0          0          0          0         76   memcmp.o
        16          4          0          0          0         76   rt_ctype_table.o
         8          4          0          0          0         68   rt_errno_addr_intlibspace.o
         8          4          0          0          0         68   rt_heap_descriptor_intlibspace.o
         8          4          0          0          0         68   rt_locale_intlibspace.o
        68          0          0          0          0         68   rt_memclr.o
        78          0          0          0          0         80   rt_memclr_w.o
       138          0          0          0          0         68   rt_memcpy_v6.o
       100          0          0          0          0         80   rt_memcpy_w.o
         2          0          0          0          0          0   rtexit.o
        10          0          0          0          0          0   rtexit2.o
        44          8          0          0          0         84   scanf_char.o
      1272         16          0          0          0        168   scanf_fp.o
       800         14          0          0          0        100   scanf_hexfp.o
       308         16          0          0          0        100   scanf_infnan.o
        20          0          0          0          0         68   strchr.o
       128          0          0          0          0         68   strcmpv7m.o
        72          0          0          0          0         80   strcpy.o
        62          0          0          0          0         76   strlen.o
       150          0          0          0          0         80   strncmp.o
        36          0          0          0          0         80   strstr.o
       164         14          0          0          0        120   strtod.o
       112          0          0          0          0         88   strtol.o
        74          0          0          0          0         80   sys_stackheap_outer.o
        26          0          0          0          0         76   tolower.o
         2          0          0          0          0         68   use_no_semi.o
         2          0          0          0          0         68   use_no_semi_2.o
        98          4          0          0          0        140   d2f.o
       804         16          0          0          0        368   daddsub_clz.o
        16          4          0          0          0        116   dcheck1.o
        24          0          0          0          0        116   dcmpi.o
       688        140          0          0          0        256   ddiv.o
       120          4          0          0          0        140   deqf.o
        94          4          0          0          0        140   dfix.o
        84          0          0          0          0        232   dflt_clz.o
       120          4          0          0          0        140   dleqf.o
       340         12          0          0          0        152   dmul.o
       156          4          0          0          0        140   dnaninf.o
        12          0          0          0          0        116   dretinf.o
       108          0          0          0          0        128   drleqf.o
        86          4          0          0          0        132   f2d.o
       140          4          0          0          0        132   fnaninf.o
         0          0         16          0          0          0   fpconst.o
        10          0          0          0          0        116   fpinit.o
        10          0          0          0          0        116   fretinf.o
         6          0          0          0          0        116   istatus.o
         4          0          0          0          0        116   printf1.o
       100          0          0          0          0        116   retnan.o
        92          0          0          0          0        116   scalbn.o
         4          0          0          0          0        116   scanf1.o
         8          0          0          0          0        132   scanf2.o
        48          0          0          0          0        116   trapv.o
         0          0          0          0          0          0   usenofp.o
        64         16          0          0          0        248   dunder.o
        48          0          0          0          0        124   fpclassify.o
       140         22          0          0          0        132   frexp.o
       228          8          0          0          0        308   ldexp.o
       266         16          0          0          0        308   narrow.o
        40         10          0          0          0        128   strtod.o

    ----------------------------------------------------------------------
     14332        602        524          0        100      10804   Library Totals
        20          0          3          0          4          0   (incl. Padding)

    ----------------------------------------------------------------------

      Code (inc. data)   RO Data    RW Data    ZI Data      Debug   Library Name

     10354        330        505          0         96       6048   c_w.l
      3172        200         16          0          0       3508   fz_wm.l
       786         72          0          0          0       1248   m_wm.l

    ----------------------------------------------------------------------
     14332        602        524          0        100      10804   Library Totals

    ----------------------------------------------------------------------

==============================================================================


      Code (inc. data)   RO Data    RW Data    ZI Data      Debug   

    120876      19214      48560        608     389456     964077   Grand Totals
    120876      19214      48560         88     389456     964077   ELF Image Totals (compressed)
    120876      19214      48560         88          0          0   ROM Totals

==============================================================================

    Total RO  Size (Code + RO Data)               169436 ( 165.46kB)
    Total RW  Size (RW Data + ZI Data)            390064 ( 380.92kB)
    Total ROM Size (Code + RO Data + RW Data)     169524 ( 165.55kB)

==============================================================================

