<html>
<body>
<pre>
<h1>µVision Build Log</h1>
<h2>Tool Versions:</h2>
IDE-Version: ¶ÃVision V5.30.0.0
Copyright (C) 2020 ARM Ltd and ARM Germany GmbH. All rights reserved.
License Information: 1111 1111, 1111, LIC=8VRJ7-EQNM5-9UF4U-SPCK3-RY7SF-SLVIE
 
Tool Versions:
Toolchain:       MDK-ARM Plus  Version: 5.30.0.0
Toolchain Path:  d:\Keil_v5\ARM\ARMCC\Bin
C Compiler:      Armcc.exe V5.06 update 6 (build 750)
Assembler:       Armasm.exe V5.06 update 6 (build 750)
Linker/Locator:  ArmLink.exe V5.06 update 6 (build 750)
Library Manager: ArmAr.exe V5.06 update 6 (build 750)
Hex Converter:   FromElf.exe V5.06 update 6 (build 750)
CPU DLL:         SARMCM3.DLL V5.30.0.0
Dialog DLL:      DCM.DLL V1.17.3.0
Target DLL:      CMSIS_AGDI.dll V1.32.5.0
Dialog DLL:      TCM.DLL V1.42.0.0
 
<h2>Project:</h2>
E:\001\code_history\mqtt-test_with_confirm_v3\mqtt-test_with_confirm_v1\mqtt-test_with_confirm_v0\stm32f4_ucosii_lwip_mqtt-master\USER\Template.uvprojx
Project File Date:  02/01/2021

<h2>Output:</h2>
*** Using Compiler 'V5.06 update 6 (build 750)', folder: 'd:\Keil_v5\ARM\ARMCC\Bin'
Build target 'Template'
compiling main.c...
..\HARDWARE\TIMER\timer.h(35): warning:  #1295-D: Deprecated declaration TIM1_Int_Init - give arg types
  void TIM1_Int_Init();
..\HARDWARE\LED\led.h(21): warning:  #1295-D: Deprecated declaration FAN_Init - give arg types
  void FAN_Init(); //≥ı ºªØ
main.c(129): warning:  #177-D: variable "regist_re_buf"  was declared but never referenced
  	char regist_re_buf[50];
main.c(265): warning:  #177-D: variable "cpu_sr"  was declared but never referenced
  	OS_CPU_SR cpu_sr;
main.c(282): warning:  #177-D: variable "cpu_sr"  was declared but never referenced
  	OS_CPU_SR cpu_sr;
main.c(351): warning:  #177-D: variable "cpu_sr"  was declared but never referenced
  	OS_CPU_SR cpu_sr;
main.c(397): warning:  #177-D: variable "cpu_sr"  was declared but never referenced
  				OS_CPU_SR cpu_sr;
main.c: 7 warnings, 0 errors
linking...
Program Size: Code=120876 RO-data=48560 RW-data=608 ZI-data=389456  
FromELF: creating hex file...
"..\OBJ\Template.axf" - 0 Error(s), 7 Warning(s).

<h2>Software Packages used:</h2>

Package Vendor: Keil
                http://www.keil.com/pack/Keil.STM32F4xx_DFP.2.15.0.pack
                Keil.STM32F4xx_DFP.2.15.0
                STMicroelectronics STM32F4 Series Device Support, Drivers and Examples

<h2>Collection of Component include folders:</h2>
  .\RTE\_Template
  D:\Keil_v5\ARM\PACK\Keil\STM32F4xx_DFP\2.15.0\Drivers\CMSIS\Device\ST\STM32F4xx\Include

<h2>Collection of Component Files used:</h2>
Build Time Elapsed:  00:00:03
</pre>
</body>
</html>
